#
# There is insufficient memory for the Java Runtime Environment to continue.
# Native memory allocation (malloc) failed to allocate 5115992 bytes. Error detail: Chunk::new
# Possible reasons:
#   The system is out of physical RAM or swap space
#   This process is running with CompressedOops enabled, and the Java Heap may be blocking the growth of the native heap
# Possible solutions:
#   Reduce memory load on the system
#   Increase physical memory or swap space
#   Check if swap backing store is full
#   Decrease Java heap size (-Xmx/-Xms)
#   Decrease number of Java threads
#   Decrease Java thread stack sizes (-Xss)
#   Set larger code cache with -XX:ReservedCodeCacheSize=
#   JVM is running with Unscaled Compressed Oops mode in which the Java heap is
#     placed in the first 4GB address space. The Java Heap base address is the
#     maximum limit for the native heap growth. Please use -XX:HeapBaseMinAddress
#     to set the Java Heap base and to place the Java Heap above 4GB virtual address.
# This output file may be truncated or incomplete.
#
#  Out of Memory Error (arena.cpp:186), pid=21840, tid=7144
#
# JRE version: OpenJDK Runtime Environment (25.0.3) (build 25.0.3+-15898627-b508.16)
# Java VM: OpenJDK 64-Bit Server VM (25.0.3+-15898627-b508.16, mixed mode, tiered, compressed oops, compressed class ptrs, g1 gc, windows-amd64)
# No core dump will be written. Minidumps are not enabled by default on client versions of Windows
#

---------------  S U M M A R Y ------------

Command Line: --add-opens=java.base/java.lang=ALL-UNNAMED --add-opens=java.base/java.lang.invoke=ALL-UNNAMED --add-opens=java.base/java.util=ALL-UNNAMED --add-opens=java.prefs/java.util.prefs=ALL-UNNAMED --add-exports=jdk.compiler/com.sun.tools.javac.api=ALL-UNNAMED --add-exports=jdk.compiler/com.sun.tools.javac.util=ALL-UNNAMED --add-opens=java.base/java.nio.charset=ALL-UNNAMED --add-opens=java.base/java.net=ALL-UNNAMED --add-opens=java.base/java.util.concurrent=ALL-UNNAMED --add-opens=java.base/java.util.concurrent.atomic=ALL-UNNAMED --add-opens=java.xml/javax.xml.namespace=ALL-UNNAMED --add-opens=java.base/java.time=ALL-UNNAMED --enable-native-access=ALL-UNNAMED -Xmx2048m -Dfile.encoding=UTF-8 -Duser.country=ZA -Duser.language=en -Duser.variant -javaagent:C:\Users\oreag\.gradle\wrapper\dists\gradle-9.6.0-bin\42k10rwplmzkhuboz9kdazi7s\gradle-9.6.0\lib\agents\gradle-instrumentation-agent-9.6.0.jar org.gradle.launcher.daemon.bootstrap.GradleDaemon 9.6.0

Host: AMD Ryzen 3 3250U with Radeon Graphics         , 4 cores, 3G,  Windows 11 , 64 bit Build 26100 (10.0.26100.9168)
Time: Wed Sep 30 10:08:29 2026 South Africa Standard Time elapsed time: 375.647021 seconds (0d 0h 6m 15s)

---------------  T H R E A D  ---------------

Current thread (0x000002c95b3ba3d0):  JavaThread "C2 CompilerThread0" daemon [_thread_in_native, id=7144, stack(0x000000dc4c600000,0x000000dc4c700000) (1024K)]


Current CompileTask:
C2:375648 7860       4       org.objectweb.asm.MethodWriter::computeAllFrames (510 bytes)

Stack: [0x000000dc4c600000,0x000000dc4c700000]
Native frames: (J=compiled Java code, j=interpreted, Vv=VM code, C=native code)
V  [jvm.dll+0x7bf039]  (no source info available)
V  [jvm.dll+0x78912d]  (no source info available)
V  [jvm.dll+0xa0e615]  (no source info available)
V  [jvm.dll+0xa10c94]  (no source info available)
V  [jvm.dll+0xa11393]  (no source info available)
V  [jvm.dll+0x30a116]  (no source info available)
V  [jvm.dll+0x10eda9]  (no source info available)
V  [jvm.dll+0x10f0d2]  (no source info available)
V  [jvm.dll+0x1a9b77]  (no source info available)
V  [jvm.dll+0x3bf612]  (no source info available)
V  [jvm.dll+0x7c48b7]  (no source info available)
V  [jvm.dll+0x2ce466]  (no source info available)
V  [jvm.dll+0x2cd641]  (no source info available)
V  [jvm.dll+0x24334a]  (no source info available)
V  [jvm.dll+0x2dd025]  (no source info available)
V  [jvm.dll+0x2db226]  (no source info available)
V  [jvm.dll+0x49c12e]  (no source info available)
V  [jvm.dll+0x9ad738]  (no source info available)
V  [jvm.dll+0x7bd585]  (no source info available)
C  [ucrtbase.dll+0x2cd30]  (no source info available)
C  [KERNEL32.DLL+0x2ccb7]  (no source info available)
C  [ntdll.dll+0xaad6c]  (no source info available)

Lock stack of current Java thread (top to bottom):


---------------  P R O C E S S  ---------------

Threads class SMR info:
_java_thread_list=0x000002c962d1d270, length=40, elements={
0x000002c9440bfac0, 0x000002c95b3860a0, 0x000002c95b3a2d50, 0x000002c95b3a4880,
0x000002c95b3b1180, 0x000002c95b3b1d40, 0x000002c95b3b2900, 0x000002c95b3b54d0,
0x000002c95b3ba3d0, 0x000002c95b3c9bd0, 0x000002c960517560, 0x000002c960a04fd0,
0x000002c961d5df30, 0x000002c960cf5030, 0x000002c9617b4760, 0x000002c961ed8de0,
0x000002c9617b2e10, 0x000002c961f1c720, 0x000002c961f1de90, 0x000002c961f21540,
0x000002c961f1f600, 0x000002c961f205a0, 0x000002c9629dc6c0, 0x000002c9629daf50,
0x000002c9629d9fb0, 0x000002c9629dde30, 0x000002c9629e14e0, 0x000002c9629dfd70,
0x000002c9629e0d10, 0x000002c9624a3080, 0x000002c9624a20e0, 0x000002c9624a5790,
0x000002c9624a6730, 0x000002c9624a76d0, 0x000002c9624a4fc0, 0x000002c9624a8670,
0x000002c963005e80, 0x000002c9630056b0, 0x000002c963004710, 0x000002c9630027d0
}

Java Threads: ( => current thread )
  0x000002c9440bfac0 JavaThread "main"                              [_thread_blocked, id=2456, stack(0x000000dc4b700000,0x000000dc4b800000) (1024K)]
  0x000002c95b3860a0 JavaThread "Common-Cleaner"             daemon [_thread_blocked, id=22028, stack(0x000000dc4bf00000,0x000000dc4c000000) (1024K)]
  0x000002c95b3a2d50 JavaThread "Reference Handler"          daemon [_thread_blocked, id=24304, stack(0x000000dc4c000000,0x000000dc4c100000) (1024K)]
  0x000002c95b3a4880 JavaThread "Finalizer"                  daemon [_thread_blocked, id=11360, stack(0x000000dc4c100000,0x000000dc4c200000) (1024K)]
  0x000002c95b3b1180 JavaThread "Signal Dispatcher"          daemon [_thread_blocked, id=17948, stack(0x000000dc4c200000,0x000000dc4c300000) (1024K)]
  0x000002c95b3b1d40 JavaThread "Attach Listener"            daemon [_thread_blocked, id=12380, stack(0x000000dc4c300000,0x000000dc4c400000) (1024K)]
  0x000002c95b3b2900 JavaThread "Service Thread"             daemon [_thread_blocked, id=12212, stack(0x000000dc4c400000,0x000000dc4c500000) (1024K)]
  0x000002c95b3b54d0 JavaThread "Monitor Deflation Thread"   daemon [_thread_blocked, id=20192, stack(0x000000dc4c500000,0x000000dc4c600000) (1024K)]
=>0x000002c95b3ba3d0 JavaThread "C2 CompilerThread0"         daemon [_thread_in_native, id=7144, stack(0x000000dc4c600000,0x000000dc4c700000) (1024K)]
  0x000002c95b3c9bd0 JavaThread "C1 CompilerThread0"         daemon [_thread_blocked, id=22260, stack(0x000000dc4c700000,0x000000dc4c800000) (1024K)]
  0x000002c960517560 JavaThread "Notification Thread"        daemon [_thread_blocked, id=12304, stack(0x000000dc4c800000,0x000000dc4c900000) (1024K)]
  0x000002c960a04fd0 JavaThread "Daemon health stats"               [_thread_blocked, id=13280, stack(0x000000dc4ca00000,0x000000dc4cb00000) (1024K)]
  0x000002c961d5df30 JavaThread "Incoming local TCP Connector on port 63869"        [_thread_in_native, id=6540, stack(0x000000dc4cc00000,0x000000dc4cd00000) (1024K)]
  0x000002c960cf5030 JavaThread "Daemon periodic checks"            [_thread_blocked, id=21588, stack(0x000000dc4cd00000,0x000000dc4ce00000) (1024K)]
  0x000002c9617b4760 JavaThread "Daemon"                            [_thread_blocked, id=22672, stack(0x000000dc4ce00000,0x000000dc4cf00000) (1024K)]
  0x000002c961ed8de0 JavaThread "Handler for socket connection from /127.0.0.1:63869 to /127.0.0.1:63870"        [_thread_in_native, id=11620, stack(0x000000dc4cf00000,0x000000dc4d000000) (1024K)]
  0x000002c9617b2e10 JavaThread "Cancel handler"                    [_thread_blocked, id=24072, stack(0x000000dc4d000000,0x000000dc4d100000) (1024K)]
  0x000002c961f1c720 JavaThread "Daemon worker"                     [_thread_in_native, id=5884, stack(0x000000dc4d100000,0x000000dc4d200000) (1024K)]
  0x000002c961f1de90 JavaThread "Asynchronous log dispatcher for DefaultDaemonConnection: socket connection from /127.0.0.1:63869 to /127.0.0.1:63870"        [_thread_blocked, id=24208, stack(0x000000dc4d200000,0x000000dc4d300000) (1024K)]
  0x000002c961f21540 JavaThread "Stdin handler"                     [_thread_blocked, id=23992, stack(0x000000dc4d300000,0x000000dc4d400000) (1024K)]
  0x000002c961f1f600 JavaThread "Daemon client event forwarder"        [_thread_blocked, id=11160, stack(0x000000dc4d400000,0x000000dc4d500000) (1024K)]
  0x000002c961f205a0 JavaThread "Cache worker for journal cache (C:\Users\oreag\.gradle\caches\journal-1)"        [_thread_blocked, id=20936, stack(0x000000dc4d500000,0x000000dc4d600000) (1024K)]
  0x000002c9629dc6c0 JavaThread "File lock request listener"        [_thread_in_native, id=17400, stack(0x000000dc4d600000,0x000000dc4d700000) (1024K)]
  0x000002c9629daf50 JavaThread "Cache worker for file hash cache (C:\Users\oreag\.gradle\caches\9.6.0\fileHashes)"        [_thread_blocked, id=7216, stack(0x000000dc4d700000,0x000000dc4d800000) (1024K)]
  0x000002c9629d9fb0 JavaThread "Cache worker for file hash cache (C:\Users\oreag\AndroidStudioProjects\SmartPantryManager\.gradle\9.6.0\fileHashes)"        [_thread_blocked, id=23400, stack(0x000000dc4c900000,0x000000dc4ca00000) (1024K)]
  0x000002c9629dde30 JavaThread "Cache worker for Build Output Cleanup Cache (C:\Users\oreag\AndroidStudioProjects\SmartPantryManager\.gradle\buildOutputCleanup)"        [_thread_blocked, id=10508, stack(0x000000dc4cb00000,0x000000dc4cc00000) (1024K)]
  0x000002c9629e14e0 JavaThread "File watcher server"        daemon [_thread_in_native, id=22036, stack(0x000000dc4d800000,0x000000dc4d900000) (1024K)]
  0x000002c9629dfd70 JavaThread "File watcher consumer"      daemon [_thread_blocked, id=11516, stack(0x000000dc4d900000,0x000000dc4da00000) (1024K)]
  0x000002c9629e0d10 JavaThread "jar transforms"                    [_thread_blocked, id=15672, stack(0x000000dc4da00000,0x000000dc4db00000) (1024K)]
  0x000002c9624a3080 JavaThread "jar transforms Thread 2"           [_thread_blocked, id=22664, stack(0x000000dc4db00000,0x000000dc4dc00000) (1024K)]
  0x000002c9624a20e0 JavaThread "jar transforms Thread 3"           [_thread_blocked, id=13080, stack(0x000000dc4dc00000,0x000000dc4dd00000) (1024K)]
  0x000002c9624a5790 JavaThread "jar transforms Thread 4"           [_thread_blocked, id=9972, stack(0x000000dc4dd00000,0x000000dc4de00000) (1024K)]
  0x000002c9624a6730 JavaThread "Cache worker for file content cache (C:\Users\oreag\.gradle\caches\9.6.0\fileContent)"        [_thread_blocked, id=7812, stack(0x000000dc4de00000,0x000000dc4df00000) (1024K)]
  0x000002c9624a76d0 JavaThread "Cache worker for checksums cache (C:\Users\oreag\AndroidStudioProjects\SmartPantryManager\.gradle\9.6.0\checksums)"        [_thread_blocked, id=4040, stack(0x000000dc4df00000,0x000000dc4e000000) (1024K)]
  0x000002c9624a4fc0 JavaThread "Cache worker for cache directory md-supplier (C:\Users\oreag\.gradle\caches\9.6.0\md-supplier)"        [_thread_blocked, id=14520, stack(0x000000dc4e000000,0x000000dc4e100000) (1024K)]
  0x000002c9624a8670 JavaThread "Cache worker for cache directory md-rule (C:\Users\oreag\.gradle\caches\9.6.0\md-rule)"        [_thread_blocked, id=10860, stack(0x000000dc4e100000,0x000000dc4e200000) (1024K)]
  0x000002c963005e80 JavaThread "Build operations"                  [_thread_blocked, id=4144, stack(0x000000dc4e200000,0x000000dc4e300000) (1024K)]
  0x000002c9630056b0 JavaThread "Build operations Thread 2"         [_thread_blocked, id=18232, stack(0x000000dc4e300000,0x000000dc4e400000) (1024K)]
  0x000002c963004710 JavaThread "Build operations Thread 3"         [_thread_blocked, id=11784, stack(0x000000dc4e400000,0x000000dc4e500000) (1024K)]
  0x000002c9630027d0 JavaThread "Build operations Thread 4"         [_thread_blocked, id=23348, stack(0x000000dc4e500000,0x000000dc4e600000) (1024K)]
Total: 40

Other Threads:
  0x000002c95b35e1f0 VMThread "VM Thread"                           [id=11740, stack(0x000000dc4be00000,0x000000dc4bf00000) (1024K)]
  0x000002c95b32da20 WatcherThread "VM Periodic Task Thread"        [id=24532, stack(0x000000dc4bd00000,0x000000dc4be00000) (1024K)]
  0x000002c94411c800 WorkerThread "GC Thread#0"                     [id=7712, stack(0x000000dc4b800000,0x000000dc4b900000) (1024K)]
  0x000002c960933200 WorkerThread "GC Thread#1"                     [id=18692, stack(0x000000dc4b400000,0x000000dc4b500000) (1024K)]
  0x000002c95b6a0350 WorkerThread "GC Thread#2"                     [id=17780, stack(0x000000dc4b500000,0x000000dc4b600000) (1024K)]
  0x000002c960674320 WorkerThread "GC Thread#3"                     [id=13044, stack(0x000000dc4b600000,0x000000dc4b700000) (1024K)]
  0x000002c9441358d0 ConcurrentGCThread "G1 Main Marker"            [id=24136, stack(0x000000dc4b900000,0x000000dc4ba00000) (1024K)]
  0x000002c9441372b0 WorkerThread "G1 Conc#0"                       [id=14448, stack(0x000000dc4ba00000,0x000000dc4bb00000) (1024K)]
  0x000002c94415bf80 ConcurrentGCThread "G1 Refine#0"               [id=18900, stack(0x000000dc4bb00000,0x000000dc4bc00000) (1024K)]
  0x000002c94415f8e0 ConcurrentGCThread "G1 Service"                [id=13056, stack(0x000000dc4bc00000,0x000000dc4bd00000) (1024K)]
Total: 10

Threads with active compile tasks:
C2 CompilerThread0  376073 7860       4       org.objectweb.asm.MethodWriter::computeAllFrames (510 bytes)
Total: 1

VM state: not at safepoint (normal execution)

VM Mutex/Monitor currently owned by a thread: None

Heap address: 0x0000000080000000, size: 2048 MB, Compressed Oops mode: 32-bit

CDS archive(s) not mapped
Compressed class space mapped at: 0x000000000c000000-0x000000004c000000, reserved size: 1073741824
UseCompressedClassPointers 1, UseCompactObjectHeaders 0
Narrow klass pointer bits 32, Max shift 3
Narrow klass base: 0x0000000000000000, Narrow klass shift: 0
Encoding Range: [0x0000000000000000 - 0x0000000100000000), (4294967296 bytes)
Klass Range:    [0x000000000c000000 - 0x000000004c000000), (1073741824 bytes)
Klass ID Range:  [201326592 - 1275068409) (1073741817)
No protection zone.

GC Precious Log:
 CardTable entry size: 512
 Card Set container configuration: InlinePtr #cards 5 size 8 Array Of Cards #cards 10 size 36 Howl #buckets 4 coarsen threshold 1843 Howl Bitmap #cards 512 size 80 coarsen threshold 460 Card regions per heap region 1 cards per card region 2048
 CPUs: 4 total, 4 available
 Memory: 3503M
 Large Page Support: Disabled
 NUMA Support: Disabled
 Compressed Oops: Enabled (32-bit)
 Heap Region Size: 1M
 Heap Min Capacity: 8M
 Heap Initial Capacity: 56M
 Heap Max Capacity: 2G
 Pre-touch: Disabled
 Parallel Workers: 4
 Concurrent Workers: 1
 Concurrent Refinement Workers: 4
 Periodic GC: Disabled

Heap:
 garbage-first heap   total reserved 2097152K, committed 124928K, used 82558K [0x0000000080000000, 0x0000000100000000)
  region size 1024K, 14 young (14336K), 4 survivors (4096K)

Heap Regions: E=young(eden), S=young(survivor), O=old, HS=humongous(starts), HC=humongous(continues), CS=collection set, F=free, TAMS=top-at-mark-start, PB=parsable bottom
|   0|0x0000000080000000, 0x0000000080100000, 0x0000000080100000|100%|HS|  |TAMS 0x0000000080000000| PB 0x0000000080000000| Complete |  0
|   1|0x0000000080100000, 0x0000000080200000, 0x0000000080200000|100%|HC|  |TAMS 0x0000000080100000| PB 0x0000000080100000| Complete |  0
|   2|0x0000000080200000, 0x0000000080300000, 0x0000000080300000|100%|HC|  |TAMS 0x0000000080200000| PB 0x0000000080200000| Complete |  0
|   3|0x0000000080300000, 0x0000000080400000, 0x0000000080400000|100%|HC|  |TAMS 0x0000000080300000| PB 0x0000000080300000| Complete |  0
|   4|0x0000000080400000, 0x0000000080500000, 0x0000000080500000|100%| O|  |TAMS 0x0000000080400000| PB 0x0000000080400000| Untracked |  0
|   5|0x0000000080500000, 0x0000000080600000, 0x0000000080600000|100%| O|  |TAMS 0x0000000080500000| PB 0x0000000080500000| Untracked |  0
|   6|0x0000000080600000, 0x0000000080700000, 0x0000000080700000|100%| O|  |TAMS 0x0000000080600000| PB 0x0000000080600000| Untracked |  0
|   7|0x0000000080700000, 0x0000000080800000, 0x0000000080800000|100%| O|  |TAMS 0x0000000080700000| PB 0x0000000080700000| Untracked |  0
|   8|0x0000000080800000, 0x0000000080900000, 0x0000000080900000|100%| O|  |TAMS 0x0000000080800000| PB 0x0000000080800000| Untracked |  0
|   9|0x0000000080900000, 0x0000000080a00000, 0x0000000080a00000|100%| O|  |TAMS 0x0000000080900000| PB 0x0000000080900000| Untracked |  0
|  10|0x0000000080a00000, 0x0000000080b00000, 0x0000000080b00000|100%| O|  |TAMS 0x0000000080a00000| PB 0x0000000080a00000| Untracked |  0
|  11|0x0000000080b00000, 0x0000000080c00000, 0x0000000080c00000|100%| O|  |TAMS 0x0000000080b00000| PB 0x0000000080b00000| Untracked |  0
|  12|0x0000000080c00000, 0x0000000080d00000, 0x0000000080d00000|100%|HS|  |TAMS 0x0000000080c00000| PB 0x0000000080c00000| Complete |  0
|  13|0x0000000080d00000, 0x0000000080e00000, 0x0000000080e00000|100%| O|  |TAMS 0x0000000080d00000| PB 0x0000000080d00000| Untracked |  0
|  14|0x0000000080e00000, 0x0000000080f00000, 0x0000000080f00000|100%| O|  |TAMS 0x0000000080e00000| PB 0x0000000080e00000| Untracked |  0
|  15|0x0000000080f00000, 0x0000000081000000, 0x0000000081000000|100%| O|  |TAMS 0x0000000080f00000| PB 0x0000000080f00000| Untracked |  0
|  16|0x0000000081000000, 0x0000000081100000, 0x0000000081100000|100%| O|  |TAMS 0x0000000081000000| PB 0x0000000081000000| Untracked |  0
|  17|0x0000000081100000, 0x0000000081200000, 0x0000000081200000|100%| O|  |TAMS 0x0000000081100000| PB 0x0000000081100000| Untracked |  0
|  18|0x0000000081200000, 0x0000000081300000, 0x0000000081300000|100%| O|  |TAMS 0x0000000081200000| PB 0x0000000081200000| Untracked |  0
|  19|0x0000000081300000, 0x0000000081400000, 0x0000000081400000|100%| O|  |TAMS 0x0000000081300000| PB 0x0000000081300000| Untracked |  0
|  20|0x0000000081400000, 0x0000000081500000, 0x0000000081500000|100%| O|  |TAMS 0x0000000081400000| PB 0x0000000081400000| Untracked |  0
|  21|0x0000000081500000, 0x0000000081600000, 0x0000000081600000|100%| O|  |TAMS 0x0000000081500000| PB 0x0000000081500000| Untracked |  0
|  22|0x0000000081600000, 0x0000000081700000, 0x0000000081700000|100%| O|  |TAMS 0x0000000081600000| PB 0x0000000081600000| Untracked |  0
|  23|0x0000000081700000, 0x0000000081800000, 0x0000000081800000|100%| O|  |TAMS 0x0000000081700000| PB 0x0000000081700000| Untracked |  0
|  24|0x0000000081800000, 0x0000000081900000, 0x0000000081900000|100%| O|  |TAMS 0x0000000081800000| PB 0x0000000081800000| Untracked |  0
|  25|0x0000000081900000, 0x0000000081a00000, 0x0000000081a00000|100%|HS|  |TAMS 0x0000000081900000| PB 0x0000000081900000| Complete |  0
|  26|0x0000000081a00000, 0x0000000081b00000, 0x0000000081b00000|100%|HS|  |TAMS 0x0000000081a00000| PB 0x0000000081a00000| Complete |  0
|  27|0x0000000081b00000, 0x0000000081c00000, 0x0000000081c00000|100%|HS|  |TAMS 0x0000000081b00000| PB 0x0000000081b00000| Complete |  0
|  28|0x0000000081c00000, 0x0000000081d00000, 0x0000000081d00000|100%|HS|  |TAMS 0x0000000081c00000| PB 0x0000000081c00000| Complete |  0
|  29|0x0000000081d00000, 0x0000000081e00000, 0x0000000081e00000|100%| O|  |TAMS 0x0000000081d00000| PB 0x0000000081d00000| Untracked |  0
|  30|0x0000000081e00000, 0x0000000081f00000, 0x0000000081f00000|100%| O|  |TAMS 0x0000000081e00000| PB 0x0000000081e00000| Untracked |  0
|  31|0x0000000081f00000, 0x0000000082000000, 0x0000000082000000|100%| O|  |TAMS 0x0000000081f00000| PB 0x0000000081f00000| Untracked |  0
|  32|0x0000000082000000, 0x0000000082100000, 0x0000000082100000|100%| O|  |TAMS 0x0000000082000000| PB 0x0000000082000000| Untracked |  0
|  33|0x0000000082100000, 0x0000000082200000, 0x0000000082200000|100%| O|  |TAMS 0x0000000082100000| PB 0x0000000082100000| Untracked |  0
|  34|0x0000000082200000, 0x0000000082300000, 0x0000000082300000|100%|HS|  |TAMS 0x0000000082200000| PB 0x0000000082200000| Complete |  0
|  35|0x0000000082300000, 0x0000000082400000, 0x0000000082400000|100%|HC|  |TAMS 0x0000000082300000| PB 0x0000000082300000| Complete |  0
|  36|0x0000000082400000, 0x0000000082500000, 0x0000000082500000|100%|HC|  |TAMS 0x0000000082400000| PB 0x0000000082400000| Complete |  0
|  37|0x0000000082500000, 0x0000000082600000, 0x0000000082600000|100%|HC|  |TAMS 0x0000000082500000| PB 0x0000000082500000| Complete |  0
|  38|0x0000000082600000, 0x0000000082700000, 0x0000000082700000|100%|HC|  |TAMS 0x0000000082600000| PB 0x0000000082600000| Complete |  0
|  39|0x0000000082700000, 0x0000000082800000, 0x0000000082800000|100%|HC|  |TAMS 0x0000000082700000| PB 0x0000000082700000| Complete |  0
|  40|0x0000000082800000, 0x0000000082900000, 0x0000000082900000|100%| O|  |TAMS 0x0000000082800000| PB 0x0000000082800000| Untracked |  0
|  41|0x0000000082900000, 0x0000000082a00000, 0x0000000082a00000|100%| O|  |TAMS 0x0000000082900000| PB 0x0000000082900000| Untracked |  0
|  42|0x0000000082a00000, 0x0000000082b00000, 0x0000000082b00000|100%| O|  |TAMS 0x0000000082a00000| PB 0x0000000082a00000| Untracked |  0
|  43|0x0000000082b00000, 0x0000000082c00000, 0x0000000082c00000|100%| O|  |TAMS 0x0000000082b00000| PB 0x0000000082b00000| Untracked |  0
|  44|0x0000000082c00000, 0x0000000082d00000, 0x0000000082d00000|100%| O|  |TAMS 0x0000000082c00000| PB 0x0000000082c00000| Untracked |  0
|  45|0x0000000082d00000, 0x0000000082e00000, 0x0000000082e00000|100%| O|  |TAMS 0x0000000082d00000| PB 0x0000000082d00000| Untracked |  0
|  46|0x0000000082e00000, 0x0000000082f00000, 0x0000000082f00000|100%| O|  |TAMS 0x0000000082e00000| PB 0x0000000082e00000| Untracked |  0
|  47|0x0000000082f00000, 0x0000000083000000, 0x0000000083000000|100%| O|  |TAMS 0x0000000082f00000| PB 0x0000000082f00000| Untracked |  0
|  48|0x0000000083000000, 0x0000000083100000, 0x0000000083100000|100%| O|  |TAMS 0x0000000083000000| PB 0x0000000083000000| Untracked |  0
|  49|0x0000000083100000, 0x0000000083200000, 0x0000000083200000|100%| O|  |TAMS 0x0000000083100000| PB 0x0000000083100000| Untracked |  0
|  50|0x0000000083200000, 0x0000000083300000, 0x0000000083300000|100%| O|  |TAMS 0x0000000083200000| PB 0x0000000083200000| Untracked |  0
|  51|0x0000000083300000, 0x0000000083400000, 0x0000000083400000|100%| O|  |TAMS 0x0000000083300000| PB 0x0000000083300000| Untracked |  0
|  52|0x0000000083400000, 0x0000000083500000, 0x0000000083500000|100%| O|Cm|TAMS 0x0000000083400000| PB 0x0000000083400000| Complete |  0
|  53|0x0000000083500000, 0x0000000083600000, 0x0000000083600000|100%| O|  |TAMS 0x0000000083500000| PB 0x0000000083500000| Untracked |  0
|  54|0x0000000083600000, 0x0000000083700000, 0x0000000083700000|100%| O|Cm|TAMS 0x0000000083600000| PB 0x0000000083600000| Complete |  0
|  55|0x0000000083700000, 0x0000000083800000, 0x0000000083800000|100%| O|  |TAMS 0x0000000083700000| PB 0x0000000083700000| Untracked |  0
|  56|0x0000000083800000, 0x0000000083900000, 0x0000000083900000|100%|HS|  |TAMS 0x0000000083800000| PB 0x0000000083800000| Complete |  0
|  57|0x0000000083900000, 0x0000000083a00000, 0x0000000083a00000|100%|HC|  |TAMS 0x0000000083900000| PB 0x0000000083900000| Complete |  0
|  58|0x0000000083a00000, 0x0000000083b00000, 0x0000000083b00000|100%|HC|  |TAMS 0x0000000083a00000| PB 0x0000000083a00000| Complete |  0
|  59|0x0000000083b00000, 0x0000000083c00000, 0x0000000083c00000|100%|HC|  |TAMS 0x0000000083b00000| PB 0x0000000083b00000| Complete |  0
|  60|0x0000000083c00000, 0x0000000083d00000, 0x0000000083d00000|100%|HC|  |TAMS 0x0000000083c00000| PB 0x0000000083c00000| Complete |  0
|  61|0x0000000083d00000, 0x0000000083e00000, 0x0000000083e00000|100%|HC|  |TAMS 0x0000000083d00000| PB 0x0000000083d00000| Complete |  0
|  62|0x0000000083e00000, 0x0000000083e4a508, 0x0000000083f00000| 29%| O|  |TAMS 0x0000000083e00000| PB 0x0000000083e00000| Untracked |  0
|  63|0x0000000083f00000, 0x0000000083f554c0, 0x0000000084000000| 33%| S|CS|TAMS 0x0000000083f00000| PB 0x0000000083f00000| Complete |  0
|  64|0x0000000084000000, 0x0000000084100000, 0x0000000084100000|100%| S|CS|TAMS 0x0000000084000000| PB 0x0000000084000000| Complete |  0
|  65|0x0000000084100000, 0x0000000084200000, 0x0000000084200000|100%| S|CS|TAMS 0x0000000084100000| PB 0x0000000084100000| Complete |  0
|  66|0x0000000084200000, 0x0000000084300000, 0x0000000084300000|100%| S|CS|TAMS 0x0000000084200000| PB 0x0000000084200000| Complete |  0
|  67|0x0000000084300000, 0x0000000084300000, 0x0000000084400000|  0%| F|  |TAMS 0x0000000084300000| PB 0x0000000084300000| Untracked |  0
|  68|0x0000000084400000, 0x0000000084400000, 0x0000000084500000|  0%| F|  |TAMS 0x0000000084400000| PB 0x0000000084400000| Untracked |  0
|  69|0x0000000084500000, 0x0000000084500000, 0x0000000084600000|  0%| F|  |TAMS 0x0000000084500000| PB 0x0000000084500000| Untracked |  0
|  70|0x0000000084600000, 0x0000000084600000, 0x0000000084700000|  0%| F|  |TAMS 0x0000000084600000| PB 0x0000000084600000| Untracked |  0
|  71|0x0000000084700000, 0x0000000084700000, 0x0000000084800000|  0%| F|  |TAMS 0x0000000084700000| PB 0x0000000084700000| Untracked |  0
|  72|0x0000000084800000, 0x0000000084800000, 0x0000000084900000|  0%| F|  |TAMS 0x0000000084800000| PB 0x0000000084800000| Untracked |  0
|  73|0x0000000084900000, 0x0000000084900000, 0x0000000084a00000|  0%| F|  |TAMS 0x0000000084900000| PB 0x0000000084900000| Untracked |  0
|  74|0x0000000084a00000, 0x0000000084a00000, 0x0000000084b00000|  0%| F|  |TAMS 0x0000000084a00000| PB 0x0000000084a00000| Untracked |  0
|  75|0x0000000084b00000, 0x0000000084b00000, 0x0000000084c00000|  0%| F|  |TAMS 0x0000000084b00000| PB 0x0000000084b00000| Untracked |  0
|  76|0x0000000084c00000, 0x0000000084c00000, 0x0000000084d00000|  0%| F|  |TAMS 0x0000000084c00000| PB 0x0000000084c00000| Untracked |  0
|  77|0x0000000084d00000, 0x0000000084d00000, 0x0000000084e00000|  0%| F|  |TAMS 0x0000000084d00000| PB 0x0000000084d00000| Untracked |  0
|  78|0x0000000084e00000, 0x0000000084e00000, 0x0000000084f00000|  0%| F|  |TAMS 0x0000000084e00000| PB 0x0000000084e00000| Untracked |  0
|  79|0x0000000084f00000, 0x0000000084f00000, 0x0000000085000000|  0%| F|  |TAMS 0x0000000084f00000| PB 0x0000000084f00000| Untracked |  0
|  80|0x0000000085000000, 0x0000000085000000, 0x0000000085100000|  0%| F|  |TAMS 0x0000000085000000| PB 0x0000000085000000| Untracked |  0
|  81|0x0000000085100000, 0x0000000085100000, 0x0000000085200000|  0%| F|  |TAMS 0x0000000085100000| PB 0x0000000085100000| Untracked |  0
|  82|0x0000000085200000, 0x0000000085200000, 0x0000000085300000|  0%| F|  |TAMS 0x0000000085200000| PB 0x0000000085200000| Untracked |  0
|  83|0x0000000085300000, 0x0000000085300000, 0x0000000085400000|  0%| F|  |TAMS 0x0000000085300000| PB 0x0000000085300000| Untracked |  0
|  84|0x0000000085400000, 0x0000000085400000, 0x0000000085500000|  0%| F|  |TAMS 0x0000000085400000| PB 0x0000000085400000| Untracked |  0
|  85|0x0000000085500000, 0x0000000085500000, 0x0000000085600000|  0%| F|  |TAMS 0x0000000085500000| PB 0x0000000085500000| Untracked |  0
|  86|0x0000000085600000, 0x0000000085600000, 0x0000000085700000|  0%| F|  |TAMS 0x0000000085600000| PB 0x0000000085600000| Untracked |  0
|  87|0x0000000085700000, 0x0000000085700000, 0x0000000085800000|  0%| F|  |TAMS 0x0000000085700000| PB 0x0000000085700000| Untracked |  0
|  88|0x0000000085800000, 0x0000000085800000, 0x0000000085900000|  0%| F|  |TAMS 0x0000000085800000| PB 0x0000000085800000| Untracked |  0
|  89|0x0000000085900000, 0x0000000085900000, 0x0000000085a00000|  0%| F|  |TAMS 0x0000000085900000| PB 0x0000000085900000| Untracked |  0
|  90|0x0000000085a00000, 0x0000000085a00000, 0x0000000085b00000|  0%| F|  |TAMS 0x0000000085a00000| PB 0x0000000085a00000| Untracked |  0
|  91|0x0000000085b00000, 0x0000000085b00000, 0x0000000085c00000|  0%| F|  |TAMS 0x0000000085b00000| PB 0x0000000085b00000| Untracked |  0
|  92|0x0000000085c00000, 0x0000000085c00000, 0x0000000085d00000|  0%| F|  |TAMS 0x0000000085c00000| PB 0x0000000085c00000| Untracked |  0
|  93|0x0000000085d00000, 0x0000000085d00000, 0x0000000085e00000|  0%| F|  |TAMS 0x0000000085d00000| PB 0x0000000085d00000| Untracked |  0
|  94|0x0000000085e00000, 0x0000000085e00000, 0x0000000085f00000|  0%| F|  |TAMS 0x0000000085e00000| PB 0x0000000085e00000| Untracked |  0
|  95|0x0000000085f00000, 0x0000000085f00000, 0x0000000086000000|  0%| F|  |TAMS 0x0000000085f00000| PB 0x0000000085f00000| Untracked |  0
|  96|0x0000000086000000, 0x0000000086000000, 0x0000000086100000|  0%| F|  |TAMS 0x0000000086000000| PB 0x0000000086000000| Untracked |  0
|  97|0x0000000086100000, 0x0000000086100000, 0x0000000086200000|  0%| F|  |TAMS 0x0000000086100000| PB 0x0000000086100000| Untracked |  0
|  98|0x0000000086200000, 0x0000000086200000, 0x0000000086300000|  0%| F|  |TAMS 0x0000000086200000| PB 0x0000000086200000| Untracked |  0
|  99|0x0000000086300000, 0x0000000086300000, 0x0000000086400000|  0%| F|  |TAMS 0x0000000086300000| PB 0x0000000086300000| Untracked |  0
| 100|0x0000000086400000, 0x0000000086400000, 0x0000000086500000|  0%| F|  |TAMS 0x0000000086400000| PB 0x0000000086400000| Untracked |  0
| 101|0x0000000086500000, 0x0000000086500000, 0x0000000086600000|  0%| F|  |TAMS 0x0000000086500000| PB 0x0000000086500000| Untracked |  0
| 102|0x0000000086600000, 0x0000000086600000, 0x0000000086700000|  0%| F|  |TAMS 0x0000000086600000| PB 0x0000000086600000| Untracked |  0
| 103|0x0000000086700000, 0x0000000086700000, 0x0000000086800000|  0%| F|  |TAMS 0x0000000086700000| PB 0x0000000086700000| Untracked |  0
| 104|0x0000000086800000, 0x0000000086900000, 0x0000000086900000|100%| E|CS|TAMS 0x0000000086800000| PB 0x0000000086800000| Complete |  0
| 105|0x0000000086900000, 0x0000000086900000, 0x0000000086a00000|  0%| F|  |TAMS 0x0000000086900000| PB 0x0000000086900000| Untracked |  0
| 106|0x0000000086a00000, 0x0000000086a00000, 0x0000000086b00000|  0%| F|  |TAMS 0x0000000086a00000| PB 0x0000000086a00000| Untracked |  0
| 107|0x0000000086b00000, 0x0000000086b04588, 0x0000000086c00000|  1%| E|  |TAMS 0x0000000086b00000| PB 0x0000000086b00000| Complete |  0
| 108|0x0000000086c00000, 0x0000000086d00000, 0x0000000086d00000|100%| E|CS|TAMS 0x0000000086c00000| PB 0x0000000086c00000| Complete |  0
| 109|0x0000000086d00000, 0x0000000086e00000, 0x0000000086e00000|100%| E|CS|TAMS 0x0000000086d00000| PB 0x0000000086d00000| Complete |  0
| 110|0x0000000086e00000, 0x0000000086f00000, 0x0000000086f00000|100%| E|CS|TAMS 0x0000000086e00000| PB 0x0000000086e00000| Complete |  0
| 111|0x0000000086f00000, 0x0000000087000000, 0x0000000087000000|100%| E|CS|TAMS 0x0000000086f00000| PB 0x0000000086f00000| Complete |  0
| 112|0x0000000087000000, 0x0000000087100000, 0x0000000087100000|100%| E|CS|TAMS 0x0000000087000000| PB 0x0000000087000000| Complete |  0
| 113|0x0000000087100000, 0x0000000087200000, 0x0000000087200000|100%| E|CS|TAMS 0x0000000087100000| PB 0x0000000087100000| Complete |  0
| 114|0x0000000087200000, 0x0000000087300000, 0x0000000087300000|100%| E|CS|TAMS 0x0000000087200000| PB 0x0000000087200000| Complete |  0
|2041|0x00000000ff900000, 0x00000000ffa00000, 0x00000000ffa00000|100%| O|  |TAMS 0x00000000ff900000| PB 0x00000000ff900000| Untracked |  0
|2042|0x00000000ffa00000, 0x00000000ffb00000, 0x00000000ffb00000|100%| O|  |TAMS 0x00000000ffa00000| PB 0x00000000ffa00000| Untracked |  0
|2043|0x00000000ffb00000, 0x00000000ffc00000, 0x00000000ffc00000|100%| E|CS|TAMS 0x00000000ffb00000| PB 0x00000000ffb00000| Complete |  0
|2044|0x00000000ffc00000, 0x00000000ffd00000, 0x00000000ffd00000|100%| O|  |TAMS 0x00000000ffc00000| PB 0x00000000ffc00000| Untracked |  0
|2045|0x00000000ffd00000, 0x00000000ffe00000, 0x00000000ffe00000|100%| O|  |TAMS 0x00000000ffd00000| PB 0x00000000ffd00000| Untracked |  0
|2046|0x00000000ffe00000, 0x00000000fff00000, 0x00000000fff00000|100%| O|  |TAMS 0x00000000ffe00000| PB 0x00000000ffe00000| Untracked |  0
|2047|0x00000000fff00000, 0x0000000100000000, 0x0000000100000000|100%| O|  |TAMS 0x00000000fff00000| PB 0x00000000fff00000| Untracked |  0

Card table byte_map: [0x000002c9569d0000,0x000002c956dd0000] _byte_map_base: 0x000002c9565d0000

Marking Bits: (CMBitMap*) 0x000002c94411cf90
 Bits: [0x000002c956dd0000, 0x000002c958dd0000)

Polling page: 0x000002c941ee0000

Metaspace:
Metaspace        used 78590K, committed 80448K, reserved 1179648K
 class space     used 11658K, committed 12544K, reserved 1048576K

Usage:
  Non-class:     65.36 MB used.
      Class:     11.39 MB used.
       Both:     76.75 MB used.

Virtual space:
  Non-class space:      128.00 MB reserved,      66.31 MB ( 52%) committed,  2 nodes.
      Class space:        1.00 GB reserved,      12.25 MB (  1%) committed,  1 nodes.
             Both:        1.12 GB reserved,      78.56 MB (  7%) committed. 

Chunk freelists:
   Non-Class:  13.50 MB
       Class:  3.80 MB
        Both:  17.30 MB

MaxMetaspaceSize: unlimited
CompressedClassSpaceSize: 1.00 GB
Initial GC threshold: 21.00 MB
Current GC threshold: 129.62 MB
CDS: off
 - commit_granule_bytes: 65536.
 - commit_granule_words: 8192.
 - virtual_space_node_default_size: 8388608.
 - enlarge_chunks_in_place: 1.
UseCompressedClassPointers 1, UseCompactObjectHeaders 0
Narrow klass pointer bits 32, Max shift 3
Narrow klass base: 0x0000000000000000, Narrow klass shift: 0
Encoding Range: [0x0000000000000000 - 0x0000000100000000), (4294967296 bytes)
Klass Range:    [0x000000000c000000 - 0x000000004c000000), (1073741824 bytes)
Klass ID Range:  [201326592 - 1275068409) (1073741817)
No protection zone.


Internal statistics:

num_allocs_failed_limit: 6.
num_arena_births: 3506.
num_arena_deaths: 0.
num_vsnodes_births: 3.
num_vsnodes_deaths: 0.
num_space_committed: 1257.
num_space_uncommitted: 0.
num_chunks_returned_to_freelist: 6.
num_chunks_taken_from_freelist: 6481.
num_chunk_merges: 6.
num_chunk_splits: 4261.
num_chunks_enlarged: 2743.
num_inconsistent_stats: 0.

CodeHeap 'non-profiled nmethods': size=120064Kb used=2937Kb max_used=2982Kb free=117126Kb
 bounds [0x000002c94f090000, 0x000002c94f380000, 0x000002c9565d0000]
CodeHeap 'profiled nmethods': size=120064Kb used=9657Kb max_used=9830Kb free=110407Kb
 bounds [0x000002c9475b0000, 0x000002c947f50000, 0x000002c94eaf0000]
CodeHeap 'non-nmethods': size=5760Kb used=2015Kb max_used=2184Kb free=3744Kb
 bounds [0x000002c94eaf0000, 0x000002c94ed60000, 0x000002c94f090000]
CodeCache: size=245888Kb, used=14609Kb, max_used=14996Kb, free=231277Kb
 total_blobs=7575, nmethods=6696, adapters=780, full_count=0
Compilation: enabled, stopped_count=0, restarted_count=0

Compilation events (20 events):
Event: 374.739 Thread 0x000002c95b3c9bd0 nmethod 7856 0x000002c947861308 code [0x000002c947861400, 0x000002c947861760]
Event: 374.742 Thread 0x000002c95b3c9bd0 7857       3       org.gradle.internal.instantiation.generator.AbstractClassGenerator::assembleProperties (239 bytes)
Event: 374.746 Thread 0x000002c95b3c9bd0 nmethod 7857 0x000002c947a9d908 code [0x000002c947a9da00, 0x000002c947aa0440]
Event: 374.746 Thread 0x000002c95b3ba3d0 7858       4       java.util.stream.MatchOps::makeRef (29 bytes)
Event: 374.751 Thread 0x000002c95b3ba3d0 nmethod 7858 0x000002c94f2ee288 code [0x000002c94f2ee380, 0x000002c94f2ee898]
Event: 374.753 Thread 0x000002c95b3c9bd0 7859       3       java.lang.reflect.Method::hashCode (35 bytes)
Event: 374.754 Thread 0x000002c95b3c9bd0 nmethod 7859 0x000002c94760bd88 code [0x000002c94760be80, 0x000002c94760c390]
Event: 374.757 Thread 0x000002c95b3ba3d0 7860       4       org.objectweb.asm.MethodWriter::computeAllFrames (510 bytes)
Event: 374.758 Thread 0x000002c95b3c9bd0 7861       3       org.gradle.internal.instantiation.generator.AsmBackedClassGenerator$ClassBuilderImpl$$Lambda/0x000000000c347158::<init> (50 bytes)
Event: 374.759 Thread 0x000002c95b3c9bd0 nmethod 7861 0x000002c947709788 code [0x000002c947709880, 0x000002c947709c30]
Event: 374.767 Thread 0x000002c95b3c9bd0 7863       3       org.gradle.internal.instantiation.generator.AsmBackedClassGenerator$ClassBuilderImpl$35::<init> (403 bytes)
Event: 374.774 Thread 0x000002c95b3c9bd0 nmethod 7863 0x000002c947f49b88 code [0x000002c947f49c80, 0x000002c947f4f068]
Event: 374.775 Thread 0x000002c95b3c9bd0 7864       3       com.google.common.collect.AbstractMapBasedMultimap$WrappedCollection$WrappedIterator::hasNext (14 bytes)
Event: 374.775 Thread 0x000002c95b3c9bd0 nmethod 7864 0x000002c947906388 code [0x000002c947906480, 0x000002c947906878]
Event: 374.775 Thread 0x000002c95b3c9bd0 7865       3       org.objectweb.asm.AnnotationWriter::visitEnd (44 bytes)
Event: 374.777 Thread 0x000002c95b3c9bd0 nmethod 7865 0x000002c947873888 code [0x000002c947873980, 0x000002c947873b18]
Event: 374.777 Thread 0x000002c95b3c9bd0 7866       3       jdk.internal.classfile.impl.ClassImpl::<init> (228 bytes)
Event: 374.779 Thread 0x000002c95b3c9bd0 nmethod 7866 0x000002c947671208 code [0x000002c947671300, 0x000002c947672518]
Event: 375.620 Thread 0x000002c95b3c9bd0 7867       3       jdk.internal.loader.ClassLoaders::bootLoader (4 bytes)
Event: 375.620 Thread 0x000002c95b3c9bd0 nmethod 7867 0x000002c9478bf188 code [0x000002c9478bf280, 0x000002c9478bf370]

GC Heap Usage History (20 events):
Event: 250.886 {heap Before GC invocations=18 (full 0):
 garbage-first heap   total reserved 2097152K, committed 92160K, used 80702K [0x0000000080000000, 0x0000000100000000)
  region size 1024K, 30 young (30720K), 3 survivors (3072K)
}
Event: 250.949 {heap After GC invocations=19 (full 0):
 garbage-first heap   total reserved 2097152K, committed 92160K, used 56988K [0x0000000080000000, 0x0000000100000000)
  region size 1024K, 4 young (4096K), 4 survivors (4096K)
}
Event: 263.759 {heap Before GC invocations=20 (full 0):
 garbage-first heap   total reserved 2097152K, committed 96256K, used 83612K [0x0000000080000000, 0x0000000100000000)
  region size 1024K, 30 young (30720K), 4 survivors (4096K)
}
Event: 264.150 {heap After GC invocations=21 (full 0):
 garbage-first heap   total reserved 2097152K, committed 96256K, used 59125K [0x0000000080000000, 0x0000000100000000)
  region size 1024K, 2 young (2048K), 2 survivors (2048K)
}
Event: 273.813 {heap Before GC invocations=21 (full 0):
 garbage-first heap   total reserved 2097152K, committed 96256K, used 87797K [0x0000000080000000, 0x0000000100000000)
  region size 1024K, 30 young (30720K), 2 survivors (2048K)
}
Event: 274.344 {heap After GC invocations=22 (full 0):
 garbage-first heap   total reserved 2097152K, committed 96256K, used 60176K [0x0000000080000000, 0x0000000100000000)
  region size 1024K, 3 young (3072K), 3 survivors (3072K)
}
Event: 285.267 {heap Before GC invocations=22 (full 0):
 garbage-first heap   total reserved 2097152K, committed 96256K, used 78608K [0x0000000080000000, 0x0000000100000000)
  region size 1024K, 22 young (22528K), 3 survivors (3072K)
}
Event: 285.306 {heap After GC invocations=23 (full 0):
 garbage-first heap   total reserved 2097152K, committed 96256K, used 62401K [0x0000000080000000, 0x0000000100000000)
  region size 1024K, 3 young (3072K), 3 survivors (3072K)
}
Event: 305.882 {heap Before GC invocations=24 (full 0):
 garbage-first heap   total reserved 2097152K, committed 104448K, used 88001K [0x0000000080000000, 0x0000000100000000)
  region size 1024K, 29 young (29696K), 3 survivors (3072K)
}
Event: 306.123 {heap After GC invocations=25 (full 0):
 garbage-first heap   total reserved 2097152K, committed 104448K, used 65903K [0x0000000080000000, 0x0000000100000000)
  region size 1024K, 4 young (4096K), 4 survivors (4096K)
}
Event: 307.131 {heap Before GC invocations=25 (full 0):
 garbage-first heap   total reserved 2097152K, committed 104448K, used 79215K [0x0000000080000000, 0x0000000100000000)
  region size 1024K, 17 young (17408K), 4 survivors (4096K)
}
Event: 307.149 {heap After GC invocations=26 (full 0):
 garbage-first heap   total reserved 2097152K, committed 104448K, used 65772K [0x0000000080000000, 0x0000000100000000)
  region size 1024K, 1 young (1024K), 1 survivors (1024K)
}
Event: 322.677 {heap Before GC invocations=26 (full 0):
 garbage-first heap   total reserved 2097152K, committed 104448K, used 94444K [0x0000000080000000, 0x0000000100000000)
  region size 1024K, 30 young (30720K), 1 survivors (1024K)
}
Event: 322.698 {heap After GC invocations=27 (full 0):
 garbage-first heap   total reserved 2097152K, committed 104448K, used 67542K [0x0000000080000000, 0x0000000100000000)
  region size 1024K, 3 young (3072K), 3 survivors (3072K)
}
Event: 335.555 {heap Before GC invocations=28 (full 0):
 garbage-first heap   total reserved 2097152K, committed 114688K, used 95190K [0x0000000080000000, 0x0000000100000000)
  region size 1024K, 31 young (31744K), 3 survivors (3072K)
}
Event: 335.752 {heap After GC invocations=29 (full 0):
 garbage-first heap   total reserved 2097152K, committed 114688K, used 69781K [0x0000000080000000, 0x0000000100000000)
  region size 1024K, 4 young (4096K), 4 survivors (4096K)
}
Event: 351.766 {heap Before GC invocations=29 (full 0):
 garbage-first heap   total reserved 2097152K, committed 114688K, used 99477K [0x0000000080000000, 0x0000000100000000)
  region size 1024K, 33 young (33792K), 4 survivors (4096K)
}
Event: 351.858 {heap After GC invocations=30 (full 0):
 garbage-first heap   total reserved 2097152K, committed 114688K, used 70916K [0x0000000080000000, 0x0000000100000000)
  region size 1024K, 4 young (4096K), 4 survivors (4096K)
}
Event: 369.241 {heap Before GC invocations=30 (full 0):
 garbage-first heap   total reserved 2097152K, committed 114688K, used 106756K [0x0000000080000000, 0x0000000100000000)
  region size 1024K, 39 young (39936K), 4 survivors (4096K)
}
Event: 369.359 {heap After GC invocations=31 (full 0):
 garbage-first heap   total reserved 2097152K, committed 114688K, used 73342K [0x0000000080000000, 0x0000000100000000)
  region size 1024K, 4 young (4096K), 4 survivors (4096K)
}

Metaspace Usage History (20 events):
Event: 250.888 {metaspace Before GC invocations=18 (full 0):
 Metaspace       used 49975K, committed 51328K, reserved 1114112K
  class space    used 7197K, committed 7808K, reserved 1048576K
}
Event: 250.949 {metaspace After GC invocations=19 (full 0):
 Metaspace       used 49975K, committed 51328K, reserved 1114112K
  class space    used 7197K, committed 7808K, reserved 1048576K
}
Event: 263.759 {metaspace Before GC invocations=20 (full 0):
 Metaspace       used 52665K, committed 54208K, reserved 1114112K
  class space    used 7675K, committed 8384K, reserved 1048576K
}
Event: 264.150 {metaspace After GC invocations=21 (full 0):
 Metaspace       used 52665K, committed 54208K, reserved 1114112K
  class space    used 7675K, committed 8384K, reserved 1048576K
}
Event: 273.853 {metaspace Before GC invocations=21 (full 0):
 Metaspace       used 56009K, committed 57600K, reserved 1114112K
  class space    used 8223K, committed 8960K, reserved 1048576K
}
Event: 274.344 {metaspace After GC invocations=22 (full 0):
 Metaspace       used 56009K, committed 57600K, reserved 1114112K
  class space    used 8223K, committed 8960K, reserved 1048576K
}
Event: 285.268 {metaspace Before GC invocations=22 (full 0):
 Metaspace       used 57051K, committed 58560K, reserved 1114112K
  class space    used 8375K, committed 9088K, reserved 1048576K
}
Event: 285.306 {metaspace After GC invocations=23 (full 0):
 Metaspace       used 57051K, committed 58560K, reserved 1114112K
  class space    used 8375K, committed 9088K, reserved 1048576K
}
Event: 305.895 {metaspace Before GC invocations=24 (full 0):
 Metaspace       used 58824K, committed 60544K, reserved 1114112K
  class space    used 8624K, committed 9408K, reserved 1048576K
}
Event: 306.123 {metaspace After GC invocations=25 (full 0):
 Metaspace       used 58824K, committed 60544K, reserved 1114112K
  class space    used 8624K, committed 9408K, reserved 1048576K
}
Event: 307.131 {metaspace Before GC invocations=25 (full 0):
 Metaspace       used 58905K, committed 60544K, reserved 1114112K
  class space    used 8639K, committed 9408K, reserved 1048576K
}
Event: 307.149 {metaspace After GC invocations=26 (full 0):
 Metaspace       used 58905K, committed 60544K, reserved 1114112K
  class space    used 8639K, committed 9408K, reserved 1048576K
}
Event: 322.677 {metaspace Before GC invocations=26 (full 0):
 Metaspace       used 63103K, committed 64832K, reserved 1114112K
  class space    used 9249K, committed 10048K, reserved 1048576K
}
Event: 322.698 {metaspace After GC invocations=27 (full 0):
 Metaspace       used 63103K, committed 64832K, reserved 1114112K
  class space    used 9249K, committed 10048K, reserved 1048576K
}
Event: 335.565 {metaspace Before GC invocations=28 (full 0):
 Metaspace       used 69259K, committed 71040K, reserved 1114112K
  class space    used 10158K, committed 11008K, reserved 1048576K
}
Event: 335.752 {metaspace After GC invocations=29 (full 0):
 Metaspace       used 69259K, committed 71040K, reserved 1114112K
  class space    used 10158K, committed 11008K, reserved 1048576K
}
Event: 351.766 {metaspace Before GC invocations=29 (full 0):
 Metaspace       used 73434K, committed 75200K, reserved 1114112K
  class space    used 10769K, committed 11584K, reserved 1048576K
}
Event: 351.858 {metaspace After GC invocations=30 (full 0):
 Metaspace       used 73434K, committed 75200K, reserved 1114112K
  class space    used 10769K, committed 11584K, reserved 1048576K
}
Event: 369.241 {metaspace Before GC invocations=30 (full 0):
 Metaspace       used 77631K, committed 79488K, reserved 1179648K
  class space    used 11471K, committed 12352K, reserved 1048576K
}
Event: 369.359 {metaspace After GC invocations=31 (full 0):
 Metaspace       used 77631K, committed 79488K, reserved 1179648K
  class space    used 11471K, committed 12352K, reserved 1048576K
}

Dll operation events (3 events):
Event: 1.350 Loaded shared library C:\Program Files\Android\Android Studio\jbr\bin\java.dll
Event: 3.427 Loaded shared library C:\Program Files\Android\Android Studio\jbr\bin\zip.dll
Event: 66.508 Loaded shared library C:\Program Files\Android\Android Studio\jbr\bin\verify.dll

Deoptimization events (20 events):
Event: 371.944 Thread 0x000002c961f1c720 Uncommon trap: trap_request=0xffffffde fr.pc=0x000002c94f3684e0 relative=0x00000000000066e0
Event: 371.944 Thread 0x000002c961f1c720 Uncommon trap: reason=class_check action=maybe_recompile pc=0x000002c94f3684e0 method=java.net.URLClassLoader.defineClass(Ljava/lang/String;Ljdk/internal/loader/Resource;)Ljava/lang/Class; @ 34 c2
Event: 371.944 Thread 0x000002c961f1c720 DEOPT PACKING pc=0x000002c94f3684e0 sp=0x000000dc4d1f61f0
Event: 371.944 Thread 0x000002c961f1c720 DEOPT UNPACKING pc=0x000002c94ec08582 sp=0x000000dc4d1f61c8 mode 2
Event: 372.421 Thread 0x000002c961f1c720 Uncommon trap: trap_request=0xffffffde fr.pc=0x000002c94f3684e0 relative=0x00000000000066e0
Event: 372.421 Thread 0x000002c961f1c720 Uncommon trap: reason=class_check action=maybe_recompile pc=0x000002c94f3684e0 method=java.net.URLClassLoader.defineClass(Ljava/lang/String;Ljdk/internal/loader/Resource;)Ljava/lang/Class; @ 34 c2
Event: 372.421 Thread 0x000002c961f1c720 DEOPT PACKING pc=0x000002c94f3684e0 sp=0x000000dc4d1f61f0
Event: 372.421 Thread 0x000002c961f1c720 DEOPT UNPACKING pc=0x000002c94ec08582 sp=0x000000dc4d1f61c8 mode 2
Event: 374.235 Thread 0x000002c961f1c720 Uncommon trap: trap_request=0xffffff45 fr.pc=0x000002c94f35b0f0 relative=0x0000000000000670
Event: 374.235 Thread 0x000002c961f1c720 Uncommon trap: reason=unstable_if action=reinterpret pc=0x000002c94f35b0f0 method=java.util.HashMap.putVal(ILjava/lang/Object;Ljava/lang/Object;ZZ)Ljava/lang/Object; @ 85 c2
Event: 374.236 Thread 0x000002c961f1c720 DEOPT PACKING pc=0x000002c94f35b0f0 sp=0x000000dc4d1f68c0
Event: 374.236 Thread 0x000002c961f1c720 DEOPT UNPACKING pc=0x000002c94ec08582 sp=0x000000dc4d1f67d0 mode 2
Event: 374.323 Thread 0x000002c961f1c720 Uncommon trap: trap_request=0xffffff45 fr.pc=0x000002c94f35a45c relative=0x00000000000003dc
Event: 374.323 Thread 0x000002c961f1c720 Uncommon trap: reason=unstable_if action=reinterpret pc=0x000002c94f35a45c method=org.gradle.internal.reflect.PropertyAccessorType.isGetGetterName(Ljava/lang/String;)Z @ 14 c2
Event: 374.323 Thread 0x000002c961f1c720 DEOPT PACKING pc=0x000002c94f35a45c sp=0x000000dc4d1f6b00
Event: 374.323 Thread 0x000002c961f1c720 DEOPT UNPACKING pc=0x000002c94ec08582 sp=0x000000dc4d1f6a58 mode 2
Event: 374.674 Thread 0x000002c961f1c720 Uncommon trap: trap_request=0xffffffde fr.pc=0x000002c94f286640 relative=0x00000000000001c0
Event: 374.674 Thread 0x000002c961f1c720 Uncommon trap: reason=class_check action=maybe_recompile pc=0x000002c94f286640 method=java.util.stream.StreamOpFlag.fromCharacteristics(Ljava/util/Spliterator;)I @ 14 c2
Event: 374.674 Thread 0x000002c961f1c720 DEOPT PACKING pc=0x000002c94f286640 sp=0x000000dc4d1f79c0
Event: 374.674 Thread 0x000002c961f1c720 DEOPT UNPACKING pc=0x000002c94ec08582 sp=0x000000dc4d1f7888 mode 2

Classes loaded (20 events):
Event: 363.519 Loading class java/util/AbstractList$ListItr
Event: 363.532 Loading class java/util/AbstractList$ListItr done
Event: 363.634 Loading class java/util/IdentityHashMap$EntrySet
Event: 363.638 Loading class java/util/IdentityHashMap$EntrySet done
Event: 363.638 Loading class java/util/IdentityHashMap$EntryIterator
Event: 363.641 Loading class java/util/IdentityHashMap$IdentityHashMapIterator
Event: 363.641 Loading class java/util/IdentityHashMap$IdentityHashMapIterator done
Event: 363.641 Loading class java/util/IdentityHashMap$EntryIterator done
Event: 363.641 Loading class java/util/IdentityHashMap$EntryIterator$Entry
Event: 363.644 Loading class java/util/IdentityHashMap$EntryIterator$Entry done
Event: 367.560 Loading class org/xml/sax/Locator
Event: 367.568 Loading class org/xml/sax/Locator done
Event: 367.635 Loading class org/xml/sax/SAXParseException
Event: 367.654 Loading class org/xml/sax/SAXParseException done
Event: 367.684 Loading class org/xml/sax/Attributes
Event: 367.748 Loading class org/xml/sax/Attributes done
Event: 374.659 Loading class java/util/TreeMap$KeySpliterator
Event: 374.662 Loading class java/util/TreeMap$TreeMapSpliterator
Event: 374.674 Loading class java/util/TreeMap$TreeMapSpliterator done
Event: 374.674 Loading class java/util/TreeMap$KeySpliterator done

Classes unloaded (0 events):
No events

Classes redefined (0 events):
No events

Internal exceptions (20 events):
Event: 360.708 Thread 0x000002c960cf5030 Exception <a 'sun/nio/fs/WindowsException'{0x0000000085306fb0}> (0x0000000085306fb0) 
thrown [s\src\hotspot\share\prims\jni.cpp, line 535]
Event: 363.407 Thread 0x000002c961f1c720 Exception <a 'java/lang/NoSuchMethodError'{0x0000000084f802f0}: 'void java.lang.invoke.DelegatingMethodHandle$Holder.reinvoke_L(java.lang.Object, java.lang.Object, int)'> (0x0000000084f802f0) 
thrown [s\src\hotspot\share\interpreter\linkResolver.cpp, line 815]
Event: 363.411 Thread 0x000002c961f1c720 Exception <a 'java/lang/NoSuchMethodError'{0x0000000084f918e8}: 'int java.lang.invoke.Invokers$Holder.invokeExact_MT(java.lang.Object, java.lang.Object, java.lang.Object)'> (0x0000000084f918e8) 
thrown [s\src\hotspot\share\interpreter\linkResolver.cpp, line 815]
Event: 363.449 Thread 0x000002c961f1c720 Exception <a 'java/lang/NoSuchMethodError'{0x0000000084fbfec0}: 'void java.lang.invoke.DelegatingMethodHandle$Holder.reinvoke_L(java.lang.Object, java.lang.Object, long)'> (0x0000000084fbfec0) 
thrown [s\src\hotspot\share\interpreter\linkResolver.cpp, line 815]
Event: 363.476 Thread 0x000002c961f1c720 Exception <a 'java/lang/NoSuchMethodError'{0x0000000084fd1508}: 'long java.lang.invoke.Invokers$Holder.invokeExact_MT(java.lang.Object, java.lang.Object, java.lang.Object)'> (0x0000000084fd1508) 
thrown [s\src\hotspot\share\interpreter\linkResolver.cpp, line 815]
Event: 363.537 Thread 0x000002c961f1c720 Exception <a 'java/lang/NoSuchMethodError'{0x0000000084e17830}: 'void java.lang.invoke.Invokers$Holder.invokeExact_MT(java.lang.Object, java.lang.Object, java.lang.Object, java.lang.Object)'> (0x0000000084e17830) 
thrown [s\src\hotspot\share\interpreter\linkResolver.cpp, line 815]
Event: 366.598 Thread 0x000002c961f1c720 Exception <a 'java/lang/ClassNotFoundException'{0x0000000084b64028}: org/gradle/internal/serialize/codecs/core/ClosureCodec$BrokenScriptBeanInfo> (0x0000000084b64028) 
thrown [s\src\hotspot\share\classfile\systemDictionary.cpp, line 328]
Event: 366.605 Thread 0x000002c961f1c720 Exception <a 'java/lang/ClassNotFoundException'{0x0000000084b73bb0}: org/gradle/internal/serialize/codecs/core/ClosureCodec$BrokenScriptCustomizer> (0x0000000084b73bb0) 
thrown [s\src\hotspot\share\classfile\systemDictionary.cpp, line 328]
Event: 366.671 Thread 0x000002c961f1c720 Exception <a 'java/lang/ClassNotFoundException'{0x0000000084b9bb48}: org/gradle/api/invocation/GradleBeanInfo> (0x0000000084b9bb48) 
thrown [s\src\hotspot\share\classfile\systemDictionary.cpp, line 328]
Event: 366.672 Thread 0x000002c961f1c720 Exception <a 'java/lang/ClassNotFoundException'{0x0000000084ba9438}: org/gradle/api/invocation/GradleCustomizer> (0x0000000084ba9438) 
thrown [s\src\hotspot\share\classfile\systemDictionary.cpp, line 328]
Event: 366.694 Thread 0x000002c961f1c720 Exception <a 'java/lang/NoSuchMethodError'{0x0000000084bc8888}: 'void java.lang.invoke.Invokers$Holder.invokeExact_MT(java.lang.Object, java.lang.Object, int, java.lang.Object)'> (0x0000000084bc8888) 
thrown [s\src\hotspot\share\interpreter\linkResolver.cpp, line 815]
Event: 366.711 Thread 0x000002c961f1c720 Exception <a 'java/lang/NoSuchMethodError'{0x0000000084beec88}: 'void java.lang.invoke.Invokers$Holder.invokeExact_MT(java.lang.Object, java.lang.Object, long, java.lang.Object)'> (0x0000000084beec88) 
thrown [s\src\hotspot\share\interpreter\linkResolver.cpp, line 815]
Event: 367.220 Thread 0x000002c961f1c720 Exception <a 'java/lang/ClassNotFoundException'{0x000000008492a4b8}: org/gradle/api/internal/project/DefaultProject_DecoratedBeanInfo> (0x000000008492a4b8) 
thrown [s\src\hotspot\share\classfile\systemDictionary.cpp, line 328]
Event: 367.243 Thread 0x000002c961f1c720 Exception <a 'java/lang/ClassNotFoundException'{0x0000000084936b98}: org/gradle/api/internal/project/DefaultProjectBeanInfo> (0x0000000084936b98) 
thrown [s\src\hotspot\share\classfile\systemDictionary.cpp, line 328]
Event: 367.246 Thread 0x000002c961f1c720 Exception <a 'java/lang/ClassNotFoundException'{0x0000000084943240}: org/gradle/api/internal/project/DefaultProjectCustomizer> (0x0000000084943240) 
thrown [s\src\hotspot\share\classfile\systemDictionary.cpp, line 328]
Event: 367.469 Thread 0x000002c961f1c720 Exception <a 'java/lang/ClassNotFoundException'{0x00000000849f50b8}: org/gradle/api/internal/project/DefaultProject_DecoratedCustomizer> (0x00000000849f50b8) 
thrown [s\src\hotspot\share\classfile\systemDictionary.cpp, line 328]
Event: 370.751 Thread 0x000002c960cf5030 Exception <a 'sun/nio/fs/WindowsException'{0x0000000087286fb0}> (0x0000000087286fb0) 
thrown [s\src\hotspot\share\prims\jni.cpp, line 535]
Event: 374.235 Thread 0x000002c961f1c720 Implicit null exception at 0x000002c94f35ab81 to 0x000002c94f35b0b0
Event: 374.253 Thread 0x000002c961f1c720 Exception <a 'java/lang/NoSuchMethodError'{0x0000000086e637b0}: 'long java.lang.invoke.DirectMethodHandle$Holder.invokeStatic(java.lang.Object, long)'> (0x0000000086e637b0) 
thrown [s\src\hotspot\share\interpreter\linkResolver.cpp, line 815]
Event: 374.675 Thread 0x000002c961f1c720 Exception <a 'java/lang/IncompatibleClassChangeError'{0x0000000086d29d48}: Found class java.lang.Object, but interface was expected> (0x0000000086d29d48) 
thrown [s\src\hotspot\share\interpreter\linkResolver.cpp, line 882]

VM Operations (20 events):
Event: 328.731 Executing non-safepoint VM operation: HandshakeAllThreads (Deoptimize)
Event: 328.731 Executing non-safepoint VM operation: HandshakeAllThreads (Deoptimize) done
Event: 335.463 Executing safepoint VM operation: G1CollectForAllocation (G1 Evacuation Pause)
Event: 335.752 Executing safepoint VM operation: G1CollectForAllocation (G1 Evacuation Pause) done
Event: 351.756 Executing safepoint VM operation: G1CollectForAllocation (G1 Evacuation Pause)
Event: 351.859 Executing safepoint VM operation: G1CollectForAllocation (G1 Evacuation Pause) done
Event: 360.378 Executing non-safepoint VM operation: HandshakeAllThreads (Deoptimize)
Event: 360.378 Executing non-safepoint VM operation: HandshakeAllThreads (Deoptimize) done
Event: 361.940 Executing non-safepoint VM operation: HandshakeAllThreads (HandshakeForDeflation)
Event: 361.952 Executing non-safepoint VM operation: HandshakeAllThreads (HandshakeForDeflation) done
Event: 361.952 Executing non-safepoint VM operation: RendezvousGCThreads
Event: 361.953 Executing non-safepoint VM operation: RendezvousGCThreads done
Event: 363.534 Executing non-safepoint VM operation: HandshakeAllThreads (Deoptimize)
Event: 363.535 Executing non-safepoint VM operation: HandshakeAllThreads (Deoptimize) done
Event: 369.240 Executing safepoint VM operation: G1CollectForAllocation (G1 Evacuation Pause)
Event: 369.359 Executing safepoint VM operation: G1CollectForAllocation (G1 Evacuation Pause) done
Event: 370.124 Executing safepoint VM operation: G1PauseRemark
Event: 370.266 Executing safepoint VM operation: G1PauseRemark done
Event: 370.326 Executing safepoint VM operation: G1PauseCleanup
Event: 370.346 Executing safepoint VM operation: G1PauseCleanup done

Memory protections (0 events):
No events

Nmethod flushes (20 events):
Event: 370.253 Thread 0x000002c95b35e1f0 flushing  nmethod 0x000002c947749c88
Event: 370.253 Thread 0x000002c95b35e1f0 flushing  nmethod 0x000002c94774c488
Event: 370.253 Thread 0x000002c95b35e1f0 flushing  nmethod 0x000002c94794d608
Event: 370.253 Thread 0x000002c95b35e1f0 flushing  nmethod 0x000002c94794ed88
Event: 370.253 Thread 0x000002c95b35e1f0 flushing  nmethod 0x000002c947950c88
Event: 370.253 Thread 0x000002c95b35e1f0 flushing  nmethod 0x000002c947964908
Event: 370.253 Thread 0x000002c95b35e1f0 flushing  nmethod 0x000002c947996408
Event: 370.253 Thread 0x000002c95b35e1f0 flushing  nmethod 0x000002c9479be088
Event: 370.253 Thread 0x000002c95b35e1f0 flushing  nmethod 0x000002c947b26088
Event: 370.253 Thread 0x000002c95b35e1f0 flushing  nmethod 0x000002c947b50f88
Event: 370.253 Thread 0x000002c95b35e1f0 flushing  nmethod 0x000002c947b52008
Event: 370.253 Thread 0x000002c95b35e1f0 flushing  nmethod 0x000002c947b52b08
Event: 370.253 Thread 0x000002c95b35e1f0 flushing  nmethod 0x000002c947b7cb08
Event: 370.253 Thread 0x000002c95b35e1f0 flushing  nmethod 0x000002c947be0988
Event: 370.253 Thread 0x000002c95b35e1f0 flushing  nmethod 0x000002c947c3a288
Event: 370.253 Thread 0x000002c95b35e1f0 flushing  nmethod 0x000002c947cbf788
Event: 370.253 Thread 0x000002c95b35e1f0 flushing  nmethod 0x000002c947d42608
Event: 370.253 Thread 0x000002c95b35e1f0 flushing  nmethod 0x000002c947d65408
Event: 370.253 Thread 0x000002c95b35e1f0 flushing  nmethod 0x000002c947e5a488
Event: 370.253 Thread 0x000002c95b35e1f0 flushing  nmethod 0x000002c947e64988

Events (20 events):
Event: 134.199 Thread 0x000002c961f1c720 Thread added: 0x000002c961f1f600
Event: 163.490 Thread 0x000002c961f1c720 Thread added: 0x000002c961f205a0
Event: 163.569 Thread 0x000002c961f1c720 Thread added: 0x000002c9629dc6c0
Event: 164.923 Thread 0x000002c961f1c720 Thread added: 0x000002c9629daf50
Event: 194.737 Thread 0x000002c961f1c720 Thread added: 0x000002c9629d9fb0
Event: 194.921 Thread 0x000002c961f1c720 Thread added: 0x000002c9629dde30
Event: 197.878 Thread 0x000002c961f1c720 Thread added: 0x000002c9629e14e0
Event: 197.926 Thread 0x000002c961f1c720 Thread added: 0x000002c9629dfd70
Event: 200.589 Thread 0x000002c961f1c720 Thread added: 0x000002c9629e0d10
Event: 200.590 Thread 0x000002c961f1c720 Thread added: 0x000002c9624a3080
Event: 200.590 Thread 0x000002c961f1c720 Thread added: 0x000002c9624a20e0
Event: 200.590 Thread 0x000002c961f1c720 Thread added: 0x000002c9624a5790
Event: 216.919 Thread 0x000002c961f1c720 Thread added: 0x000002c9624a6730
Event: 218.669 Thread 0x000002c961f1c720 Thread added: 0x000002c9624a76d0
Event: 230.594 Thread 0x000002c961f1c720 Thread added: 0x000002c9624a4fc0
Event: 232.202 Thread 0x000002c961f1c720 Thread added: 0x000002c9624a8670
Event: 275.836 Thread 0x000002c961f1c720 Thread added: 0x000002c963005e80
Event: 275.861 Thread 0x000002c961f1c720 Thread added: 0x000002c9630056b0
Event: 277.396 Thread 0x000002c961f1c720 Thread added: 0x000002c963004710
Event: 277.400 Thread 0x000002c961f1c720 Thread added: 0x000002c9630027d0


Dynamic libraries:
0x00007ff6536d0000 - 0x00007ff6536da000 	C:\Program Files\Android\Android Studio\jbr\bin\java.exe
0x00007ffeeee80000 - 0x00007ffeef0e6000 	C:\WINDOWS\SYSTEM32\ntdll.dll
0x00007ffeedce0000 - 0x00007ffeedda9000 	C:\WINDOWS\System32\KERNEL32.DLL
0x00007ffeec460000 - 0x00007ffeec85f000 	C:\WINDOWS\System32\KERNELBASE.dll
0x00007ffeec870000 - 0x00007ffeec9bc000 	C:\WINDOWS\System32\ucrtbase.dll
0x00007ffee5a30000 - 0x00007ffee5a46000 	C:\Program Files\Android\Android Studio\jbr\bin\jli.dll
0x00007ffee55a0000 - 0x00007ffee55bb000 	C:\Program Files\Android\Android Studio\jbr\bin\VCRUNTIME140.dll
0x00007ffeee7e0000 - 0x00007ffeee9a6000 	C:\WINDOWS\System32\USER32.dll
0x00007ffecfb00000 - 0x00007ffecfd91000 	C:\WINDOWS\WinSxS\amd64_microsoft.windows.common-controls_6595b64144ccf1df_6.0.26100.8972_none_3e0da176e32f9d4b\COMCTL32.dll
0x00007ffeec430000 - 0x00007ffeec457000 	C:\WINDOWS\System32\win32u.dll
0x00007ffeed8b0000 - 0x00007ffeed959000 	C:\WINDOWS\System32\msvcrt.dll
0x00007ffeecee0000 - 0x00007ffeecf0b000 	C:\WINDOWS\System32\GDI32.dll
0x00007ffeeca80000 - 0x00007ffeecba9000 	C:\WINDOWS\System32\gdi32full.dll
0x00007ffeec9d0000 - 0x00007ffeeca73000 	C:\WINDOWS\System32\msvcp_win.dll
0x00007ffeed960000 - 0x00007ffeed992000 	C:\WINDOWS\System32\IMM32.DLL
0x00007ffee6ed0000 - 0x00007ffee6edc000 	C:\Program Files\Android\Android Studio\jbr\bin\vcruntime140_1.dll
0x00007ffeb1650000 - 0x00007ffeb16dd000 	C:\Program Files\Android\Android Studio\jbr\bin\msvcp140.dll
0x00007ffe77470000 - 0x00007ffe7834d000 	C:\Program Files\Android\Android Studio\jbr\bin\server\jvm.dll
0x00007ffeee5a0000 - 0x00007ffeee65c000 	C:\WINDOWS\System32\ADVAPI32.dll
0x00007ffeed190000 - 0x00007ffeed23a000 	C:\WINDOWS\System32\sechost.dll
0x00007ffeed070000 - 0x00007ffeed188000 	C:\WINDOWS\System32\RPCRT4.dll
0x00007ffeed9a0000 - 0x00007ffeeda22000 	C:\WINDOWS\System32\WS2_32.dll
0x00007ffeebef0000 - 0x00007ffeebf4e000 	C:\WINDOWS\SYSTEM32\POWRPROF.dll
0x00007ffee51f0000 - 0x00007ffee51fb000 	C:\WINDOWS\SYSTEM32\VERSION.dll
0x00007ffee51b0000 - 0x00007ffee51e6000 	C:\WINDOWS\SYSTEM32\WINMM.dll
0x00007ffeebed0000 - 0x00007ffeebee5000 	C:\WINDOWS\SYSTEM32\UMPDC.dll
0x00007ffeead80000 - 0x00007ffeead9b000 	C:\WINDOWS\SYSTEM32\kernel.appcore.dll
0x00007ffee59b0000 - 0x00007ffee59ba000 	C:\Program Files\Android\Android Studio\jbr\bin\jimage.dll
0x00007ffedf4f0000 - 0x00007ffedf732000 	C:\WINDOWS\SYSTEM32\DBGHELP.DLL
0x00007ffeee9b0000 - 0x00007ffeeed35000 	C:\WINDOWS\System32\combase.dll
0x00007ffeecbb0000 - 0x00007ffeecc89000 	C:\WINDOWS\System32\OLEAUT32.dll
0x00007ffecf260000 - 0x00007ffecf29b000 	C:\WINDOWS\SYSTEM32\dbgcore.DLL
0x00007ffeec090000 - 0x00007ffeec13c000 	C:\WINDOWS\System32\bcryptPrimitives.dll
0x00007ffee5a20000 - 0x00007ffee5a2e000 	C:\Program Files\Android\Android Studio\jbr\bin\instrument.dll
0x00007ffee1f20000 - 0x00007ffee1f3e000 	C:\Program Files\Android\Android Studio\jbr\bin\java.dll
0x00007ffeeccf0000 - 0x00007ffeece89000 	C:\WINDOWS\System32\ole32.dll
0x00007ffeedde0000 - 0x00007ffeee568000 	C:\WINDOWS\System32\SHELL32.dll
0x00007ffee1a10000 - 0x00007ffee1a26000 	C:\Program Files\Android\Android Studio\jbr\bin\zip.dll
0x00007ffee9b80000 - 0x00007ffeea41b000 	C:\WINDOWS\SYSTEM32\windows.storage.dll
0x00007ffeeed40000 - 0x00007ffeeee39000 	C:\WINDOWS\System32\SHCORE.dll
0x00007ffeedbc0000 - 0x00007ffeedc26000 	C:\WINDOWS\System32\shlwapi.dll
0x00007ffeebfb0000 - 0x00007ffeebfd9000 	C:\WINDOWS\SYSTEM32\profapi.dll
0x00007ffee1f70000 - 0x00007ffee1f80000 	C:\Program Files\Android\Android Studio\jbr\bin\net.dll
0x00007ffeeb330000 - 0x00007ffeeb39c000 	C:\WINDOWS\system32\mswsock.dll
0x00007ffee19f0000 - 0x00007ffee1a06000 	C:\Program Files\Android\Android Studio\jbr\bin\nio.dll
0x00007ffee1770000 - 0x00007ffee1780000 	C:\Program Files\Android\Android Studio\jbr\bin\verify.dll
0x00007ffee5a50000 - 0x00007ffee5a77000 	C:\Users\oreag\.gradle\native\660c5614fbf4a5f2a75b1949f50a0caf5cd603558e7d8a26e50b933a0cfb79d1\windows-amd64\native-platform.dll
0x00007ffee1780000 - 0x00007ffee17f7000 	C:\Users\oreag\.gradle\native\0.2.8\x86_64-windows-gnu\gradle-fileevents.dll
0x00007ffee1ef0000 - 0x00007ffee1ef9000 	C:\Program Files\Android\Android Studio\jbr\bin\management.dll
0x00007ffee1ee0000 - 0x00007ffee1eeb000 	C:\Program Files\Android\Android Studio\jbr\bin\management_ext.dll
0x00007ffeeddc0000 - 0x00007ffeeddc8000 	C:\WINDOWS\System32\PSAPI.DLL
0x00007ffeea750000 - 0x00007ffeea783000 	C:\WINDOWS\SYSTEM32\IPHLPAPI.DLL
0x00007ffeeddd0000 - 0x00007ffeeddda000 	C:\WINDOWS\System32\NSI.dll
0x00007ffee1f00000 - 0x00007ffee1f09000 	C:\Program Files\Android\Android Studio\jbr\bin\extnet.dll
0x00007ffeeb640000 - 0x00007ffeeb65b000 	C:\WINDOWS\SYSTEM32\CRYPTSP.dll
0x00007ffeeace0000 - 0x00007ffeead19000 	C:\WINDOWS\system32\rsaenh.dll
0x00007ffeeb3e0000 - 0x00007ffeeb412000 	C:\WINDOWS\SYSTEM32\USERENV.dll
0x00007ffeebf80000 - 0x00007ffeebfaa000 	C:\WINDOWS\SYSTEM32\bcrypt.dll
0x00007ffeeb620000 - 0x00007ffeeb62c000 	C:\WINDOWS\SYSTEM32\CRYPTBASE.dll
0x00007ffedc870000 - 0x00007ffedc878000 	C:\WINDOWS\system32\wshunix.dll
0x00007ffeea7e0000 - 0x00007ffeea938000 	C:\WINDOWS\SYSTEM32\DNSAPI.dll
0x00007ffeeb110000 - 0x00007ffeeb11d000 	C:\WINDOWS\SYSTEM32\DSPARSE.dll
0x00007ffee2210000 - 0x00007ffee221b000 	C:\Windows\System32\rasadhlp.dll
0x00007ffedff90000 - 0x00007ffee0016000 	C:\WINDOWS\System32\fwpuclnt.dll

JVMTI agents:
C:\Users\oreag\.gradle\wrapper\dists\gradle-9.6.0-bin\42k10rwplmzkhuboz9kdazi7s\gradle-9.6.0\lib\agents\gradle-instrumentation-agent-9.6.0.jar path:C:\Program Files\Android\Android Studio\jbr\bin\instrument.dll, loaded, initialized, instrumentlib options:none

dbghelp: loaded successfully - version: 4.0.5 - missing functions: none
symbol engine: initialized successfully - sym options: 0x614 - pdb path: .;C:\Program Files\Android\Android Studio\jbr\bin;C:\WINDOWS\SYSTEM32;C:\WINDOWS\WinSxS\amd64_microsoft.windows.common-controls_6595b64144ccf1df_6.0.26100.8972_none_3e0da176e32f9d4b;C:\Program Files\Android\Android Studio\jbr\bin\server;C:\Users\oreag\.gradle\native\660c5614fbf4a5f2a75b1949f50a0caf5cd603558e7d8a26e50b933a0cfb79d1\windows-amd64;C:\Users\oreag\.gradle\native\0.2.8\x86_64-windows-gnu

VM Arguments:
jvm_args: --add-opens=java.base/java.lang=ALL-UNNAMED --add-opens=java.base/java.lang.invoke=ALL-UNNAMED --add-opens=java.base/java.util=ALL-UNNAMED --add-opens=java.prefs/java.util.prefs=ALL-UNNAMED --add-exports=jdk.compiler/com.sun.tools.javac.api=ALL-UNNAMED --add-exports=jdk.compiler/com.sun.tools.javac.util=ALL-UNNAMED --add-opens=java.base/java.nio.charset=ALL-UNNAMED --add-opens=java.base/java.net=ALL-UNNAMED --add-opens=java.base/java.util.concurrent=ALL-UNNAMED --add-opens=java.base/java.util.concurrent.atomic=ALL-UNNAMED --add-opens=java.xml/javax.xml.namespace=ALL-UNNAMED --add-opens=java.base/java.time=ALL-UNNAMED --enable-native-access=ALL-UNNAMED -Xmx2048m -Dfile.encoding=UTF-8 -Duser.country=ZA -Duser.language=en -Duser.variant -javaagent:C:\Users\oreag\.gradle\wrapper\dists\gradle-9.6.0-bin\42k10rwplmzkhuboz9kdazi7s\gradle-9.6.0\lib\agents\gradle-instrumentation-agent-9.6.0.jar 
java_command: org.gradle.launcher.daemon.bootstrap.GradleDaemon 9.6.0
java_class_path (initial): C:\Users\oreag\.gradle\wrapper\dists\gradle-9.6.0-bin\42k10rwplmzkhuboz9kdazi7s\gradle-9.6.0\lib\gradle-daemon-main-9.6.0.jar
Launcher Type: SUN_STANDARD

[Global flags]
     intx CICompilerCount                          = 3                                         {product} {ergonomic}
     uint ConcGCThreads                            = 1                                         {product} {ergonomic}
     uint G1ConcRefinementThreads                  = 4                                         {product} {ergonomic}
   size_t G1HeapRegionSize                         = 1048576                                   {product} {ergonomic}
   size_t InitialHeapSize                          = 58720256                                  {product} {ergonomic}
   size_t MarkStackSize                            = 4194304                                   {product} {ergonomic}
   size_t MarkStackSizeMax                         = 536870912                                 {product} {ergonomic}
   size_t MaxHeapSize                              = 2147483648                                {product} {command line}
   size_t MaxNewSize                               = 1287651328                                {product} {ergonomic}
   size_t MinHeapDeltaBytes                        = 1048576                                   {product} {ergonomic}
   size_t MinHeapSize                              = 8388608                                   {product} {ergonomic}
    uintx NonNMethodCodeHeapSize                   = 5898240                                {pd product} {ergonomic}
    uintx NonProfiledCodeHeapSize                  = 122945536                              {pd product} {ergonomic}
    uintx ProfiledCodeHeapSize                     = 122945536                              {pd product} {ergonomic}
    uintx ReservedCodeCacheSize                    = 251789312                              {pd product} {ergonomic}
     bool SegmentedCodeCache                       = true                                      {product} {ergonomic}
   size_t SoftMaxHeapSize                          = 2147483648                             {manageable} {ergonomic}
     bool UseCompressedOops                        = true                           {product lp64_product} {ergonomic}
     bool UseG1GC                                  = true                                      {product} {ergonomic}
     bool UseLargePagesIndividualAllocation        = false                                  {pd product} {ergonomic}

Logging:
Log output configuration:
 #0: stdout all=warning uptime,level,tags foldmultilines=false
 #1: stderr all=off uptime,level,tags foldmultilines=false

Release file:
JAVA_VERSION="25.0.3" 
MODULES="java.base java.compiler java.datatransfer java.xml java.prefs java.desktop java.instrument java.logging java.management java.security.sasl java.naming java.rmi java.management.rmi java.net.http java.scripting java.security.jgss java.transaction.xa java.sql java.sql.rowset java.xml.crypto java.se java.smartcardio jdk.accessibility jdk.internal.jvmstat jdk.attach jdk.charsets jdk.internal.opt jdk.zipfs jdk.compiler jdk.crypto.cryptoki jdk.crypto.ec jdk.dynalink jdk.hotspot.agent jdk.httpserver jdk.internal.ed jdk.internal.le jdk.internal.md jdk.internal.vm.ci jdk.jartool jdk.javadoc jdk.jcmd jdk.jdeps jdk.jdwp.agent jdk.jdi jdk.jfr jdk.jlink jdk.localedata jdk.management jdk.management.agent jdk.management.jfr jdk.naming.dns jdk.naming.rmi jdk.net jdk.sctp jdk.security.auth jdk.security.jgss jdk.unsupported jdk.unsupported.desktop jdk.xml.dom" 
IMPLEMENTOR="JetBrains s.r.o." 
JAVA_RUNTIME_VERSION="25.0.3+-15898627-b508.16" 
LIBC="default" 
OS_ARCH="x86_64" 
OS_NAME="Windows" 
SOURCE=".:git:a8b1dba3234f" 

Environment Variables:
PATH=C:\windows\system32;C:\windows;C:\windows\System32\Wbem;C:\windows\System32\WindowsPowerShell\v1.0\;C:\windows\System32\OpenSSH\;C:\WINDOWS\system32;C:\WINDOWS;C:\WINDOWS\System32\Wbem;C:\WINDOWS\System32\WindowsPowerShell\v1.0\;C:\WINDOWS\System32\OpenSSH\;C:\Program Files (x86)\Microsoft SQL Server\160\Tools\Binn\;C:\Program Files\Microsoft SQL Server\160\Tools\Binn\;C:\Program Files\Microsoft SQL Server\Client SDK\ODBC\170\Tools\Binn\;C:\Program Files\Microsoft SQL Server\160\DTS\Binn\;C:\Program Files (x86)\Microsoft SQL Server\160\DTS\Binn\;C:\Program Files (x86)\Windows Kits\10\Windows Performance Toolkit\;C:\Program Files\Git\cmd;C:\Users\oreag\AppData\Local\Microsoft\WindowsApps;
USERNAME=oreag
OS=Windows_NT
PROCESSOR_IDENTIFIER=AMD64 Family 23 Model 24 Stepping 1, AuthenticAMD
TMP=C:\Users\oreag\AppData\Local\Temp
TEMP=C:\Users\oreag\AppData\Local\Temp




Compilation memory statistics disabled.

Periodic native trim disabled

JNI global refs:
JNI global refs: 22, weak refs: 1

JNI global refs memory usage: 835, weak refs: 833

Process memory usage:
Resident Set Size: 155956K (4% of 3587844K total physical memory with 106228K free physical memory)

OOME stack traces (most recent first):
Classloader memory used:
Loader org.gradle.internal.classloader.VisitableURLClassLoader                         : 38265 K
Loader bootstrap                                                                       : 27973 K
Loader org.gradle.initialization.MixInLegacyTypesClassLoader                           : 10241 K
Loader org.gradle.internal.classloader.VisitableURLClassLoader                         : 1000 K
Loader org.gradle.internal.classloader.VisitableURLClassLoader$InstrumentingVisitableURLClassLoader: 711 K
Loader jdk.internal.loader.ClassLoaders$AppClassLoader                                 : 186 K
Loader jdk.internal.loader.ClassLoaders$PlatformClassLoader                            : 130 K
Loader org.gradle.groovy.scripts.internal.DefaultScriptCompilationHandler$ScriptClassLoader: 89736 B

Classes loaded by more than one classloader:
Class org.gradle.internal.IoActions                                                   : loaded 3 times (x 73B)
Class org.gradle.api.Action                                                           : loaded 3 times (x 72B)
Class org.gradle.internal.Cast                                                        : loaded 3 times (x 73B)
Class org.gradle.api.GradleException                                                  : loaded 3 times (x 84B)
Class org.gradle.internal.operations.MultipleBuildOperationFailures                   : loaded 2 times (x 97B)
Class org.gradle.internal.classloader.DefaultClassLoaderFactory                       : loaded 2 times (x 84B)
Class kotlin.collections.AbstractList$Companion                                       : loaded 2 times (x 73B)
Class org.gradle.tooling.internal.gradle.DefaultProjectIdentifier                     : loaded 2 times (x 88B)
Class org.gradle.api.internal.DefaultClassPathProvider                                : loaded 2 times (x 78B)
Class [Lorg.gradle.api.internal.ClassPathProvider;                                    : loaded 2 times (x 71B)
Class org.gradle.api.internal.ClassPathProvider                                       : loaded 2 times (x 72B)
Class org.gradle.internal.service.UnknownServiceException                             : loaded 2 times (x 85B)
Class sync_studio_tooling9_46jn64iybszo91dyo7z5i68fo                                  : loaded 2 times (x 173B)
Class org.gradle.internal.classpath.TransformedClassPath                              : loaded 2 times (x 98B)
Class org.gradle.internal.classloader.InstrumentingClassLoader                        : loaded 2 times (x 72B)
Class com.google.common.collect.Iterators$ArrayItr                                    : loaded 2 times (x 99B)
Class kotlin.enums.EnumEntriesList                                                    : loaded 2 times (x 225B)
Class com.google.common.collect.UnmodifiableIterator                                  : loaded 2 times (x 82B)
Class org.gradle.internal.service.ServiceLocator                                      : loaded 2 times (x 72B)
Class com.intellij.gradle.toolingExtension.util.GradleVersionUtil                     : loaded 2 times (x 73B)
Class com.google.common.collect.Iterators$SingletonIterator                           : loaded 2 times (x 83B)
Class org.gradle.tooling.model.UnsupportedMethodException                             : loaded 2 times (x 84B)
Class com.google.common.collect.Iterators                                             : loaded 2 times (x 73B)
Class com.google.common.collect.Lists$StringAsImmutableList                           : loaded 2 times (x 209B)
Class org.gradle.internal.time.DefaultTimer                                           : loaded 2 times (x 82B)
Class org.gradle.api.internal.classpath.DefaultModuleRegistry$DefaultModule           : loaded 2 times (x 84B)
Class com.google.common.collect.AbstractIterator                                      : loaded 2 times (x 84B)
Class com.google.common.collect.AbstractIndexedListIterator                           : loaded 2 times (x 98B)
Class org.gradle.internal.time.DefaultCountdownTimer                                  : loaded 2 times (x 90B)
Class org.gradle.tooling.internal.gradle.DefaultBuildIdentifier                       : loaded 2 times (x 81B)
Class org.gradle.api.internal.classpath.Module                                        : loaded 2 times (x 72B)
Class org.gradle.api.internal.classpath.UnknownModuleException                        : loaded 2 times (x 84B)
Class org.gradle.tooling.internal.gradle.GradleProjectIdentity                        : loaded 2 times (x 72B)
Class org.gradle.api.internal.DefaultClassPathRegistry                                : loaded 2 times (x 78B)
Class org.gradle.internal.classpath.DefaultClassPath$ImmutableUniqueList              : loaded 2 times (x 201B)
Class org.gradle.api.internal.ClassPathRegistry                                       : loaded 2 times (x 72B)
Class Settings_gradle$1                                                               : loaded 2 times (x 76B)
Class Program                                                                         : loaded 2 times (x 74B)
Class org.gradle.internal.classpath.ClassPath                                         : loaded 2 times (x 72B)
Class org.gradle.api.internal.classpath.DefaultModuleRegistry$DefaultModuleAlias      : loaded 2 times (x 82B)
Class com.google.common.collect.Iterators$1                                           : loaded 2 times (x 83B)
Class org.gradle.tooling.model.Model                                                  : loaded 2 times (x 72B)
Class kotlin.UninitializedPropertyAccessException                                     : loaded 2 times (x 84B)
Class com.google.common.collect.Iterators$4                                           : loaded 2 times (x 84B)
Class com.google.common.collect.UnmodifiableListIterator                              : loaded 2 times (x 97B)
Class org.gradle.internal.installation.GradleInstallation$1                           : loaded 2 times (x 77B)
Class com.google.common.collect.Iterators$5                                           : loaded 2 times (x 84B)
Class ijInit1_cic62ntwne8guj8evp317izki$_run_closure1                                 : loaded 2 times (x 141B)
Class com.google.common.collect.ImmutableCollection                                   : loaded 2 times (x 127B)
Class org.gradle.tooling.model.idea.BasicIdeaProject                                  : loaded 2 times (x 72B)
Class org.gradle.api.internal.classpath.DefaultModuleRegistry                         : loaded 2 times (x 86B)
Class com.google.common.collect.Lists                                                 : loaded 2 times (x 73B)
Class com.google.common.collect.Iterators$9                                           : loaded 2 times (x 83B)
Class sync_studio_tooling9_46jn64iybszo91dyo7z5i68fo$_run_closure1                    : loaded 2 times (x 140B)
Class org.gradle.tooling.model.GradleProject                                          : loaded 2 times (x 72B)
Class org.gradle.internal.time.MonotonicClock                                         : loaded 2 times (x 79B)
Class org.gradle.internal.service.ServiceLookupException                              : loaded 2 times (x 84B)
Class org.gradle.internal.classloader.ClassLoaderFactory                              : loaded 2 times (x 72B)
Class org.gradle.internal.service.CachingServiceLocator                               : loaded 2 times (x 84B)
Class org.gradle.internal.time.TimeSource                                             : loaded 2 times (x 72B)
Class org.gradle.tooling.internal.gradle.GradleBuildIdentity                          : loaded 2 times (x 72B)
Class kotlin.enums.EnumEntries                                                        : loaded 2 times (x 72B)
Class org.gradle.internal.exceptions.ResolutionProvider                               : loaded 2 times (x 72B)
Class org.gradle.tooling.model.ProjectIdentifier                                      : loaded 2 times (x 72B)
Class org.gradle.internal.classloader.ClasspathUtil                                   : loaded 2 times (x 73B)
Class org.gradle.internal.time.TimeSource$1                                           : loaded 2 times (x 79B)
Class kotlin.jvm.internal.DefaultConstructorMarker                                    : loaded 2 times (x 73B)
Class org.gradle.api.specs.Spec                                                       : loaded 2 times (x 72B)
Class com.intellij.gradle.toolingExtension.impl.model.utilDummyModel.DummyModel       : loaded 2 times (x 72B)
Class org.gradle.internal.time.Clock                                                  : loaded 2 times (x 72B)
Class org.gradle.tooling.model.BuildModel                                             : loaded 2 times (x 72B)
Class org.gradle.tooling.model.Element                                                : loaded 2 times (x 72B)
Class kotlin.collections.AbstractList                                                 : loaded 2 times (x 199B)
Class kotlin.collections.AbstractCollection                                           : loaded 2 times (x 119B)
Class org.gradle.internal.classloader.VisitableURLClassLoader$InstrumentingVisitableURLClassLoader: loaded 2 times (x 124B)
Class org.gradle.internal.classloader.VisitableURLClassLoader$Spec                    : loaded 2 times (x 76B)
Class org.gradle.internal.classpath.DefaultClassPath                                  : loaded 2 times (x 92B)
Class org.gradle.util.internal.DefaultGradleVersion                                   : loaded 2 times (x 84B)
Class org.gradle.internal.classloader.ClassLoaderSpec                                 : loaded 2 times (x 73B)
Class Settings_gradle$1$1                                                             : loaded 2 times (x 76B)
Class org.gradle.api.internal.classpath.Module$ModuleAlias                            : loaded 2 times (x 72B)
Class org.gradle.internal.classloader.VisitableURLClassLoader                         : loaded 2 times (x 118B)
Class Settings_gradle                                                                 : loaded 2 times (x 126B)
Class org.gradle.internal.classloader.ClassLoaderHierarchy                            : loaded 2 times (x 72B)
Class org.gradle.internal.classloader.FilteringClassLoader                            : loaded 2 times (x 106B)
Class org.gradle.tooling.model.eclipse.EclipseProject                                 : loaded 2 times (x 72B)
Class org.gradle.internal.classpath.DefaultClassPath$ImmutableUniqueList$Builder      : loaded 2 times (x 77B)
Class org.gradle.api.internal.classpath.ModuleRegistry                                : loaded 2 times (x 72B)
Class org.gradle.internal.exceptions.NonGradleCauseExceptionsHolder                   : loaded 2 times (x 72B)
Class org.gradle.tooling.model.eclipse.HierarchicalEclipseProject                     : loaded 2 times (x 72B)
Class kotlin.NotImplementedError                                                      : loaded 2 times (x 84B)
Class kotlin.enums.EnumEntriesKt                                                      : loaded 2 times (x 73B)
Class org.gradle.internal.exceptions.MultiCauseException                              : loaded 2 times (x 72B)
Class org.gradle.internal.time.CountdownTimer                                         : loaded 2 times (x 72B)
Class kotlin.jvm.internal.Intrinsics                                                  : loaded 2 times (x 73B)
Class org.gradle.tooling.model.ProjectModel                                           : loaded 2 times (x 72B)
Class org.gradle.tooling.model.gradle.GradleBuild                                     : loaded 2 times (x 72B)
Class kotlin.KotlinNullPointerException                                               : loaded 2 times (x 84B)
Class org.gradle.internal.exceptions.DefaultMultiCauseException                       : loaded 2 times (x 97B)
Class com.google.common.base.Preconditions                                            : loaded 2 times (x 73B)
Class org.gradle.tooling.model.HierarchicalElement                                    : loaded 2 times (x 72B)
Class com.google.common.collect.PeekingIterator                                       : loaded 2 times (x 72B)
Class org.gradle.internal.time.Time                                                   : loaded 2 times (x 73B)
Class org.gradle.tooling.model.BuildIdentifier                                        : loaded 2 times (x 72B)
Class kotlin.NoWhenBranchMatchedException                                             : loaded 2 times (x 84B)
Class org.gradle.tooling.model.BuildableElement                                       : loaded 2 times (x 72B)
Class org.gradle.tooling.model.HasGradleProject                                       : loaded 2 times (x 72B)
Class org.gradle.internal.time.Timer                                                  : loaded 2 times (x 72B)
Class kotlin.jvm.internal.markers.KMappedMarker                                       : loaded 2 times (x 72B)
Class org.gradle.internal.installation.CurrentGradleInstallationLocator               : loaded 2 times (x 73B)
Class com.google.common.collect.ImmutableList                                         : loaded 2 times (x 208B)
Class org.gradle.tooling.model.idea.IdeaProject                                       : loaded 2 times (x 72B)
Class org.gradle.internal.service.DefaultServiceLocator                               : loaded 2 times (x 85B)
Class org.gradle.util.GradleVersion                                                   : loaded 2 times (x 83B)
Class org.gradle.internal.installation.CurrentGradleInstallation                      : loaded 2 times (x 75B)
Class ijInit1_cic62ntwne8guj8evp317izki                                               : loaded 2 times (x 173B)
Class org.gradle.tooling.model.gradle.ProjectPublications                             : loaded 2 times (x 72B)
Class org.gradle.util.internal.GUtil                                                  : loaded 2 times (x 73B)
Class com.google.common.collect.Iterators$MergingIterator                             : loaded 2 times (x 83B)
Class org.gradle.internal.installation.GradleInstallation                             : loaded 2 times (x 77B)

---------------  S Y S T E M  ---------------

OS:
 Windows 11 , 64 bit Build 26100 (10.0.26100.9168)
OS uptime: 1 days 23:02 hours

CPU: total 4 (initial active 4) (4 cores per cpu, 2 threads per core) family 23 model 24 stepping 1 microcode 0x8108109, cx8, cmov, fxsr, ht, mmx, 3dnowpref, sse, sse2, sse3, ssse3, sse4a, sse4.1, sse4.2, popcnt, lzcnt, tsc, tscinvbit, avx, avx2, aes, clmul, bmi1, bmi2, adx, sha, fma, vzeroupper, clflush, clflushopt, rdtscp, f16c
Processor Information for the first 4 processors :
  Max Mhz: 2600, Current Mhz: 2600, Mhz Limit: 2600

Memory: 4k page, system-wide physical 3503M (87M free)
TotalPageFile size 13743M (AvailPageFile size 8M)
current process WorkingSet (physical memory assigned to process): 154M, peak: 187M
current process commit charge ("private bytes"): 339M, peak: 361M

vm_info: OpenJDK 64-Bit Server VM (25.0.3+-15898627-b508.16) for windows-amd64 JRE (25.0.3+-15898627-b508.16), built on 2026-07-20T17:54:23Z with MS VC++ 16.10 / 16.11 (VS2019)

END.
