#
# There is insufficient memory for the Java Runtime Environment to continue.
# Native memory allocation (malloc) failed to allocate 9355864 bytes. Error detail: Chunk::new
# Possible reasons:
#   The system is out of physical RAM or swap space
#   This process is running with CompressedOops enabled, and the Java Heap may be blocking the growth of the native heap
# Possible solutions:
#   Reduce memory load on the system
#   Increase physical memory or swap space
#   Check if swap backing store is full
#   Decrease Java heap size (-Xmx/-Xms)
#   Decrease number of Java threads
#   Decrease Java thread stack sizes (-Xss)
#   Set larger code cache with -XX:ReservedCodeCacheSize=
#   JVM is running with Unscaled Compressed Oops mode in which the Java heap is
#     placed in the first 4GB address space. The Java Heap base address is the
#     maximum limit for the native heap growth. Please use -XX:HeapBaseMinAddress
#     to set the Java Heap base and to place the Java Heap above 4GB virtual address.
# This output file may be truncated or incomplete.
#
#  Out of Memory Error (arena.cpp:186), pid=9272, tid=96
#
# JRE version: OpenJDK Runtime Environment (25.0.3) (build 25.0.3+-15898627-b508.16)
# Java VM: OpenJDK 64-Bit Server VM (25.0.3+-15898627-b508.16, mixed mode, tiered, compressed oops, compressed class ptrs, g1 gc, windows-amd64)
# No core dump will be written. Minidumps are not enabled by default on client versions of Windows
#

---------------  S U M M A R Y ------------

Command Line: --add-opens=java.base/java.lang=ALL-UNNAMED --add-opens=java.base/java.lang.invoke=ALL-UNNAMED --add-opens=java.base/java.util=ALL-UNNAMED --add-opens=java.prefs/java.util.prefs=ALL-UNNAMED --add-exports=jdk.compiler/com.sun.tools.javac.api=ALL-UNNAMED --add-exports=jdk.compiler/com.sun.tools.javac.util=ALL-UNNAMED --add-opens=java.base/java.nio.charset=ALL-UNNAMED --add-opens=java.base/java.net=ALL-UNNAMED --add-opens=java.base/java.util.concurrent=ALL-UNNAMED --add-opens=java.base/java.util.concurrent.atomic=ALL-UNNAMED --add-opens=java.xml/javax.xml.namespace=ALL-UNNAMED --add-opens=java.base/java.time=ALL-UNNAMED --enable-native-access=ALL-UNNAMED -XX:MaxMetaspaceSize=384m -Xmx1024m -Dfile.encoding=UTF-8 -Duser.country=ZA -Duser.language=en -Duser.variant -javaagent:C:\Users\oreag\.gradle\wrapper\dists\gradle-9.6.0-bin\42k10rwplmzkhuboz9kdazi7s\gradle-9.6.0\lib\agents\gradle-instrumentation-agent-9.6.0.jar org.gradle.launcher.daemon.bootstrap.GradleDaemon 9.6.0

Host: AMD Ryzen 3 3250U with Radeon Graphics         , 4 cores, 3G,  Windows 11 , 64 bit Build 26100 (10.0.26100.9168)
Time: Wed Sep 30 11:01:48 2026 South Africa Standard Time elapsed time: 69.337978 seconds (0d 0h 1m 9s)

---------------  T H R E A D  ---------------

Current thread (0x000001db531f5d90):  JavaThread "C2 CompilerThread0" daemon [_thread_in_native, id=96, stack(0x0000000bbdd00000,0x0000000bbde00000) (1024K)]


Current CompileTask:
C2:69338 9270       4       sun.util.locale.BaseLocale::getInstance (160 bytes)

Stack: [0x0000000bbdd00000,0x0000000bbde00000]
Native frames: (J=compiled Java code, j=interpreted, Vv=VM code, C=native code)
V  [jvm.dll+0x7bf039]  (no source info available)
V  [jvm.dll+0x78912d]  (no source info available)
V  [jvm.dll+0xa0e615]  (no source info available)
V  [jvm.dll+0xa10c94]  (no source info available)
V  [jvm.dll+0xa11393]  (no source info available)
V  [jvm.dll+0x30a116]  (no source info available)
V  [jvm.dll+0x10eda9]  (no source info available)
V  [jvm.dll+0x10f0d2]  (no source info available)
V  [jvm.dll+0x1a9b77]  (no source info available)
V  [jvm.dll+0x3bf612]  (no source info available)
V  [jvm.dll+0x7c48b7]  (no source info available)
V  [jvm.dll+0x2ce466]  (no source info available)
V  [jvm.dll+0x2cd641]  (no source info available)
V  [jvm.dll+0x24334a]  (no source info available)
V  [jvm.dll+0x2dd025]  (no source info available)
V  [jvm.dll+0x2db226]  (no source info available)
V  [jvm.dll+0x49c12e]  (no source info available)
V  [jvm.dll+0x9ad738]  (no source info available)
V  [jvm.dll+0x7bd585]  (no source info available)
C  [ucrtbase.dll+0x2cd30]  (no source info available)
C  [KERNEL32.DLL+0x2ccb7]  (no source info available)
C  [ntdll.dll+0xaad6c]  (no source info available)

Lock stack of current Java thread (top to bottom):


---------------  P R O C E S S  ---------------

Threads class SMR info:
_java_thread_list=0x000001db5c1aa750, length=41, elements={
0x000001db3d32e8a0, 0x000001db531de440, 0x000001db53216690, 0x000001db531e9f80,
0x000001db531eb2b0, 0x000001db531ec6f0, 0x000001db531ef2c0, 0x000001db531f0e90,
0x000001db531f5d90, 0x000001db53241550, 0x000001db536afba0, 0x000001db53842480,
0x000001db58d054e0, 0x000001db58a91690, 0x000001db592d5b90, 0x000001db592d6350,
0x000001db59127280, 0x000001db533d0e50, 0x000001db533d0680, 0x000001db59983090,
0x000001db59984030, 0x000001db59984fd0, 0x000001db5ab6b5b0, 0x000001db5ab6d4f0,
0x000001db5ab6bd80, 0x000001db5ab6e490, 0x000001db5ab72310, 0x000001db5ab71b40,
0x000001db5ab70ba0, 0x000001db5ab703d0, 0x000001db5ab6ec60, 0x000001db5aaedf10,
0x000001db5aaee6e0, 0x000001db5aaeb030, 0x000001db5aaeeeb0, 0x000001db5aaf15c0,
0x000001db5aaf0df0, 0x000001db5c85a070, 0x000001db5c85b7e0, 0x000001db5c85bfb0,
0x000001db5c85c780
}

Java Threads: ( => current thread )
  0x000001db3d32e8a0 JavaThread "main"                              [_thread_blocked, id=1532, stack(0x0000000bbce00000,0x0000000bbcf00000) (1024K)]
  0x000001db531de440 JavaThread "Common-Cleaner"             daemon [_thread_blocked, id=1936, stack(0x0000000bbd600000,0x0000000bbd700000) (1024K)]
  0x000001db53216690 JavaThread "Reference Handler"          daemon [_thread_blocked, id=15296, stack(0x0000000bbd700000,0x0000000bbd800000) (1024K)]
  0x000001db531e9f80 JavaThread "Finalizer"                  daemon [_thread_blocked, id=23064, stack(0x0000000bbd800000,0x0000000bbd900000) (1024K)]
  0x000001db531eb2b0 JavaThread "Signal Dispatcher"          daemon [_thread_blocked, id=6428, stack(0x0000000bbd900000,0x0000000bbda00000) (1024K)]
  0x000001db531ec6f0 JavaThread "Attach Listener"            daemon [_thread_blocked, id=24124, stack(0x0000000bbda00000,0x0000000bbdb00000) (1024K)]
  0x000001db531ef2c0 JavaThread "Service Thread"             daemon [_thread_blocked, id=7976, stack(0x0000000bbdb00000,0x0000000bbdc00000) (1024K)]
  0x000001db531f0e90 JavaThread "Monitor Deflation Thread"   daemon [_thread_blocked, id=7824, stack(0x0000000bbdc00000,0x0000000bbdd00000) (1024K)]
=>0x000001db531f5d90 JavaThread "C2 CompilerThread0"         daemon [_thread_in_native, id=96, stack(0x0000000bbdd00000,0x0000000bbde00000) (1024K)]
  0x000001db53241550 JavaThread "C1 CompilerThread0"         daemon [_thread_blocked, id=21096, stack(0x0000000bbde00000,0x0000000bbdf00000) (1024K)]
  0x000001db536afba0 JavaThread "Notification Thread"        daemon [_thread_blocked, id=19560, stack(0x0000000bbdf00000,0x0000000bbe000000) (1024K)]
  0x000001db53842480 JavaThread "Daemon health stats"               [_thread_blocked, id=18096, stack(0x0000000bbe300000,0x0000000bbe400000) (1024K)]
  0x000001db58d054e0 JavaThread "Incoming local TCP Connector on port 49901"        [_thread_in_native, id=9928, stack(0x0000000bbe400000,0x0000000bbe500000) (1024K)]
  0x000001db58a91690 JavaThread "Daemon periodic checks"            [_thread_blocked, id=21892, stack(0x0000000bbe500000,0x0000000bbe600000) (1024K)]
  0x000001db592d5b90 JavaThread "Daemon"                            [_thread_blocked, id=17428, stack(0x0000000bbe600000,0x0000000bbe700000) (1024K)]
  0x000001db592d6350 JavaThread "Handler for socket connection from /127.0.0.1:49901 to /127.0.0.1:49902"        [_thread_in_native, id=18324, stack(0x0000000bbe700000,0x0000000bbe800000) (1024K)]
  0x000001db59127280 JavaThread "Cancel handler"                    [_thread_blocked, id=23412, stack(0x0000000bbe800000,0x0000000bbe900000) (1024K)]
  0x000001db533d0e50 JavaThread "Daemon worker"                     [_thread_in_vm, id=8524, stack(0x0000000bbe900000,0x0000000bbea00000) (1024K)]
  0x000001db533d0680 JavaThread "Asynchronous log dispatcher for DefaultDaemonConnection: socket connection from /127.0.0.1:49901 to /127.0.0.1:49902"        [_thread_blocked, id=1976, stack(0x0000000bbea00000,0x0000000bbeb00000) (1024K)]
  0x000001db59983090 JavaThread "Stdin handler"                     [_thread_blocked, id=23348, stack(0x0000000bbeb00000,0x0000000bbec00000) (1024K)]
  0x000001db59984030 JavaThread "Daemon client event forwarder"        [_thread_blocked, id=19492, stack(0x0000000bbec00000,0x0000000bbed00000) (1024K)]
  0x000001db59984fd0 JavaThread "Cache worker for journal cache (C:\Users\oreag\.gradle\caches\journal-1)"        [_thread_blocked, id=24088, stack(0x0000000bbed00000,0x0000000bbee00000) (1024K)]
  0x000001db5ab6b5b0 JavaThread "File lock request listener"        [_thread_in_native, id=22864, stack(0x0000000bbee00000,0x0000000bbef00000) (1024K)]
  0x000001db5ab6d4f0 JavaThread "Cache worker for file hash cache (C:\Users\oreag\.gradle\caches\9.6.0\fileHashes)"        [_thread_blocked, id=3500, stack(0x0000000bbef00000,0x0000000bbf000000) (1024K)]
  0x000001db5ab6bd80 JavaThread "File lock release action executor"        [_thread_blocked, id=2044, stack(0x0000000bbf000000,0x0000000bbf100000) (1024K)]
  0x000001db5ab6e490 JavaThread "Cache worker for file hash cache (C:\Users\oreag\AndroidStudioProjects\SmartPantryManager\.gradle\9.6.0\fileHashes)"        [_thread_blocked, id=6620, stack(0x0000000bbf100000,0x0000000bbf200000) (1024K)]
  0x000001db5ab72310 JavaThread "Cache worker for Build Output Cleanup Cache (C:\Users\oreag\AndroidStudioProjects\SmartPantryManager\.gradle\buildOutputCleanup)"        [_thread_blocked, id=24388, stack(0x0000000bbf200000,0x0000000bbf300000) (1024K)]
  0x000001db5ab71b40 JavaThread "File watcher server"        daemon [_thread_in_native, id=4824, stack(0x0000000bbf400000,0x0000000bbf500000) (1024K)]
  0x000001db5ab70ba0 JavaThread "File watcher consumer"      daemon [_thread_blocked, id=9136, stack(0x0000000bbf500000,0x0000000bbf600000) (1024K)]
  0x000001db5ab703d0 JavaThread "jar transforms"                    [_thread_blocked, id=15688, stack(0x0000000bbf300000,0x0000000bbf400000) (1024K)]
  0x000001db5ab6ec60 JavaThread "jar transforms Thread 2"           [_thread_blocked, id=10452, stack(0x0000000bbf600000,0x0000000bbf700000) (1024K)]
  0x000001db5aaedf10 JavaThread "jar transforms Thread 3"           [_thread_blocked, id=11520, stack(0x0000000bbf700000,0x0000000bbf800000) (1024K)]
  0x000001db5aaee6e0 JavaThread "jar transforms Thread 4"           [_thread_blocked, id=11588, stack(0x0000000bbf800000,0x0000000bbf900000) (1024K)]
  0x000001db5aaeb030 JavaThread "Cache worker for file content cache (C:\Users\oreag\.gradle\caches\9.6.0\fileContent)"        [_thread_blocked, id=20812, stack(0x0000000bbf900000,0x0000000bbfa00000) (1024K)]
  0x000001db5aaeeeb0 JavaThread "Cache worker for checksums cache (C:\Users\oreag\AndroidStudioProjects\SmartPantryManager\.gradle\9.6.0\checksums)"        [_thread_blocked, id=21492, stack(0x0000000bbfa00000,0x0000000bbfb00000) (1024K)]
  0x000001db5aaf15c0 JavaThread "Cache worker for cache directory md-supplier (C:\Users\oreag\.gradle\caches\9.6.0\md-supplier)"        [_thread_blocked, id=6888, stack(0x0000000bbfb00000,0x0000000bbfc00000) (1024K)]
  0x000001db5aaf0df0 JavaThread "Cache worker for cache directory md-rule (C:\Users\oreag\.gradle\caches\9.6.0\md-rule)"        [_thread_blocked, id=16788, stack(0x0000000bbfc00000,0x0000000bbfd00000) (1024K)]
  0x000001db5c85a070 JavaThread "Build operations"                  [_thread_blocked, id=3820, stack(0x0000000bbfd00000,0x0000000bbfe00000) (1024K)]
  0x000001db5c85b7e0 JavaThread "Build operations Thread 2"         [_thread_blocked, id=1932, stack(0x0000000bbfe00000,0x0000000bbff00000) (1024K)]
  0x000001db5c85bfb0 JavaThread "Build operations Thread 3"         [_thread_blocked, id=12356, stack(0x0000000bbff00000,0x0000000bc0000000) (1024K)]
  0x000001db5c85c780 JavaThread "Build operations Thread 4"         [_thread_blocked, id=22680, stack(0x0000000bc0000000,0x0000000bc0100000) (1024K)]
Total: 41

Other Threads:
  0x000001db3d3c7500 VMThread "VM Thread"                           [id=7664, stack(0x0000000bbd500000,0x0000000bbd600000) (1024K)]
  0x000001db3d3afb60 WatcherThread "VM Periodic Task Thread"        [id=3340, stack(0x0000000bbd400000,0x0000000bbd500000) (1024K)]
  0x000001db3d36e0b0 WorkerThread "GC Thread#0"                     [id=22660, stack(0x0000000bbcf00000,0x0000000bbd000000) (1024K)]
  0x000001db53a3b9f0 WorkerThread "GC Thread#1"                     [id=8936, stack(0x0000000bbe000000,0x0000000bbe100000) (1024K)]
  0x000001db581eeae0 WorkerThread "GC Thread#2"                     [id=2656, stack(0x0000000bbe100000,0x0000000bbe200000) (1024K)]
  0x000001db581eef10 WorkerThread "GC Thread#3"                     [id=21844, stack(0x0000000bbe200000,0x0000000bbe300000) (1024K)]
  0x000001db3d37b180 ConcurrentGCThread "G1 Main Marker"            [id=20324, stack(0x0000000bbd000000,0x0000000bbd100000) (1024K)]
  0x000001db3d37cc00 WorkerThread "G1 Conc#0"                       [id=14876, stack(0x0000000bbd100000,0x0000000bbd200000) (1024K)]
  0x000001db3d3a2dd0 ConcurrentGCThread "G1 Refine#0"               [id=9808, stack(0x0000000bbd200000,0x0000000bbd300000) (1024K)]
  0x000001db3d3a6730 ConcurrentGCThread "G1 Service"                [id=12900, stack(0x0000000bbd300000,0x0000000bbd400000) (1024K)]
Total: 10

Threads with active compile tasks:
C2 CompilerThread0  69800 9270       4       sun.util.locale.BaseLocale::getInstance (160 bytes)
Total: 1

VM state: not at safepoint (normal execution)

VM Mutex/Monitor currently owned by a thread: None

Heap address: 0x00000000c0000000, size: 1024 MB, Compressed Oops mode: 32-bit

CDS archive(s) not mapped
Compressed class space mapped at: 0x0000000019000000-0x000000002d000000, reserved size: 335544320
UseCompressedClassPointers 1, UseCompactObjectHeaders 0
Narrow klass pointer bits 32, Max shift 3
Narrow klass base: 0x0000000000000000, Narrow klass shift: 0
Encoding Range: [0x0000000000000000 - 0x0000000100000000), (4294967296 bytes)
Klass Range:    [0x0000000019000000 - 0x000000002d000000), (335544320 bytes)
Klass ID Range:  [419430400 - 754974713) (335544313)
No protection zone.

GC Precious Log:
 CardTable entry size: 512
 Card Set container configuration: InlinePtr #cards 5 size 8 Array Of Cards #cards 10 size 36 Howl #buckets 4 coarsen threshold 1843 Howl Bitmap #cards 512 size 80 coarsen threshold 460 Card regions per heap region 1 cards per card region 2048
 CPUs: 4 total, 4 available
 Memory: 3503M
 Large Page Support: Disabled
 NUMA Support: Disabled
 Compressed Oops: Enabled (32-bit)
 Heap Region Size: 1M
 Heap Min Capacity: 8M
 Heap Initial Capacity: 56M
 Heap Max Capacity: 1G
 Pre-touch: Disabled
 Parallel Workers: 4
 Concurrent Workers: 1
 Concurrent Refinement Workers: 4
 Periodic GC: Disabled

Heap:
 garbage-first heap   total reserved 1048576K, committed 132096K, used 117950K [0x00000000c0000000, 0x0000000100000000)
  region size 1024K, 27 young (27648K), 2 survivors (2048K)

Heap Regions: E=young(eden), S=young(survivor), O=old, HS=humongous(starts), HC=humongous(continues), CS=collection set, F=free, TAMS=top-at-mark-start, PB=parsable bottom
|   0|0x00000000c0000000, 0x00000000c0100000, 0x00000000c0100000|100%|HS|  |TAMS 0x00000000c0000000| PB 0x00000000c0000000| Complete |  0
|   1|0x00000000c0100000, 0x00000000c0200000, 0x00000000c0200000|100%|HC|  |TAMS 0x00000000c0100000| PB 0x00000000c0100000| Complete |  0
|   2|0x00000000c0200000, 0x00000000c0300000, 0x00000000c0300000|100%|HC|  |TAMS 0x00000000c0200000| PB 0x00000000c0200000| Complete |  0
|   3|0x00000000c0300000, 0x00000000c0400000, 0x00000000c0400000|100%|HC|  |TAMS 0x00000000c0300000| PB 0x00000000c0300000| Complete |  0
|   4|0x00000000c0400000, 0x00000000c0500000, 0x00000000c0500000|100%| O|  |TAMS 0x00000000c0400000| PB 0x00000000c0400000| Untracked |  0
|   5|0x00000000c0500000, 0x00000000c0600000, 0x00000000c0600000|100%| O|  |TAMS 0x00000000c0500000| PB 0x00000000c0500000| Untracked |  0
|   6|0x00000000c0600000, 0x00000000c0700000, 0x00000000c0700000|100%| O|  |TAMS 0x00000000c0600000| PB 0x00000000c0600000| Untracked |  0
|   7|0x00000000c0700000, 0x00000000c0800000, 0x00000000c0800000|100%| O|  |TAMS 0x00000000c0700000| PB 0x00000000c0700000| Untracked |  0
|   8|0x00000000c0800000, 0x00000000c0900000, 0x00000000c0900000|100%| O|  |TAMS 0x00000000c0800000| PB 0x00000000c0800000| Untracked |  0
|   9|0x00000000c0900000, 0x00000000c0a00000, 0x00000000c0a00000|100%| O|  |TAMS 0x00000000c0900000| PB 0x00000000c0900000| Untracked |  0
|  10|0x00000000c0a00000, 0x00000000c0b00000, 0x00000000c0b00000|100%| O|  |TAMS 0x00000000c0a00000| PB 0x00000000c0a00000| Untracked |  0
|  11|0x00000000c0b00000, 0x00000000c0c00000, 0x00000000c0c00000|100%| O|  |TAMS 0x00000000c0b00000| PB 0x00000000c0b00000| Untracked |  0
|  12|0x00000000c0c00000, 0x00000000c0d00000, 0x00000000c0d00000|100%|HS|  |TAMS 0x00000000c0c00000| PB 0x00000000c0c00000| Complete |  0
|  13|0x00000000c0d00000, 0x00000000c0e00000, 0x00000000c0e00000|100%| O|  |TAMS 0x00000000c0d00000| PB 0x00000000c0d00000| Untracked |  0
|  14|0x00000000c0e00000, 0x00000000c0f00000, 0x00000000c0f00000|100%| O|  |TAMS 0x00000000c0e00000| PB 0x00000000c0e00000| Untracked |  0
|  15|0x00000000c0f00000, 0x00000000c1000000, 0x00000000c1000000|100%| O|  |TAMS 0x00000000c0f00000| PB 0x00000000c0f00000| Untracked |  0
|  16|0x00000000c1000000, 0x00000000c1100000, 0x00000000c1100000|100%| O|  |TAMS 0x00000000c1000000| PB 0x00000000c1000000| Untracked |  0
|  17|0x00000000c1100000, 0x00000000c1200000, 0x00000000c1200000|100%| O|  |TAMS 0x00000000c1100000| PB 0x00000000c1100000| Untracked |  0
|  18|0x00000000c1200000, 0x00000000c1300000, 0x00000000c1300000|100%| O|  |TAMS 0x00000000c1200000| PB 0x00000000c1200000| Untracked |  0
|  19|0x00000000c1300000, 0x00000000c1400000, 0x00000000c1400000|100%| O|  |TAMS 0x00000000c1300000| PB 0x00000000c1300000| Untracked |  0
|  20|0x00000000c1400000, 0x00000000c1500000, 0x00000000c1500000|100%| O|  |TAMS 0x00000000c1400000| PB 0x00000000c1400000| Untracked |  0
|  21|0x00000000c1500000, 0x00000000c1600000, 0x00000000c1600000|100%| O|  |TAMS 0x00000000c1500000| PB 0x00000000c1500000| Untracked |  0
|  22|0x00000000c1600000, 0x00000000c1700000, 0x00000000c1700000|100%| O|  |TAMS 0x00000000c1600000| PB 0x00000000c1600000| Untracked |  0
|  23|0x00000000c1700000, 0x00000000c1800000, 0x00000000c1800000|100%| O|  |TAMS 0x00000000c1700000| PB 0x00000000c1700000| Untracked |  0
|  24|0x00000000c1800000, 0x00000000c1900000, 0x00000000c1900000|100%| O|  |TAMS 0x00000000c1800000| PB 0x00000000c1800000| Untracked |  0
|  25|0x00000000c1900000, 0x00000000c1a00000, 0x00000000c1a00000|100%| O|  |TAMS 0x00000000c1900000| PB 0x00000000c1900000| Untracked |  0
|  26|0x00000000c1a00000, 0x00000000c1b00000, 0x00000000c1b00000|100%| O|  |TAMS 0x00000000c1a00000| PB 0x00000000c1a00000| Untracked |  0
|  27|0x00000000c1b00000, 0x00000000c1c00000, 0x00000000c1c00000|100%|HS|  |TAMS 0x00000000c1b00000| PB 0x00000000c1b00000| Complete |  0
|  28|0x00000000c1c00000, 0x00000000c1d00000, 0x00000000c1d00000|100%|HS|  |TAMS 0x00000000c1c00000| PB 0x00000000c1c00000| Complete |  0
|  29|0x00000000c1d00000, 0x00000000c1e00000, 0x00000000c1e00000|100%|HS|  |TAMS 0x00000000c1d00000| PB 0x00000000c1d00000| Complete |  0
|  30|0x00000000c1e00000, 0x00000000c1f00000, 0x00000000c1f00000|100%| O|  |TAMS 0x00000000c1e00000| PB 0x00000000c1e00000| Untracked |  0
|  31|0x00000000c1f00000, 0x00000000c2000000, 0x00000000c2000000|100%| O|  |TAMS 0x00000000c1f00000| PB 0x00000000c1f00000| Untracked |  0
|  32|0x00000000c2000000, 0x00000000c2100000, 0x00000000c2100000|100%| O|  |TAMS 0x00000000c2000000| PB 0x00000000c2000000| Untracked |  0
|  33|0x00000000c2100000, 0x00000000c2200000, 0x00000000c2200000|100%| O|  |TAMS 0x00000000c2100000| PB 0x00000000c2100000| Untracked |  0
|  34|0x00000000c2200000, 0x00000000c2300000, 0x00000000c2300000|100%|HS|  |TAMS 0x00000000c2200000| PB 0x00000000c2200000| Complete |  0
|  35|0x00000000c2300000, 0x00000000c2400000, 0x00000000c2400000|100%|HC|  |TAMS 0x00000000c2300000| PB 0x00000000c2300000| Complete |  0
|  36|0x00000000c2400000, 0x00000000c2500000, 0x00000000c2500000|100%|HC|  |TAMS 0x00000000c2400000| PB 0x00000000c2400000| Complete |  0
|  37|0x00000000c2500000, 0x00000000c2600000, 0x00000000c2600000|100%|HC|  |TAMS 0x00000000c2500000| PB 0x00000000c2500000| Complete |  0
|  38|0x00000000c2600000, 0x00000000c2700000, 0x00000000c2700000|100%|HC|  |TAMS 0x00000000c2600000| PB 0x00000000c2600000| Complete |  0
|  39|0x00000000c2700000, 0x00000000c2800000, 0x00000000c2800000|100%|HC|  |TAMS 0x00000000c2700000| PB 0x00000000c2700000| Complete |  0
|  40|0x00000000c2800000, 0x00000000c2900000, 0x00000000c2900000|100%| O|  |TAMS 0x00000000c2800000| PB 0x00000000c2800000| Untracked |  0
|  41|0x00000000c2900000, 0x00000000c2a00000, 0x00000000c2a00000|100%| O|  |TAMS 0x00000000c2900000| PB 0x00000000c2900000| Untracked |  0
|  42|0x00000000c2a00000, 0x00000000c2b00000, 0x00000000c2b00000|100%| O|  |TAMS 0x00000000c2a00000| PB 0x00000000c2a00000| Untracked |  0
|  43|0x00000000c2b00000, 0x00000000c2c00000, 0x00000000c2c00000|100%| O|  |TAMS 0x00000000c2b00000| PB 0x00000000c2b00000| Untracked |  0
|  44|0x00000000c2c00000, 0x00000000c2d00000, 0x00000000c2d00000|100%| O|  |TAMS 0x00000000c2c00000| PB 0x00000000c2c00000| Untracked |  0
|  45|0x00000000c2d00000, 0x00000000c2e00000, 0x00000000c2e00000|100%| O|  |TAMS 0x00000000c2d00000| PB 0x00000000c2d00000| Untracked |  0
|  46|0x00000000c2e00000, 0x00000000c2f00000, 0x00000000c2f00000|100%| O|  |TAMS 0x00000000c2e00000| PB 0x00000000c2e00000| Untracked |  0
|  47|0x00000000c2f00000, 0x00000000c3000000, 0x00000000c3000000|100%| O|  |TAMS 0x00000000c2f00000| PB 0x00000000c2f00000| Untracked |  0
|  48|0x00000000c3000000, 0x00000000c3100000, 0x00000000c3100000|100%| O|  |TAMS 0x00000000c3000000| PB 0x00000000c3000000| Untracked |  0
|  49|0x00000000c3100000, 0x00000000c3200000, 0x00000000c3200000|100%| O|  |TAMS 0x00000000c3100000| PB 0x00000000c3100000| Untracked |  0
|  50|0x00000000c3200000, 0x00000000c3300000, 0x00000000c3300000|100%|HS|  |TAMS 0x00000000c3200000| PB 0x00000000c3200000| Complete |  0
|  51|0x00000000c3300000, 0x00000000c3400000, 0x00000000c3400000|100%|HS|  |TAMS 0x00000000c3300000| PB 0x00000000c3300000| Complete |  0
|  52|0x00000000c3400000, 0x00000000c3400000, 0x00000000c3500000|  0%| F|  |TAMS 0x00000000c3400000| PB 0x00000000c3400000| Untracked |  0
|  53|0x00000000c3500000, 0x00000000c3600000, 0x00000000c3600000|100%| O|  |TAMS 0x00000000c3500000| PB 0x00000000c3500000| Untracked |  0
|  54|0x00000000c3600000, 0x00000000c3700000, 0x00000000c3700000|100%| O|  |TAMS 0x00000000c3600000| PB 0x00000000c3600000| Untracked |  0
|  55|0x00000000c3700000, 0x00000000c3800000, 0x00000000c3800000|100%| O|  |TAMS 0x00000000c3700000| PB 0x00000000c3700000| Untracked |  0
|  56|0x00000000c3800000, 0x00000000c3900000, 0x00000000c3900000|100%|HS|  |TAMS 0x00000000c3800000| PB 0x00000000c3800000| Complete |  0
|  57|0x00000000c3900000, 0x00000000c3a00000, 0x00000000c3a00000|100%|HC|  |TAMS 0x00000000c3900000| PB 0x00000000c3900000| Complete |  0
|  58|0x00000000c3a00000, 0x00000000c3b00000, 0x00000000c3b00000|100%|HC|  |TAMS 0x00000000c3a00000| PB 0x00000000c3a00000| Complete |  0
|  59|0x00000000c3b00000, 0x00000000c3c00000, 0x00000000c3c00000|100%|HC|  |TAMS 0x00000000c3b00000| PB 0x00000000c3b00000| Complete |  0
|  60|0x00000000c3c00000, 0x00000000c3d00000, 0x00000000c3d00000|100%|HC|  |TAMS 0x00000000c3c00000| PB 0x00000000c3c00000| Complete |  0
|  61|0x00000000c3d00000, 0x00000000c3e00000, 0x00000000c3e00000|100%|HC|  |TAMS 0x00000000c3d00000| PB 0x00000000c3d00000| Complete |  0
|  62|0x00000000c3e00000, 0x00000000c3f00000, 0x00000000c3f00000|100%|HS|  |TAMS 0x00000000c3e00000| PB 0x00000000c3e00000| Complete |  0
|  63|0x00000000c3f00000, 0x00000000c4000000, 0x00000000c4000000|100%| O|  |TAMS 0x00000000c3f00000| PB 0x00000000c3f00000| Untracked |  0
|  64|0x00000000c4000000, 0x00000000c4100000, 0x00000000c4100000|100%| O|  |TAMS 0x00000000c4000000| PB 0x00000000c4000000| Untracked |  0
|  65|0x00000000c4100000, 0x00000000c4100000, 0x00000000c4200000|  0%| F|  |TAMS 0x00000000c4100000| PB 0x00000000c4100000| Untracked |  0
|  66|0x00000000c4200000, 0x00000000c4300000, 0x00000000c4300000|100%| O|  |TAMS 0x00000000c4200000| PB 0x00000000c4200000| Untracked |  0
|  67|0x00000000c4300000, 0x00000000c4400000, 0x00000000c4400000|100%| O|  |TAMS 0x00000000c4300000| PB 0x00000000c4300000| Untracked |  0
|  68|0x00000000c4400000, 0x00000000c4500000, 0x00000000c4500000|100%| O|  |TAMS 0x00000000c4400000| PB 0x00000000c4400000| Untracked |  0
|  69|0x00000000c4500000, 0x00000000c4600000, 0x00000000c4600000|100%| O|  |TAMS 0x00000000c4500000| PB 0x00000000c4500000| Untracked |  0
|  70|0x00000000c4600000, 0x00000000c4700000, 0x00000000c4700000|100%| O|  |TAMS 0x00000000c4600000| PB 0x00000000c4600000| Untracked |  0
|  71|0x00000000c4700000, 0x00000000c4800000, 0x00000000c4800000|100%| O|  |TAMS 0x00000000c4700000| PB 0x00000000c4700000| Untracked |  0
|  72|0x00000000c4800000, 0x00000000c4900000, 0x00000000c4900000|100%|HS|  |TAMS 0x00000000c4800000| PB 0x00000000c4800000| Complete |  0
|  73|0x00000000c4900000, 0x00000000c4a00000, 0x00000000c4a00000|100%|HS|  |TAMS 0x00000000c4900000| PB 0x00000000c4900000| Complete |  0
|  74|0x00000000c4a00000, 0x00000000c4b00000, 0x00000000c4b00000|100%|HC|  |TAMS 0x00000000c4a00000| PB 0x00000000c4a00000| Complete |  0
|  75|0x00000000c4b00000, 0x00000000c4c00000, 0x00000000c4c00000|100%|HS|  |TAMS 0x00000000c4b00000| PB 0x00000000c4b00000| Complete |  0
|  76|0x00000000c4c00000, 0x00000000c4d00000, 0x00000000c4d00000|100%|HS|  |TAMS 0x00000000c4c00000| PB 0x00000000c4c00000| Complete |  0
|  77|0x00000000c4d00000, 0x00000000c4e00000, 0x00000000c4e00000|100%|HS|  |TAMS 0x00000000c4d00000| PB 0x00000000c4d00000| Complete |  0
|  78|0x00000000c4e00000, 0x00000000c4f00000, 0x00000000c4f00000|100%|HS|  |TAMS 0x00000000c4e00000| PB 0x00000000c4e00000| Complete |  0
|  79|0x00000000c4f00000, 0x00000000c5000000, 0x00000000c5000000|100%| O|  |TAMS 0x00000000c4f00000| PB 0x00000000c4f00000| Untracked |  0
|  80|0x00000000c5000000, 0x00000000c5100000, 0x00000000c5100000|100%|HS|  |TAMS 0x00000000c5000000| PB 0x00000000c5000000| Complete |  0
|  81|0x00000000c5100000, 0x00000000c5200000, 0x00000000c5200000|100%| O|  |TAMS 0x00000000c5100000| PB 0x00000000c5100000| Untracked |  0
|  82|0x00000000c5200000, 0x00000000c5300000, 0x00000000c5300000|100%| O|  |TAMS 0x00000000c5200000| PB 0x00000000c5200000| Untracked |  0
|  83|0x00000000c5300000, 0x00000000c5300000, 0x00000000c5400000|  0%| F|  |TAMS 0x00000000c5300000| PB 0x00000000c5300000| Untracked |  0
|  84|0x00000000c5400000, 0x00000000c5400000, 0x00000000c5500000|  0%| F|  |TAMS 0x00000000c5400000| PB 0x00000000c5400000| Untracked |  0
|  85|0x00000000c5500000, 0x00000000c5500000, 0x00000000c5600000|  0%| F|  |TAMS 0x00000000c5500000| PB 0x00000000c5500000| Untracked |  0
|  86|0x00000000c5600000, 0x00000000c5600000, 0x00000000c5700000|  0%| F|  |TAMS 0x00000000c5600000| PB 0x00000000c5600000| Untracked |  0
|  87|0x00000000c5700000, 0x00000000c5700000, 0x00000000c5800000|  0%| F|  |TAMS 0x00000000c5700000| PB 0x00000000c5700000| Untracked |  0
|  88|0x00000000c5800000, 0x00000000c5900000, 0x00000000c5900000|100%| O|  |TAMS 0x00000000c5800000| PB 0x00000000c5800000| Untracked |  0
|  89|0x00000000c5900000, 0x00000000c5a00000, 0x00000000c5a00000|100%| O|  |TAMS 0x00000000c5900000| PB 0x00000000c5900000| Untracked |  0
|  90|0x00000000c5a00000, 0x00000000c5b00000, 0x00000000c5b00000|100%| O|  |TAMS 0x00000000c5a00000| PB 0x00000000c5a00000| Untracked |  0
|  91|0x00000000c5b00000, 0x00000000c5c00000, 0x00000000c5c00000|100%| O|  |TAMS 0x00000000c5b00000| PB 0x00000000c5b00000| Untracked |  0
|  92|0x00000000c5c00000, 0x00000000c5cbd360, 0x00000000c5d00000| 73%| S|CS|TAMS 0x00000000c5c00000| PB 0x00000000c5c00000| Complete |  0
|  93|0x00000000c5d00000, 0x00000000c5e00000, 0x00000000c5e00000|100%| S|CS|TAMS 0x00000000c5d00000| PB 0x00000000c5d00000| Complete |  0
|  94|0x00000000c5e00000, 0x00000000c5e00000, 0x00000000c5f00000|  0%| F|  |TAMS 0x00000000c5e00000| PB 0x00000000c5e00000| Untracked |  0
|  95|0x00000000c5f00000, 0x00000000c5f00000, 0x00000000c6000000|  0%| F|  |TAMS 0x00000000c5f00000| PB 0x00000000c5f00000| Untracked |  0
|  96|0x00000000c6000000, 0x00000000c6000000, 0x00000000c6100000|  0%| F|  |TAMS 0x00000000c6000000| PB 0x00000000c6000000| Untracked |  0
|  97|0x00000000c6100000, 0x00000000c6100000, 0x00000000c6200000|  0%| F|  |TAMS 0x00000000c6100000| PB 0x00000000c6100000| Untracked |  0
|  98|0x00000000c6200000, 0x00000000c6278360, 0x00000000c6300000| 46%| E|  |TAMS 0x00000000c6200000| PB 0x00000000c6200000| Complete |  0
|  99|0x00000000c6300000, 0x00000000c6400000, 0x00000000c6400000|100%| E|CS|TAMS 0x00000000c6300000| PB 0x00000000c6300000| Complete |  0
| 100|0x00000000c6400000, 0x00000000c6500000, 0x00000000c6500000|100%| E|CS|TAMS 0x00000000c6400000| PB 0x00000000c6400000| Complete |  0
| 101|0x00000000c6500000, 0x00000000c6600000, 0x00000000c6600000|100%| E|CS|TAMS 0x00000000c6500000| PB 0x00000000c6500000| Complete |  0
| 102|0x00000000c6600000, 0x00000000c6700000, 0x00000000c6700000|100%| E|CS|TAMS 0x00000000c6600000| PB 0x00000000c6600000| Complete |  0
| 103|0x00000000c6700000, 0x00000000c6800000, 0x00000000c6800000|100%| E|CS|TAMS 0x00000000c6700000| PB 0x00000000c6700000| Complete |  0
| 104|0x00000000c6800000, 0x00000000c6900000, 0x00000000c6900000|100%| E|CS|TAMS 0x00000000c6800000| PB 0x00000000c6800000| Complete |  0
| 105|0x00000000c6900000, 0x00000000c6a00000, 0x00000000c6a00000|100%| E|CS|TAMS 0x00000000c6900000| PB 0x00000000c6900000| Complete |  0
| 106|0x00000000c6a00000, 0x00000000c6b00000, 0x00000000c6b00000|100%| E|CS|TAMS 0x00000000c6a00000| PB 0x00000000c6a00000| Complete |  0
| 107|0x00000000c6b00000, 0x00000000c6c00000, 0x00000000c6c00000|100%| E|CS|TAMS 0x00000000c6b00000| PB 0x00000000c6b00000| Complete |  0
| 108|0x00000000c6c00000, 0x00000000c6d00000, 0x00000000c6d00000|100%| E|CS|TAMS 0x00000000c6c00000| PB 0x00000000c6c00000| Complete |  0
| 109|0x00000000c6d00000, 0x00000000c6e00000, 0x00000000c6e00000|100%| E|CS|TAMS 0x00000000c6d00000| PB 0x00000000c6d00000| Complete |  0
| 110|0x00000000c6e00000, 0x00000000c6f00000, 0x00000000c6f00000|100%| E|CS|TAMS 0x00000000c6e00000| PB 0x00000000c6e00000| Complete |  0
| 111|0x00000000c6f00000, 0x00000000c7000000, 0x00000000c7000000|100%| E|CS|TAMS 0x00000000c6f00000| PB 0x00000000c6f00000| Complete |  0
| 112|0x00000000c7000000, 0x00000000c7100000, 0x00000000c7100000|100%| E|CS|TAMS 0x00000000c7000000| PB 0x00000000c7000000| Complete |  0
| 113|0x00000000c7100000, 0x00000000c7200000, 0x00000000c7200000|100%| E|CS|TAMS 0x00000000c7100000| PB 0x00000000c7100000| Complete |  0
| 114|0x00000000c7200000, 0x00000000c7300000, 0x00000000c7300000|100%| E|CS|TAMS 0x00000000c7200000| PB 0x00000000c7200000| Complete |  0
| 115|0x00000000c7300000, 0x00000000c7400000, 0x00000000c7400000|100%| E|CS|TAMS 0x00000000c7300000| PB 0x00000000c7300000| Complete |  0
| 116|0x00000000c7400000, 0x00000000c7500000, 0x00000000c7500000|100%| E|CS|TAMS 0x00000000c7400000| PB 0x00000000c7400000| Complete |  0
| 117|0x00000000c7500000, 0x00000000c7600000, 0x00000000c7600000|100%| E|CS|TAMS 0x00000000c7500000| PB 0x00000000c7500000| Complete |  0
| 118|0x00000000c7600000, 0x00000000c7700000, 0x00000000c7700000|100%| E|  |TAMS 0x00000000c7600000| PB 0x00000000c7600000| Complete |  0
|1014|0x00000000ff600000, 0x00000000ff672740, 0x00000000ff700000| 44%| O|  |TAMS 0x00000000ff600000| PB 0x00000000ff600000| Untracked |  0
|1015|0x00000000ff700000, 0x00000000ff800000, 0x00000000ff800000|100%| O|  |TAMS 0x00000000ff700000| PB 0x00000000ff700000| Untracked |  0
|1016|0x00000000ff800000, 0x00000000ff900000, 0x00000000ff900000|100%| O|  |TAMS 0x00000000ff800000| PB 0x00000000ff800000| Untracked |  0
|1017|0x00000000ff900000, 0x00000000ffa00000, 0x00000000ffa00000|100%| O|  |TAMS 0x00000000ff900000| PB 0x00000000ff900000| Untracked |  0
|1018|0x00000000ffa00000, 0x00000000ffb00000, 0x00000000ffb00000|100%| E|CS|TAMS 0x00000000ffa00000| PB 0x00000000ffa00000| Complete |  0
|1019|0x00000000ffb00000, 0x00000000ffc00000, 0x00000000ffc00000|100%| O|  |TAMS 0x00000000ffb00000| PB 0x00000000ffb00000| Untracked |  0
|1020|0x00000000ffc00000, 0x00000000ffd00000, 0x00000000ffd00000|100%| E|CS|TAMS 0x00000000ffc00000| PB 0x00000000ffc00000| Complete |  0
|1021|0x00000000ffd00000, 0x00000000ffe00000, 0x00000000ffe00000|100%| O|  |TAMS 0x00000000ffd00000| PB 0x00000000ffd00000| Untracked |  0
|1022|0x00000000ffe00000, 0x00000000fff00000, 0x00000000fff00000|100%| E|CS|TAMS 0x00000000ffe00000| PB 0x00000000ffe00000| Complete |  0
|1023|0x00000000fff00000, 0x0000000100000000, 0x0000000100000000|100%| E|CS|TAMS 0x00000000fff00000| PB 0x00000000fff00000| Complete |  0

Card table byte_map: [0x000001db4fa40000,0x000001db4fc40000] _byte_map_base: 0x000001db4f440000

Marking Bits: (CMBitMap*) 0x000001db3d36e840
 Bits: [0x000001db4fc40000, 0x000001db50c40000)

Polling page: 0x000001db3b190000

Metaspace:
Metaspace        used 78278K, committed 80256K, reserved 458752K
 class space     used 11493K, committed 12416K, reserved 327680K

Usage:
  Non-class:     65.22 MB used.
      Class:     11.22 MB used.
       Both:     76.44 MB used.

Virtual space:
  Non-class space:      128.00 MB reserved,      66.25 MB ( 52%) committed,  2 nodes.
      Class space:      320.00 MB reserved,      12.12 MB (  4%) committed,  1 nodes.
             Both:      448.00 MB reserved,      78.38 MB ( 17%) committed. 

Chunk freelists:
   Non-Class:  12.86 MB
       Class:  3.80 MB
        Both:  16.66 MB

MaxMetaspaceSize: 384.00 MB
CompressedClassSpaceSize: 320.00 MB
Initial GC threshold: 21.00 MB
Current GC threshold: 122.75 MB
CDS: off
 - commit_granule_bytes: 65536.
 - commit_granule_words: 8192.
 - virtual_space_node_default_size: 8388608.
 - enlarge_chunks_in_place: 1.
UseCompressedClassPointers 1, UseCompactObjectHeaders 0
Narrow klass pointer bits 32, Max shift 3
Narrow klass base: 0x0000000000000000, Narrow klass shift: 0
Encoding Range: [0x0000000000000000 - 0x0000000100000000), (4294967296 bytes)
Klass Range:    [0x0000000019000000 - 0x000000002d000000), (335544320 bytes)
Klass ID Range:  [419430400 - 754974713) (335544313)
No protection zone.


Internal statistics:

num_allocs_failed_limit: 6.
num_arena_births: 3578.
num_arena_deaths: 0.
num_vsnodes_births: 3.
num_vsnodes_deaths: 0.
num_space_committed: 1254.
num_space_uncommitted: 0.
num_chunks_returned_to_freelist: 6.
num_chunks_taken_from_freelist: 6808.
num_chunk_merges: 6.
num_chunk_splits: 4444.
num_chunks_enlarged: 2806.
num_inconsistent_stats: 0.

CodeHeap 'non-profiled nmethods': size=120064Kb used=3374Kb max_used=3374Kb free=116689Kb
 bounds [0x000001db48300000, 0x000001db48650000, 0x000001db4f840000]
CodeHeap 'profiled nmethods': size=120064Kb used=11419Kb max_used=11419Kb free=108644Kb
 bounds [0x000001db40820000, 0x000001db41350000, 0x000001db47d60000]
CodeHeap 'non-nmethods': size=5760Kb used=1970Kb max_used=2050Kb free=3789Kb
 bounds [0x000001db47d60000, 0x000001db47fd0000, 0x000001db48300000]
CodeCache: size=245888Kb, used=16763Kb, max_used=16843Kb, free=229122Kb
 total_blobs=8938, nmethods=8098, adapters=742, full_count=0
Compilation: enabled, stopped_count=0, restarted_count=0

Compilation events (20 events):
Event: 67.089 Thread 0x000001db531f5d90 9269       4       sun.util.locale.BaseLocale::hashCode (169 bytes)
Event: 67.090 Thread 0x000001db53241550 nmethod 9268 0x000001db4133d588 code [0x000001db4133d680, 0x000001db4133ee50]
Event: 67.097 Thread 0x000001db53241550 9272       3       java.util.Locale::stripExtensions (20 bytes)
Event: 67.097 Thread 0x000001db53241550 nmethod 9272 0x000001db4133ee88 code [0x000001db4133ef80, 0x000001db4133f250]
Event: 67.099 Thread 0x000001db531f5d90 nmethod 9269 0x000001db4864ac08 code [0x000001db4864ad00, 0x000001db4864b200]
Event: 67.099 Thread 0x000001db531f5d90 9271       4       sun.util.locale.LocaleUtils::toLowerString (95 bytes)
Event: 67.109 Thread 0x000001db531f5d90 nmethod 9271 0x000001db4864b288 code [0x000001db4864b380, 0x000001db4864bb70]
Event: 67.109 Thread 0x000001db531f5d90 9270       4       sun.util.locale.BaseLocale::getInstance (160 bytes)
Event: 67.110 Thread 0x000001db53241550 9273       3       java.security.SecureClassLoader$1::apply (9 bytes)
Event: 67.110 Thread 0x000001db53241550 nmethod 9273 0x000001db4133f288 code [0x000001db4133f380, 0x000001db4133f590]
Event: 67.110 Thread 0x000001db53241550 9274       3       java.security.SecureClassLoader$1::apply (32 bytes)
Event: 67.110 Thread 0x000001db53241550 nmethod 9274 0x000001db4133f608 code [0x000001db4133f700, 0x000001db4133f990]
Event: 67.110 Thread 0x000001db53241550 9275       3       java.security.Permissions::<init> (28 bytes)
Event: 67.111 Thread 0x000001db53241550 nmethod 9275 0x000001db4133fa08 code [0x000001db4133fb20, 0x000001db4133fe88]
Event: 67.154 Thread 0x000001db53241550 9276       3       org.objectweb.asm.AnnotationWriter::visit (935 bytes)
Event: 67.158 Thread 0x000001db53241550 nmethod 9276 0x000001db4133ff08 code [0x000001db41340000, 0x000001db41344b78]
Event: 67.158 Thread 0x000001db53241550 9277       3       com.google.common.collect.AbstractMapBasedMultimap::<init> (19 bytes)
Event: 67.159 Thread 0x000001db53241550 nmethod 9277 0x000001db41344c08 code [0x000001db41344d00, 0x000001db41345138]
Event: 69.031 Thread 0x000001db53241550 9278       3       java.util.HashMap$ValueSpliterator::forEachRemaining (186 bytes)
Event: 69.032 Thread 0x000001db53241550 nmethod 9278 0x000001db41345188 code [0x000001db41345280, 0x000001db41345a00]

GC Heap Usage History (20 events):
Event: 37.246 {heap Before GC invocations=25 (full 0):
 garbage-first heap   total reserved 1048576K, committed 101376K, used 89820K [0x00000000c0000000, 0x0000000100000000)
  region size 1024K, 32 young (32768K), 4 survivors (4096K)
}
Event: 37.256 {heap After GC invocations=26 (full 0):
 garbage-first heap   total reserved 1048576K, committed 101376K, used 65242K [0x00000000c0000000, 0x0000000100000000)
  region size 1024K, 4 young (4096K), 4 survivors (4096K)
}
Event: 37.854 {heap Before GC invocations=26 (full 0):
 garbage-first heap   total reserved 1048576K, committed 101376K, used 90842K [0x00000000c0000000, 0x0000000100000000)
  region size 1024K, 29 young (29696K), 4 survivors (4096K)
}
Event: 37.859 {heap After GC invocations=27 (full 0):
 garbage-first heap   total reserved 1048576K, committed 101376K, used 66074K [0x00000000c0000000, 0x0000000100000000)
  region size 1024K, 1 young (1024K), 1 survivors (1024K)
}
Event: 39.559 {heap Before GC invocations=28 (full 0):
 garbage-first heap   total reserved 1048576K, committed 111616K, used 91674K [0x00000000c0000000, 0x0000000100000000)
  region size 1024K, 27 young (27648K), 1 survivors (1024K)
}
Event: 39.564 {heap After GC invocations=29 (full 0):
 garbage-first heap   total reserved 1048576K, committed 111616K, used 67177K [0x00000000c0000000, 0x0000000100000000)
  region size 1024K, 2 young (2048K), 2 survivors (2048K)
}
Event: 44.393 {heap Before GC invocations=29 (full 0):
 garbage-first heap   total reserved 1048576K, committed 111616K, used 100969K [0x00000000c0000000, 0x0000000100000000)
  region size 1024K, 36 young (36864K), 2 survivors (2048K)
}
Event: 44.400 {heap After GC invocations=30 (full 0):
 garbage-first heap   total reserved 1048576K, committed 111616K, used 68788K [0x00000000c0000000, 0x0000000100000000)
  region size 1024K, 4 young (4096K), 4 survivors (4096K)
}
Event: 47.548 {heap Before GC invocations=30 (full 0):
 garbage-first heap   total reserved 1048576K, committed 111616K, used 103604K [0x00000000c0000000, 0x0000000100000000)
  region size 1024K, 38 young (38912K), 4 survivors (4096K)
}
Event: 47.557 {heap After GC invocations=31 (full 0):
 garbage-first heap   total reserved 1048576K, committed 111616K, used 70729K [0x00000000c0000000, 0x0000000100000000)
  region size 1024K, 4 young (4096K), 4 survivors (4096K)
}
Event: 50.308 {heap Before GC invocations=32 (full 0):
 garbage-first heap   total reserved 1048576K, committed 119808K, used 102473K [0x00000000c0000000, 0x0000000100000000)
  region size 1024K, 36 young (36864K), 4 survivors (4096K)
}
Event: 50.319 {heap After GC invocations=33 (full 0):
 garbage-first heap   total reserved 1048576K, committed 119808K, used 74722K [0x00000000c0000000, 0x0000000100000000)
  region size 1024K, 5 young (5120K), 5 survivors (5120K)
}
Event: 51.526 {heap Before GC invocations=33 (full 0):
 garbage-first heap   total reserved 1048576K, committed 119808K, used 109538K [0x00000000c0000000, 0x0000000100000000)
  region size 1024K, 40 young (40960K), 5 survivors (5120K)
}
Event: 51.540 {heap After GC invocations=34 (full 0):
 garbage-first heap   total reserved 1048576K, committed 119808K, used 75459K [0x00000000c0000000, 0x0000000100000000)
  region size 1024K, 2 young (2048K), 2 survivors (2048K)
}
Event: 55.130 {heap Before GC invocations=34 (full 0):
 garbage-first heap   total reserved 1048576K, committed 119808K, used 110275K [0x00000000c0000000, 0x0000000100000000)
  region size 1024K, 37 young (37888K), 2 survivors (2048K)
}
Event: 55.137 {heap After GC invocations=35 (full 0):
 garbage-first heap   total reserved 1048576K, committed 119808K, used 76458K [0x00000000c0000000, 0x0000000100000000)
  region size 1024K, 3 young (3072K), 3 survivors (3072K)
}
Event: 64.865 {heap Before GC invocations=36 (full 0):
 garbage-first heap   total reserved 1048576K, committed 128000K, used 120490K [0x00000000c0000000, 0x0000000100000000)
  region size 1024K, 38 young (38912K), 3 survivors (3072K)
}
Event: 64.874 {heap After GC invocations=37 (full 0):
 garbage-first heap   total reserved 1048576K, committed 131072K, used 91046K [0x00000000c0000000, 0x0000000100000000)
  region size 1024K, 5 young (5120K), 5 survivors (5120K)
}
Event: 66.809 {heap Before GC invocations=37 (full 0):
 garbage-first heap   total reserved 1048576K, committed 131072K, used 121766K [0x00000000c0000000, 0x0000000100000000)
  region size 1024K, 34 young (34816K), 5 survivors (5120K)
}
Event: 66.817 {heap After GC invocations=38 (full 0):
 garbage-first heap   total reserved 1048576K, committed 132096K, used 94398K [0x00000000c0000000, 0x0000000100000000)
  region size 1024K, 2 young (2048K), 2 survivors (2048K)
}

Metaspace Usage History (20 events):
Event: 37.246 {metaspace Before GC invocations=25 (full 0):
 Metaspace       used 58441K, committed 60096K, reserved 393216K
  class space    used 8585K, committed 9344K, reserved 327680K
}
Event: 37.256 {metaspace After GC invocations=26 (full 0):
 Metaspace       used 58441K, committed 60096K, reserved 393216K
  class space    used 8585K, committed 9344K, reserved 327680K
}
Event: 37.854 {metaspace Before GC invocations=26 (full 0):
 Metaspace       used 59722K, committed 61440K, reserved 393216K
  class space    used 8825K, committed 9600K, reserved 327680K
}
Event: 37.859 {metaspace After GC invocations=27 (full 0):
 Metaspace       used 59722K, committed 61440K, reserved 393216K
  class space    used 8825K, committed 9600K, reserved 327680K
}
Event: 39.559 {metaspace Before GC invocations=28 (full 0):
 Metaspace       used 63013K, committed 64704K, reserved 393216K
  class space    used 9339K, committed 10112K, reserved 327680K
}
Event: 39.564 {metaspace After GC invocations=29 (full 0):
 Metaspace       used 63013K, committed 64704K, reserved 393216K
  class space    used 9339K, committed 10112K, reserved 327680K
}
Event: 44.393 {metaspace Before GC invocations=29 (full 0):
 Metaspace       used 67894K, committed 69696K, reserved 393216K
  class space    used 10070K, committed 10944K, reserved 327680K
}
Event: 44.400 {metaspace After GC invocations=30 (full 0):
 Metaspace       used 67894K, committed 69696K, reserved 393216K
  class space    used 10070K, committed 10944K, reserved 327680K
}
Event: 47.548 {metaspace Before GC invocations=30 (full 0):
 Metaspace       used 71787K, committed 73664K, reserved 393216K
  class space    used 10709K, committed 11584K, reserved 327680K
}
Event: 47.557 {metaspace After GC invocations=31 (full 0):
 Metaspace       used 71787K, committed 73664K, reserved 393216K
  class space    used 10709K, committed 11584K, reserved 327680K
}
Event: 50.308 {metaspace Before GC invocations=32 (full 0):
 Metaspace       used 73163K, committed 75072K, reserved 393216K
  class space    used 10928K, committed 11840K, reserved 327680K
}
Event: 50.319 {metaspace After GC invocations=33 (full 0):
 Metaspace       used 73163K, committed 75072K, reserved 393216K
  class space    used 10928K, committed 11840K, reserved 327680K
}
Event: 51.526 {metaspace Before GC invocations=33 (full 0):
 Metaspace       used 73441K, committed 75392K, reserved 393216K
  class space    used 10929K, committed 11840K, reserved 327680K
}
Event: 51.540 {metaspace After GC invocations=34 (full 0):
 Metaspace       used 73441K, committed 75392K, reserved 393216K
  class space    used 10929K, committed 11840K, reserved 327680K
}
Event: 55.130 {metaspace Before GC invocations=34 (full 0):
 Metaspace       used 73463K, committed 75392K, reserved 393216K
  class space    used 10930K, committed 11840K, reserved 327680K
}
Event: 55.137 {metaspace After GC invocations=35 (full 0):
 Metaspace       used 73463K, committed 75392K, reserved 393216K
  class space    used 10930K, committed 11840K, reserved 327680K
}
Event: 64.866 {metaspace Before GC invocations=36 (full 0):
 Metaspace       used 74058K, committed 75968K, reserved 393216K
  class space    used 11003K, committed 11904K, reserved 327680K
}
Event: 64.874 {metaspace After GC invocations=37 (full 0):
 Metaspace       used 74058K, committed 75968K, reserved 393216K
  class space    used 11003K, committed 11904K, reserved 327680K
}
Event: 66.809 {metaspace Before GC invocations=37 (full 0):
 Metaspace       used 76112K, committed 78016K, reserved 458752K
  class space    used 11259K, committed 12160K, reserved 327680K
}
Event: 66.817 {metaspace After GC invocations=38 (full 0):
 Metaspace       used 76112K, committed 78016K, reserved 458752K
  class space    used 11259K, committed 12160K, reserved 327680K
}

Dll operation events (3 events):
Event: 0.070 Loaded shared library C:\Program Files\Android\Android Studio\jbr\bin\java.dll
Event: 0.098 Loaded shared library C:\Program Files\Android\Android Studio\jbr\bin\zip.dll
Event: 6.382 Loaded shared library C:\Program Files\Android\Android Studio\jbr\bin\verify.dll

Deoptimization events (20 events):
Event: 66.818 Thread 0x000001db533d0e50 DEOPT PACKING pc=0x000001db484a1d18 sp=0x0000000bbe9ef990
Event: 66.818 Thread 0x000001db533d0e50 DEOPT UNPACKING pc=0x000001db47de4602 sp=0x0000000bbe9ef840 mode 2
Event: 66.929 Thread 0x000001db533d0e50 Uncommon trap: trap_request=0xffffffc6 fr.pc=0x000001db4843fc50 relative=0x0000000000000cd0
Event: 66.929 Thread 0x000001db533d0e50 Uncommon trap: reason=bimorphic_or_optimized_type_check action=maybe_recompile pc=0x000001db4843fc50 method=java.util.Properties$LineReader.readLine()I @ 479 c2
Event: 66.929 Thread 0x000001db533d0e50 DEOPT PACKING pc=0x000001db4843fc50 sp=0x0000000bbe9f5090
Event: 66.929 Thread 0x000001db533d0e50 DEOPT UNPACKING pc=0x000001db47de4602 sp=0x0000000bbe9f5018 mode 2
Event: 66.975 Thread 0x000001db533d0e50 Uncommon trap: trap_request=0xffffffc6 fr.pc=0x000001db48611954 relative=0x0000000000000354
Event: 66.975 Thread 0x000001db533d0e50 Uncommon trap: reason=bimorphic_or_optimized_type_check action=maybe_recompile pc=0x000001db48611954 method=com.google.common.collect.NaturalOrdering.compare(Ljava/lang/Comparable;Ljava/lang/Comparable;)I @ 12 c2
Event: 66.975 Thread 0x000001db533d0e50 DEOPT PACKING pc=0x000001db48611954 sp=0x0000000bbe9f44d0
Event: 66.975 Thread 0x000001db533d0e50 DEOPT UNPACKING pc=0x000001db47de4602 sp=0x0000000bbe9f43e0 mode 2
Event: 66.975 Thread 0x000001db533d0e50 Uncommon trap: trap_request=0xffffffc6 fr.pc=0x000001db48611954 relative=0x0000000000000354
Event: 66.975 Thread 0x000001db533d0e50 Uncommon trap: reason=bimorphic_or_optimized_type_check action=maybe_recompile pc=0x000001db48611954 method=com.google.common.collect.NaturalOrdering.compare(Ljava/lang/Comparable;Ljava/lang/Comparable;)I @ 12 c2
Event: 66.975 Thread 0x000001db533d0e50 DEOPT PACKING pc=0x000001db48611954 sp=0x0000000bbe9f4690
Event: 66.975 Thread 0x000001db533d0e50 DEOPT UNPACKING pc=0x000001db47de4602 sp=0x0000000bbe9f45b8 mode 2
Event: 67.009 Thread 0x000001db533d0e50 DEOPT PACKING pc=0x000001db4109bc15 sp=0x0000000bbe9f2660
Event: 67.009 Thread 0x000001db533d0e50 DEOPT UNPACKING pc=0x000001db47db1702 sp=0x0000000bbe9f1b48 mode 0
Event: 67.078 Thread 0x000001db533d0e50 DEOPT PACKING pc=0x000001db40951222 sp=0x0000000bbe9f3e90
Event: 67.078 Thread 0x000001db533d0e50 DEOPT UNPACKING pc=0x000001db47db1702 sp=0x0000000bbe9f33a0 mode 0
Event: 68.307 Thread 0x000001db533d0e50 DEOPT PACKING pc=0x000001db40951222 sp=0x0000000bbe9ed580
Event: 68.307 Thread 0x000001db533d0e50 DEOPT UNPACKING pc=0x000001db47db1702 sp=0x0000000bbe9eca90 mode 0

Classes loaded (20 events):
Event: 47.217 Loading class org/xml/sax/Locator
Event: 47.218 Loading class org/xml/sax/Locator done
Event: 47.224 Loading class org/xml/sax/SAXParseException
Event: 47.225 Loading class org/xml/sax/SAXParseException done
Event: 47.226 Loading class org/xml/sax/Attributes
Event: 47.226 Loading class org/xml/sax/Attributes done
Event: 47.350 Loading class java/lang/classfile/CodeModel
Event: 47.350 Loading class java/lang/classfile/CodeModel done
Event: 47.600 Loading class java/util/TreeMap$KeySpliterator
Event: 47.601 Loading class java/util/TreeMap$TreeMapSpliterator
Event: 47.601 Loading class java/util/TreeMap$TreeMapSpliterator done
Event: 47.601 Loading class java/util/TreeMap$KeySpliterator done
Event: 50.061 Loading class java/util/LinkedList$LLSpliterator
Event: 50.062 Loading class java/util/LinkedList$LLSpliterator done
Event: 50.548 Loading class java/util/concurrent/atomic/Striped64$Cell
Event: 50.549 Loading class java/util/concurrent/atomic/Striped64$Cell done
Event: 66.762 Loading class java/util/Currency
Event: 66.763 Loading class java/util/Currency done
Event: 66.956 Loading class java/util/Comparators$NullComparator
Event: 66.956 Loading class java/util/Comparators$NullComparator done

Classes unloaded (0 events):
No events

Classes redefined (0 events):
No events

Internal exceptions (20 events):
Event: 68.264 Thread 0x000001db533d0e50 Exception <a 'sun/nio/fs/WindowsException'{0x00000000c6b2eae8}> (0x00000000c6b2eae8) 
thrown [s\src\hotspot\share\prims\jni.cpp, line 535]
Event: 68.266 Thread 0x000001db533d0e50 Exception <a 'sun/nio/fs/WindowsException'{0x00000000c6b3b908}> (0x00000000c6b3b908) 
thrown [s\src\hotspot\share\prims\jni.cpp, line 535]
Event: 68.269 Thread 0x000001db533d0e50 Exception <a 'sun/nio/fs/WindowsException'{0x00000000c6b48718}> (0x00000000c6b48718) 
thrown [s\src\hotspot\share\prims\jni.cpp, line 535]
Event: 68.271 Thread 0x000001db533d0e50 Exception <a 'sun/nio/fs/WindowsException'{0x00000000c6b55400}> (0x00000000c6b55400) 
thrown [s\src\hotspot\share\prims\jni.cpp, line 535]
Event: 68.275 Thread 0x000001db533d0e50 Exception <a 'sun/nio/fs/WindowsException'{0x00000000c6b68110}> (0x00000000c6b68110) 
thrown [s\src\hotspot\share\prims\jni.cpp, line 535]
Event: 68.278 Thread 0x000001db533d0e50 Exception <a 'sun/nio/fs/WindowsException'{0x00000000c6b77448}> (0x00000000c6b77448) 
thrown [s\src\hotspot\share\prims\jni.cpp, line 535]
Event: 68.280 Thread 0x000001db533d0e50 Exception <a 'sun/nio/fs/WindowsException'{0x00000000c6b83a00}> (0x00000000c6b83a00) 
thrown [s\src\hotspot\share\prims\jni.cpp, line 535]
Event: 68.283 Thread 0x000001db533d0e50 Exception <a 'sun/nio/fs/WindowsException'{0x00000000c6b91960}> (0x00000000c6b91960) 
thrown [s\src\hotspot\share\prims\jni.cpp, line 535]
Event: 68.288 Thread 0x000001db533d0e50 Exception <a 'sun/nio/fs/WindowsException'{0x00000000c6baf298}> (0x00000000c6baf298) 
thrown [s\src\hotspot\share\prims\jni.cpp, line 535]
Event: 68.300 Thread 0x000001db533d0e50 Exception <a 'sun/nio/fs/WindowsException'{0x00000000c6bc4af0}> (0x00000000c6bc4af0) 
thrown [s\src\hotspot\share\prims\jni.cpp, line 535]
Event: 68.305 Thread 0x000001db533d0e50 Exception <a 'sun/nio/fs/WindowsException'{0x00000000c6be6a80}> (0x00000000c6be6a80) 
thrown [s\src\hotspot\share\prims\jni.cpp, line 535]
Event: 68.308 Thread 0x000001db533d0e50 Exception <a 'sun/nio/fs/WindowsException'{0x00000000c6bf8210}> (0x00000000c6bf8210) 
thrown [s\src\hotspot\share\prims\jni.cpp, line 535]
Event: 68.311 Thread 0x000001db533d0e50 Exception <a 'sun/nio/fs/WindowsException'{0x00000000c6a0d028}> (0x00000000c6a0d028) 
thrown [s\src\hotspot\share\prims\jni.cpp, line 535]
Event: 68.314 Thread 0x000001db533d0e50 Exception <a 'sun/nio/fs/WindowsException'{0x00000000c6a1be90}> (0x00000000c6a1be90) 
thrown [s\src\hotspot\share\prims\jni.cpp, line 535]
Event: 68.318 Thread 0x000001db533d0e50 Exception <a 'sun/nio/fs/WindowsException'{0x00000000c6a395f8}> (0x00000000c6a395f8) 
thrown [s\src\hotspot\share\prims\jni.cpp, line 535]
Event: 68.321 Thread 0x000001db533d0e50 Exception <a 'sun/nio/fs/WindowsException'{0x00000000c6a478a8}> (0x00000000c6a478a8) 
thrown [s\src\hotspot\share\prims\jni.cpp, line 535]
Event: 68.323 Thread 0x000001db533d0e50 Exception <a 'sun/nio/fs/WindowsException'{0x00000000c6a54f18}> (0x00000000c6a54f18) 
thrown [s\src\hotspot\share\prims\jni.cpp, line 535]
Event: 68.326 Thread 0x000001db533d0e50 Exception <a 'sun/nio/fs/WindowsException'{0x00000000c6a6c070}> (0x00000000c6a6c070) 
thrown [s\src\hotspot\share\prims\jni.cpp, line 535]
Event: 68.330 Thread 0x000001db533d0e50 Exception <a 'sun/nio/fs/WindowsException'{0x00000000c6a9d8b8}> (0x00000000c6a9d8b8) 
thrown [s\src\hotspot\share\prims\jni.cpp, line 535]
Event: 68.332 Thread 0x000001db533d0e50 Exception <a 'sun/nio/fs/WindowsException'{0x00000000c6aab6d8}> (0x00000000c6aab6d8) 
thrown [s\src\hotspot\share\prims\jni.cpp, line 535]

VM Operations (20 events):
Event: 49.973 Executing non-safepoint VM operation: HandshakeAllThreads (Deoptimize)
Event: 49.973 Executing non-safepoint VM operation: HandshakeAllThreads (Deoptimize) done
Event: 50.308 Executing safepoint VM operation: G1CollectForAllocation (G1 Evacuation Pause)
Event: 50.319 Executing safepoint VM operation: G1CollectForAllocation (G1 Evacuation Pause) done
Event: 51.526 Executing safepoint VM operation: G1CollectForAllocation (G1 Evacuation Pause)
Event: 51.540 Executing safepoint VM operation: G1CollectForAllocation (G1 Evacuation Pause) done
Event: 55.130 Executing safepoint VM operation: G1CollectForAllocation (G1 Evacuation Pause)
Event: 55.137 Executing safepoint VM operation: G1CollectForAllocation (G1 Evacuation Pause) done
Event: 55.274 Executing safepoint VM operation: G1PauseRemark
Event: 55.286 Executing safepoint VM operation: G1PauseRemark done
Event: 55.333 Executing safepoint VM operation: G1PauseCleanup
Event: 55.333 Executing safepoint VM operation: G1PauseCleanup done
Event: 60.280 Executing non-safepoint VM operation: HandshakeAllThreads (HandshakeForDeflation)
Event: 60.280 Executing non-safepoint VM operation: HandshakeAllThreads (HandshakeForDeflation) done
Event: 60.280 Executing non-safepoint VM operation: RendezvousGCThreads
Event: 60.280 Executing non-safepoint VM operation: RendezvousGCThreads done
Event: 64.865 Executing safepoint VM operation: G1CollectForAllocation (G1 Evacuation Pause)
Event: 64.874 Executing safepoint VM operation: G1CollectForAllocation (G1 Evacuation Pause) done
Event: 66.809 Executing safepoint VM operation: G1CollectForAllocation (G1 Evacuation Pause)
Event: 66.817 Executing safepoint VM operation: G1CollectForAllocation (G1 Evacuation Pause) done

Memory protections (0 events):
No events

Nmethod flushes (20 events):
Event: 55.284 Thread 0x000001db3d3c7500 flushing  nmethod 0x000001db4102f988
Event: 55.285 Thread 0x000001db3d3c7500 flushing  nmethod 0x000001db4104aa88
Event: 55.285 Thread 0x000001db3d3c7500 flushing  nmethod 0x000001db41063b88
Event: 55.285 Thread 0x000001db3d3c7500 flushing  nmethod 0x000001db410ba788
Event: 55.285 Thread 0x000001db3d3c7500 flushing  nmethod 0x000001db410bc188
Event: 55.285 Thread 0x000001db3d3c7500 flushing  nmethod 0x000001db41134288
Event: 55.285 Thread 0x000001db3d3c7500 flushing  nmethod 0x000001db48476908
Event: 55.285 Thread 0x000001db3d3c7500 flushing  nmethod 0x000001db484a8a08
Event: 55.285 Thread 0x000001db3d3c7500 flushing  nmethod 0x000001db48560888
Event: 55.285 Thread 0x000001db3d3c7500 flushing  nmethod 0x000001db4084f608
Event: 55.285 Thread 0x000001db3d3c7500 flushing  nmethod 0x000001db40875d88
Event: 55.285 Thread 0x000001db3d3c7500 flushing  nmethod 0x000001db408bfd88
Event: 55.285 Thread 0x000001db3d3c7500 flushing  nmethod 0x000001db408c0a08
Event: 55.285 Thread 0x000001db3d3c7500 flushing  nmethod 0x000001db40906708
Event: 55.285 Thread 0x000001db3d3c7500 flushing  nmethod 0x000001db4092a008
Event: 55.285 Thread 0x000001db3d3c7500 flushing  nmethod 0x000001db4093f488
Event: 55.285 Thread 0x000001db3d3c7500 flushing  nmethod 0x000001db40987a88
Event: 55.285 Thread 0x000001db3d3c7500 flushing  nmethod 0x000001db40988188
Event: 55.285 Thread 0x000001db3d3c7500 flushing  nmethod 0x000001db40988a08
Event: 55.285 Thread 0x000001db3d3c7500 flushing  nmethod 0x000001db409a6d88

Events (20 events):
Event: 23.615 Thread 0x000001db58984980 Thread exited: 0x000001db58984980
Event: 24.255 Thread 0x000001db5ab6b5b0 Thread added: 0x000001db5ab6bd80
Event: 25.002 Thread 0x000001db533d0e50 Thread added: 0x000001db5ab6e490
Event: 25.047 Thread 0x000001db533d0e50 Thread added: 0x000001db5ab72310
Event: 25.372 Thread 0x000001db53241550 Thread added: 0x000001db58984980
Event: 25.502 Thread 0x000001db533d0e50 Thread added: 0x000001db5ab71b40
Event: 25.515 Thread 0x000001db533d0e50 Thread added: 0x000001db5ab70ba0
Event: 25.663 Thread 0x000001db58984980 Thread exited: 0x000001db58984980
Event: 25.845 Thread 0x000001db533d0e50 Thread added: 0x000001db5ab703d0
Event: 25.845 Thread 0x000001db533d0e50 Thread added: 0x000001db5ab6ec60
Event: 25.845 Thread 0x000001db533d0e50 Thread added: 0x000001db5aaedf10
Event: 25.845 Thread 0x000001db533d0e50 Thread added: 0x000001db5aaee6e0
Event: 27.300 Thread 0x000001db533d0e50 Thread added: 0x000001db5aaeb030
Event: 27.506 Thread 0x000001db533d0e50 Thread added: 0x000001db5aaeeeb0
Event: 29.106 Thread 0x000001db533d0e50 Thread added: 0x000001db5aaf15c0
Event: 29.418 Thread 0x000001db533d0e50 Thread added: 0x000001db5aaf0df0
Event: 34.193 Thread 0x000001db533d0e50 Thread added: 0x000001db5c85a070
Event: 34.194 Thread 0x000001db533d0e50 Thread added: 0x000001db5c85b7e0
Event: 34.316 Thread 0x000001db533d0e50 Thread added: 0x000001db5c85bfb0
Event: 34.317 Thread 0x000001db533d0e50 Thread added: 0x000001db5c85c780


Dynamic libraries:
0x00007ff7b7d70000 - 0x00007ff7b7d7a000 	C:\Program Files\Android\Android Studio\jbr\bin\java.exe
0x00007ffeeee80000 - 0x00007ffeef0e6000 	C:\WINDOWS\SYSTEM32\ntdll.dll
0x00007ffeedce0000 - 0x00007ffeedda9000 	C:\WINDOWS\System32\KERNEL32.DLL
0x00007ffeec460000 - 0x00007ffeec85f000 	C:\WINDOWS\System32\KERNELBASE.dll
0x00007ffeec870000 - 0x00007ffeec9bc000 	C:\WINDOWS\System32\ucrtbase.dll
0x00007ffee5c00000 - 0x00007ffee5c16000 	C:\Program Files\Android\Android Studio\jbr\bin\jli.dll
0x00007ffeee7e0000 - 0x00007ffeee9a6000 	C:\WINDOWS\System32\USER32.dll
0x00007ffeec430000 - 0x00007ffeec457000 	C:\WINDOWS\System32\win32u.dll
0x00007ffeecee0000 - 0x00007ffeecf0b000 	C:\WINDOWS\System32\GDI32.dll
0x00007ffeeca80000 - 0x00007ffeecba9000 	C:\WINDOWS\System32\gdi32full.dll
0x00007ffeec9d0000 - 0x00007ffeeca73000 	C:\WINDOWS\System32\msvcp_win.dll
0x00007ffee55a0000 - 0x00007ffee55bb000 	C:\Program Files\Android\Android Studio\jbr\bin\VCRUNTIME140.dll
0x00007ffecfb00000 - 0x00007ffecfd91000 	C:\WINDOWS\WinSxS\amd64_microsoft.windows.common-controls_6595b64144ccf1df_6.0.26100.8972_none_3e0da176e32f9d4b\COMCTL32.dll
0x00007ffeed8b0000 - 0x00007ffeed959000 	C:\WINDOWS\System32\msvcrt.dll
0x00007ffeed960000 - 0x00007ffeed992000 	C:\WINDOWS\System32\IMM32.DLL
0x00007ffee6ed0000 - 0x00007ffee6edc000 	C:\Program Files\Android\Android Studio\jbr\bin\vcruntime140_1.dll
0x00007ffeb1650000 - 0x00007ffeb16dd000 	C:\Program Files\Android\Android Studio\jbr\bin\msvcp140.dll
0x00007ffe77470000 - 0x00007ffe7834d000 	C:\Program Files\Android\Android Studio\jbr\bin\server\jvm.dll
0x00007ffeee5a0000 - 0x00007ffeee65c000 	C:\WINDOWS\System32\ADVAPI32.dll
0x00007ffeed190000 - 0x00007ffeed23a000 	C:\WINDOWS\System32\sechost.dll
0x00007ffeed070000 - 0x00007ffeed188000 	C:\WINDOWS\System32\RPCRT4.dll
0x00007ffeed9a0000 - 0x00007ffeeda22000 	C:\WINDOWS\System32\WS2_32.dll
0x00007ffeebef0000 - 0x00007ffeebf4e000 	C:\WINDOWS\SYSTEM32\POWRPROF.dll
0x00007ffee51b0000 - 0x00007ffee51e6000 	C:\WINDOWS\SYSTEM32\WINMM.dll
0x00007ffee51f0000 - 0x00007ffee51fb000 	C:\WINDOWS\SYSTEM32\VERSION.dll
0x00007ffeebed0000 - 0x00007ffeebee5000 	C:\WINDOWS\SYSTEM32\UMPDC.dll
0x00007ffeead80000 - 0x00007ffeead9b000 	C:\WINDOWS\SYSTEM32\kernel.appcore.dll
0x00007ffee59b0000 - 0x00007ffee59ba000 	C:\Program Files\Android\Android Studio\jbr\bin\jimage.dll
0x00007ffedf4f0000 - 0x00007ffedf732000 	C:\WINDOWS\SYSTEM32\DBGHELP.DLL
0x00007ffeee9b0000 - 0x00007ffeeed35000 	C:\WINDOWS\System32\combase.dll
0x00007ffeecbb0000 - 0x00007ffeecc89000 	C:\WINDOWS\System32\OLEAUT32.dll
0x00007ffecf260000 - 0x00007ffecf29b000 	C:\WINDOWS\SYSTEM32\dbgcore.DLL
0x00007ffeec090000 - 0x00007ffeec13c000 	C:\WINDOWS\System32\bcryptPrimitives.dll
0x00007ffee5bd0000 - 0x00007ffee5bde000 	C:\Program Files\Android\Android Studio\jbr\bin\instrument.dll
0x00007ffee1f20000 - 0x00007ffee1f3e000 	C:\Program Files\Android\Android Studio\jbr\bin\java.dll
0x00007ffeeccf0000 - 0x00007ffeece89000 	C:\WINDOWS\System32\ole32.dll
0x00007ffeedde0000 - 0x00007ffeee568000 	C:\WINDOWS\System32\SHELL32.dll
0x00007ffee1a10000 - 0x00007ffee1a26000 	C:\Program Files\Android\Android Studio\jbr\bin\zip.dll
0x00007ffee9b80000 - 0x00007ffeea41b000 	C:\WINDOWS\SYSTEM32\windows.storage.dll
0x00007ffeeed40000 - 0x00007ffeeee39000 	C:\WINDOWS\System32\SHCORE.dll
0x00007ffeedbc0000 - 0x00007ffeedc26000 	C:\WINDOWS\System32\shlwapi.dll
0x00007ffeebfb0000 - 0x00007ffeebfd9000 	C:\WINDOWS\SYSTEM32\profapi.dll
0x00007ffee1f70000 - 0x00007ffee1f80000 	C:\Program Files\Android\Android Studio\jbr\bin\net.dll
0x00007ffeeb330000 - 0x00007ffeeb39c000 	C:\WINDOWS\system32\mswsock.dll
0x00007ffee19f0000 - 0x00007ffee1a06000 	C:\Program Files\Android\Android Studio\jbr\bin\nio.dll
0x00007ffee8f00000 - 0x00007ffee8f10000 	C:\Program Files\Android\Android Studio\jbr\bin\verify.dll
0x00007ffed1990000 - 0x00007ffed19b7000 	C:\Users\oreag\.gradle\native\660c5614fbf4a5f2a75b1949f50a0caf5cd603558e7d8a26e50b933a0cfb79d1\windows-amd64\native-platform.dll
0x00007ffeca8c0000 - 0x00007ffeca937000 	C:\Users\oreag\.gradle\native\0.2.8\x86_64-windows-gnu\gradle-fileevents.dll
0x00007ffee1ef0000 - 0x00007ffee1ef9000 	C:\Program Files\Android\Android Studio\jbr\bin\management.dll
0x00007ffee1ee0000 - 0x00007ffee1eeb000 	C:\Program Files\Android\Android Studio\jbr\bin\management_ext.dll
0x00007ffeeddc0000 - 0x00007ffeeddc8000 	C:\WINDOWS\System32\PSAPI.DLL
0x00007ffeea750000 - 0x00007ffeea783000 	C:\WINDOWS\SYSTEM32\IPHLPAPI.DLL
0x00007ffeeddd0000 - 0x00007ffeeddda000 	C:\WINDOWS\System32\NSI.dll
0x00007ffee1f00000 - 0x00007ffee1f09000 	C:\Program Files\Android\Android Studio\jbr\bin\extnet.dll
0x00007ffeeb640000 - 0x00007ffeeb65b000 	C:\WINDOWS\SYSTEM32\CRYPTSP.dll
0x00007ffeeace0000 - 0x00007ffeead19000 	C:\WINDOWS\system32\rsaenh.dll
0x00007ffeeb3e0000 - 0x00007ffeeb412000 	C:\WINDOWS\SYSTEM32\USERENV.dll
0x00007ffeebf80000 - 0x00007ffeebfaa000 	C:\WINDOWS\SYSTEM32\bcrypt.dll
0x00007ffeeb620000 - 0x00007ffeeb62c000 	C:\WINDOWS\SYSTEM32\CRYPTBASE.dll
0x00007ffedc870000 - 0x00007ffedc878000 	C:\WINDOWS\system32\wshunix.dll

JVMTI agents:
C:\Users\oreag\.gradle\wrapper\dists\gradle-9.6.0-bin\42k10rwplmzkhuboz9kdazi7s\gradle-9.6.0\lib\agents\gradle-instrumentation-agent-9.6.0.jar path:C:\Program Files\Android\Android Studio\jbr\bin\instrument.dll, loaded, initialized, instrumentlib options:none

dbghelp: loaded successfully - version: 4.0.5 - missing functions: none
symbol engine: initialized successfully - sym options: 0x614 - pdb path: .;C:\Program Files\Android\Android Studio\jbr\bin;C:\WINDOWS\SYSTEM32;C:\WINDOWS\WinSxS\amd64_microsoft.windows.common-controls_6595b64144ccf1df_6.0.26100.8972_none_3e0da176e32f9d4b;C:\Program Files\Android\Android Studio\jbr\bin\server;C:\Users\oreag\.gradle\native\660c5614fbf4a5f2a75b1949f50a0caf5cd603558e7d8a26e50b933a0cfb79d1\windows-amd64;C:\Users\oreag\.gradle\native\0.2.8\x86_64-windows-gnu

VM Arguments:
jvm_args: --add-opens=java.base/java.lang=ALL-UNNAMED --add-opens=java.base/java.lang.invoke=ALL-UNNAMED --add-opens=java.base/java.util=ALL-UNNAMED --add-opens=java.prefs/java.util.prefs=ALL-UNNAMED --add-exports=jdk.compiler/com.sun.tools.javac.api=ALL-UNNAMED --add-exports=jdk.compiler/com.sun.tools.javac.util=ALL-UNNAMED --add-opens=java.base/java.nio.charset=ALL-UNNAMED --add-opens=java.base/java.net=ALL-UNNAMED --add-opens=java.base/java.util.concurrent=ALL-UNNAMED --add-opens=java.base/java.util.concurrent.atomic=ALL-UNNAMED --add-opens=java.xml/javax.xml.namespace=ALL-UNNAMED --add-opens=java.base/java.time=ALL-UNNAMED --enable-native-access=ALL-UNNAMED -XX:MaxMetaspaceSize=384m -Xmx1024m -Dfile.encoding=UTF-8 -Duser.country=ZA -Duser.language=en -Duser.variant -javaagent:C:\Users\oreag\.gradle\wrapper\dists\gradle-9.6.0-bin\42k10rwplmzkhuboz9kdazi7s\gradle-9.6.0\lib\agents\gradle-instrumentation-agent-9.6.0.jar 
java_command: org.gradle.launcher.daemon.bootstrap.GradleDaemon 9.6.0
java_class_path (initial): C:\Users\oreag\.gradle\wrapper\dists\gradle-9.6.0-bin\42k10rwplmzkhuboz9kdazi7s\gradle-9.6.0\lib\gradle-daemon-main-9.6.0.jar
Launcher Type: SUN_STANDARD

[Global flags]
     intx CICompilerCount                          = 3                                         {product} {ergonomic}
   size_t CompressedClassSpaceSize                 = 335544320                                 {product} {ergonomic}
     uint ConcGCThreads                            = 1                                         {product} {ergonomic}
     uint G1ConcRefinementThreads                  = 4                                         {product} {ergonomic}
   size_t G1HeapRegionSize                         = 1048576                                   {product} {ergonomic}
   size_t InitialHeapSize                          = 58720256                                  {product} {ergonomic}
   size_t MarkStackSize                            = 4194304                                   {product} {ergonomic}
   size_t MarkStackSizeMax                         = 536870912                                 {product} {ergonomic}
   size_t MaxHeapSize                              = 1073741824                                {product} {command line}
   size_t MaxMetaspaceSize                         = 402653184                                 {product} {command line}
   size_t MaxNewSize                               = 643825664                                 {product} {ergonomic}
   size_t MinHeapDeltaBytes                        = 1048576                                   {product} {ergonomic}
   size_t MinHeapSize                              = 8388608                                   {product} {ergonomic}
    uintx NonNMethodCodeHeapSize                   = 5898240                                {pd product} {ergonomic}
    uintx NonProfiledCodeHeapSize                  = 122945536                              {pd product} {ergonomic}
    uintx ProfiledCodeHeapSize                     = 122945536                              {pd product} {ergonomic}
    uintx ReservedCodeCacheSize                    = 251789312                              {pd product} {ergonomic}
     bool SegmentedCodeCache                       = true                                      {product} {ergonomic}
   size_t SoftMaxHeapSize                          = 1073741824                             {manageable} {ergonomic}
     bool UseCompressedOops                        = true                           {product lp64_product} {ergonomic}
     bool UseG1GC                                  = true                                      {product} {ergonomic}
     bool UseLargePagesIndividualAllocation        = false                                  {pd product} {ergonomic}

Logging:
Log output configuration:
 #0: stdout all=warning uptime,level,tags foldmultilines=false
 #1: stderr all=off uptime,level,tags foldmultilines=false

Release file:
JAVA_VERSION="25.0.3" 
MODULES="java.base java.compiler java.datatransfer java.xml java.prefs java.desktop java.instrument java.logging java.management java.security.sasl java.naming java.rmi java.management.rmi java.net.http java.scripting java.security.jgss java.transaction.xa java.sql java.sql.rowset java.xml.crypto java.se java.smartcardio jdk.accessibility jdk.internal.jvmstat jdk.attach jdk.charsets jdk.internal.opt jdk.zipfs jdk.compiler jdk.crypto.cryptoki jdk.crypto.ec jdk.dynalink jdk.hotspot.agent jdk.httpserver jdk.internal.ed jdk.internal.le jdk.internal.md jdk.internal.vm.ci jdk.jartool jdk.javadoc jdk.jcmd jdk.jdeps jdk.jdwp.agent jdk.jdi jdk.jfr jdk.jlink jdk.localedata jdk.management jdk.management.agent jdk.management.jfr jdk.naming.dns jdk.naming.rmi jdk.net jdk.sctp jdk.security.auth jdk.security.jgss jdk.unsupported jdk.unsupported.desktop jdk.xml.dom" 
IMPLEMENTOR="JetBrains s.r.o." 
JAVA_RUNTIME_VERSION="25.0.3+-15898627-b508.16" 
LIBC="default" 
OS_ARCH="x86_64" 
OS_NAME="Windows" 
SOURCE=".:git:a8b1dba3234f" 

Environment Variables:
PATH=C:\windows\system32;C:\windows;C:\windows\System32\Wbem;C:\windows\System32\WindowsPowerShell\v1.0\;C:\windows\System32\OpenSSH\;C:\WINDOWS\system32;C:\WINDOWS;C:\WINDOWS\System32\Wbem;C:\WINDOWS\System32\WindowsPowerShell\v1.0\;C:\WINDOWS\System32\OpenSSH\;C:\Program Files (x86)\Microsoft SQL Server\160\Tools\Binn\;C:\Program Files\Microsoft SQL Server\160\Tools\Binn\;C:\Program Files\Microsoft SQL Server\Client SDK\ODBC\170\Tools\Binn\;C:\Program Files\Microsoft SQL Server\160\DTS\Binn\;C:\Program Files (x86)\Microsoft SQL Server\160\DTS\Binn\;C:\Program Files (x86)\Windows Kits\10\Windows Performance Toolkit\;C:\Program Files\Git\cmd;C:\Users\oreag\AppData\Local\Microsoft\WindowsApps;
USERNAME=oreag
OS=Windows_NT
PROCESSOR_IDENTIFIER=AMD64 Family 23 Model 24 Stepping 1, AuthenticAMD
TMP=C:\Users\oreag\AppData\Local\Temp
TEMP=C:\Users\oreag\AppData\Local\Temp




Compilation memory statistics disabled.

Periodic native trim disabled

JNI global refs:
JNI global refs: 21, weak refs: 0

JNI global refs memory usage: 835, weak refs: 201

Process memory usage:
Resident Set Size: 239044K (6% of 3587844K total physical memory with 396128K free physical memory)

OOME stack traces (most recent first):
Classloader memory used:
Loader org.gradle.internal.classloader.VisitableURLClassLoader                         : 37774 K
Loader bootstrap                                                                       : 23115 K
Loader org.gradle.initialization.MixInLegacyTypesClassLoader                           : 10829 K
Loader org.gradle.internal.classloader.VisitableURLClassLoader$InstrumentingVisitableURLClassLoader: 5173 K
Loader org.gradle.internal.classloader.VisitableURLClassLoader                         : 1052 K
Loader jdk.internal.loader.ClassLoaders$AppClassLoader                                 : 186 K
Loader jdk.internal.loader.ClassLoaders$PlatformClassLoader                            : 136 K
Loader org.gradle.groovy.scripts.internal.DefaultScriptCompilationHandler$ScriptClassLoader: 89736 B

Classes loaded by more than one classloader:
Class Program                                                                         : loaded 4 times (x 76B)
Class org.gradle.api.GradleException                                                  : loaded 3 times (x 84B)
Class org.gradle.api.Action                                                           : loaded 3 times (x 72B)
Class org.gradle.internal.Cast                                                        : loaded 3 times (x 73B)
Class com.google.common.base.Preconditions                                            : loaded 3 times (x 73B)
Class com.google.common.collect.ImmutableCollection                                   : loaded 3 times (x 127B)
Class org.gradle.internal.IoActions                                                   : loaded 3 times (x 73B)
Class com.google.common.collect.ImmutableList                                         : loaded 3 times (x 208B)
Class com.google.common.collect.UnmodifiableIterator                                  : loaded 3 times (x 82B)
Class com.google.common.collect.UnmodifiableListIterator                              : loaded 2 times (x 97B)
Class org.gradle.internal.operations.MultipleBuildOperationFailures                   : loaded 2 times (x 97B)
Class [Lcom.google.common.cache.CacheBuilder$OneWeigher;                              : loaded 2 times (x 71B)
Class com.google.common.base.Suppliers                                                : loaded 2 times (x 73B)
Class org.gradle.internal.classloader.DefaultClassLoaderFactory                       : loaded 2 times (x 84B)
Class kotlin.collections.AbstractList$Companion                                       : loaded 2 times (x 73B)
Class [Lcom.google.common.collect.ImmutableMapEntry;                                  : loaded 2 times (x 71B)
Class com.google.common.collect.ImmutableEnumMap                                      : loaded 2 times (x 128B)
Class org.gradle.tooling.internal.gradle.DefaultProjectIdentifier                     : loaded 2 times (x 88B)
Class org.gradle.api.internal.DefaultClassPathProvider                                : loaded 2 times (x 78B)
Class [Lorg.gradle.api.internal.ClassPathProvider;                                    : loaded 2 times (x 71B)
Class org.gradle.api.internal.ClassPathProvider                                       : loaded 2 times (x 72B)
Class com.google.common.cache.LocalCache$LocalLoadingCache                            : loaded 2 times (x 136B)
Class org.gradle.internal.service.UnknownServiceException                             : loaded 2 times (x 85B)
Class com.google.common.cache.LocalCache$Strength$1                                   : loaded 2 times (x 83B)
Class com.google.common.cache.LocalCache$Strength$2                                   : loaded 2 times (x 83B)
Class com.google.common.cache.LocalCache$Strength$3                                   : loaded 2 times (x 83B)
Class com.google.common.collect.MapDifference                                         : loaded 2 times (x 72B)
Class com.google.common.cache.CacheBuilder$NullListener                               : loaded 2 times (x 84B)
Class org.gradle.internal.classpath.TransformedClassPath                              : loaded 2 times (x 98B)
Class org.gradle.internal.classloader.InstrumentingClassLoader                        : loaded 2 times (x 72B)
Class com.google.common.cache.CacheLoader$FunctionToCacheLoader                       : loaded 2 times (x 77B)
Class com.google.common.collect.ImmutableCollection$Builder                           : loaded 2 times (x 78B)
Class com.google.common.collect.Iterators$ArrayItr                                    : loaded 2 times (x 99B)
Class kotlin.enums.EnumEntriesList                                                    : loaded 2 times (x 225B)
Class com.google.common.base.MoreObjects                                              : loaded 2 times (x 73B)
Class com.google.common.collect.ImmutableMap$MapViewOfValuesAsSingletonSets           : loaded 2 times (x 128B)
Class org.gradle.internal.service.ServiceLocator                                      : loaded 2 times (x 72B)
Class com.google.common.cache.LocalCache$1                                            : loaded 2 times (x 91B)
Class com.google.common.collect.AbstractMapEntry                                      : loaded 2 times (x 83B)
Class com.intellij.gradle.toolingExtension.util.GradleVersionUtil                     : loaded 2 times (x 73B)
Class com.google.common.collect.Iterators$SingletonIterator                           : loaded 2 times (x 83B)
Class org.gradle.tooling.model.UnsupportedMethodException                             : loaded 2 times (x 84B)
Class com.google.common.cache.LocalCache$2                                            : loaded 2 times (x 144B)
Class com.google.common.collect.Iterators                                             : loaded 2 times (x 73B)
Class com.google.common.util.concurrent.UncheckedExecutionException                   : loaded 2 times (x 84B)
Class org.gradle.kotlin.dsl.VersionCatalogAccessorsKt                                 : loaded 2 times (x 73B)
Class com.google.common.collect.Lists$StringAsImmutableList                           : loaded 2 times (x 209B)
Class com.google.common.cache.CacheLoader$UnsupportedLoadingOperationException        : loaded 2 times (x 84B)
Class org.gradle.internal.time.DefaultTimer                                           : loaded 2 times (x 82B)
Class com.google.common.collect.IndexedImmutableSet                                   : loaded 2 times (x 154B)
Class com.google.common.collect.ImmutableMap$1                                        : loaded 2 times (x 83B)
Class com.google.common.collect.BiMap                                                 : loaded 2 times (x 72B)
Class org.gradle.api.internal.classpath.DefaultModuleRegistry$DefaultModule           : loaded 2 times (x 84B)
Class com.google.common.collect.AbstractIterator                                      : loaded 2 times (x 84B)
Class sync_studio_tooling7_4frtrzs1odwgx5kb5xgyk42lb$_run_closure1                    : loaded 2 times (x 140B)
Class com.google.common.collect.AbstractIndexedListIterator                           : loaded 2 times (x 98B)
Class org.gradle.internal.time.DefaultCountdownTimer                                  : loaded 2 times (x 90B)
Class com.google.common.collect.ImmutableMapEntrySet                                  : loaded 2 times (x 154B)
Class org.gradle.tooling.internal.gradle.DefaultBuildIdentifier                       : loaded 2 times (x 81B)
Class org.gradle.api.internal.classpath.Module                                        : loaded 2 times (x 72B)
Class com.google.common.cache.Weigher                                                 : loaded 2 times (x 72B)
Class org.gradle.api.internal.classpath.UnknownModuleException                        : loaded 2 times (x 84B)
Class com.google.common.cache.LocalCache$Strength                                     : loaded 2 times (x 83B)
Class com.google.common.cache.Cache                                                   : loaded 2 times (x 72B)
Class com.google.common.collect.ImmutableMap$Builder                                  : loaded 2 times (x 84B)
Class com.google.common.cache.RemovalListener                                         : loaded 2 times (x 72B)
Class org.gradle.tooling.internal.gradle.GradleProjectIdentity                        : loaded 2 times (x 72B)
Class org.gradle.api.internal.DefaultClassPathRegistry                                : loaded 2 times (x 78B)
Class org.gradle.internal.classpath.DefaultClassPath$ImmutableUniqueList              : loaded 2 times (x 201B)
Class org.gradle.api.internal.ClassPathRegistry                                       : loaded 2 times (x 72B)
Class com.google.common.cache.CacheBuilder                                            : loaded 2 times (x 74B)
Class com.google.common.collect.RegularImmutableMap                                   : loaded 2 times (x 122B)
Class Settings_gradle$1                                                               : loaded 2 times (x 76B)
Class org.gradle.internal.classpath.ClassPath                                         : loaded 2 times (x 72B)
Class org.gradle.api.internal.classpath.DefaultModuleRegistry$DefaultModuleAlias      : loaded 2 times (x 82B)
Class com.google.common.base.Suppliers$SupplierOfInstance                             : loaded 2 times (x 81B)
Class com.google.common.collect.Iterators$1                                           : loaded 2 times (x 83B)
Class org.gradle.tooling.model.Model                                                  : loaded 2 times (x 72B)
Class com.google.common.cache.LocalCache$ComputingValueReference                      : loaded 2 times (x 98B)
Class com.google.common.collect.ImmutableMap$IteratorBasedImmutableMap                : loaded 2 times (x 128B)
Class kotlin.UninitializedPropertyAccessException                                     : loaded 2 times (x 84B)
Class com.google.common.cache.LocalCache$Segment                                      : loaded 2 times (x 155B)
Class com.google.common.cache.CacheLoader                                             : loaded 2 times (x 76B)
Class com.google.common.collect.ImmutableBiMap                                        : loaded 2 times (x 145B)
Class com.google.common.collect.Iterators$4                                           : loaded 2 times (x 84B)
Class org.gradle.api.internal.classpath.ModuleRegistry                                : loaded 2 times (x 72B)
Class org.gradle.internal.installation.GradleInstallation$1                           : loaded 2 times (x 77B)
Class com.google.common.collect.Iterators$5                                           : loaded 2 times (x 84B)
Class com.google.common.cache.LocalCache$LocalManualCache$1                           : loaded 2 times (x 77B)
Class ijInit1_cic62ntwne8guj8evp317izki$_run_closure1                                 : loaded 2 times (x 141B)
Class com.google.common.util.concurrent.ExecutionError                                : loaded 2 times (x 84B)
Class org.gradle.tooling.model.idea.BasicIdeaProject                                  : loaded 2 times (x 72B)
Class org.gradle.internal.classloader.ClassLoaderHierarchy                            : loaded 2 times (x 72B)
Class com.google.common.cache.ReferenceEntry                                          : loaded 2 times (x 72B)
Class com.google.common.base.Converter                                                : loaded 2 times (x 92B)
Class com.google.common.collect.ImmutableSet$CachingAsList                            : loaded 2 times (x 150B)
Class com.google.common.collect.Lists                                                 : loaded 2 times (x 73B)
Class com.google.common.base.FunctionalEquivalence                                    : loaded 2 times (x 85B)
Class com.google.common.collect.Iterators$9                                           : loaded 2 times (x 83B)
Class com.google.common.cache.CacheLoader$SupplierToCacheLoader                       : loaded 2 times (x 77B)
Class org.gradle.tooling.model.GradleProject                                          : loaded 2 times (x 72B)
Class org.gradle.internal.time.MonotonicClock                                         : loaded 2 times (x 79B)
Class org.gradle.internal.service.ServiceLookupException                              : loaded 2 times (x 84B)
Class [Lcom.google.common.cache.LocalCache$EntryFactory;                              : loaded 2 times (x 71B)
Class org.gradle.internal.classloader.ClassLoaderFactory                              : loaded 2 times (x 72B)
Class com.google.common.cache.LocalCache$LocalManualCache                             : loaded 2 times (x 101B)
Class org.gradle.internal.service.CachingServiceLocator                               : loaded 2 times (x 84B)
Class com.google.common.collect.ImmutableMapEntry                                     : loaded 2 times (x 87B)
Class org.gradle.internal.time.TimeSource                                             : loaded 2 times (x 72B)
Class com.google.common.base.Equivalence                                              : loaded 2 times (x 84B)
Class com.google.common.base.Function                                                 : loaded 2 times (x 72B)
Class com.google.common.collect.ImmutableMapEntry$NonTerminalImmutableMapEntry        : loaded 2 times (x 87B)
Class org.gradle.tooling.internal.gradle.GradleBuildIdentity                          : loaded 2 times (x 72B)
Class kotlin.enums.EnumEntries                                                        : loaded 2 times (x 72B)
Class com.google.common.cache.CacheBuilder$OneWeigher                                 : loaded 2 times (x 84B)
Class org.gradle.internal.exceptions.ResolutionProvider                               : loaded 2 times (x 72B)
Class org.gradle.tooling.model.ProjectIdentifier                                      : loaded 2 times (x 72B)
Class org.gradle.internal.classloader.ClasspathUtil                                   : loaded 2 times (x 73B)
Class com.google.common.collect.Maps                                                  : loaded 2 times (x 73B)
Class org.gradle.internal.time.TimeSource$1                                           : loaded 2 times (x 79B)
Class kotlin.jvm.internal.DefaultConstructorMarker                                    : loaded 2 times (x 73B)
Class org.gradle.api.specs.Spec                                                       : loaded 2 times (x 72B)
Class [Lcom.google.common.collect.ImmutableEntry;                                     : loaded 2 times (x 71B)
Class com.google.common.cache.LocalCache$LoadingValueReference                        : loaded 2 times (x 98B)
Class com.intellij.gradle.toolingExtension.impl.model.utilDummyModel.DummyModel       : loaded 2 times (x 72B)
Class org.gradle.internal.time.Clock                                                  : loaded 2 times (x 72B)
Class org.gradle.tooling.model.BuildModel                                             : loaded 2 times (x 72B)
Class com.google.common.collect.Maps$8                                                : loaded 2 times (x 84B)
Class sync_studio_tooling7_4frtrzs1odwgx5kb5xgyk42lb                                  : loaded 2 times (x 173B)
Class org.gradle.tooling.model.Element                                                : loaded 2 times (x 72B)
Class kotlin.collections.AbstractList                                                 : loaded 2 times (x 199B)
Class kotlin.collections.AbstractCollection                                           : loaded 2 times (x 119B)
Class org.gradle.internal.classloader.VisitableURLClassLoader$InstrumentingVisitableURLClassLoader: loaded 2 times (x 124B)
Class [Lcom.google.common.cache.CacheBuilder$NullListener;                            : loaded 2 times (x 71B)
Class org.gradle.internal.classloader.VisitableURLClassLoader$Spec                    : loaded 2 times (x 76B)
Class org.gradle.internal.classpath.DefaultClassPath                                  : loaded 2 times (x 92B)
Class org.gradle.util.internal.DefaultGradleVersion                                   : loaded 2 times (x 84B)
Class com.google.common.collect.RegularImmutableMap$Values                            : loaded 2 times (x 209B)
Class com.google.common.collect.ImmutableSet                                          : loaded 2 times (x 147B)
Class org.gradle.internal.classloader.ClassLoaderSpec                                 : loaded 2 times (x 73B)
Class com.google.common.cache.CacheStats                                              : loaded 2 times (x 73B)
Class Settings_gradle$1$1                                                             : loaded 2 times (x 76B)
Class org.gradle.api.internal.classpath.Module$ModuleAlias                            : loaded 2 times (x 72B)
Class com.google.common.base.Supplier                                                 : loaded 2 times (x 72B)
Class org.gradle.internal.classloader.VisitableURLClassLoader                         : loaded 2 times (x 118B)
Class Settings_gradle                                                                 : loaded 2 times (x 126B)
Class org.gradle.internal.classloader.FilteringClassLoader                            : loaded 2 times (x 106B)
Class kotlin.NotImplementedError                                                      : loaded 2 times (x 84B)
Class org.gradle.tooling.model.eclipse.EclipseProject                                 : loaded 2 times (x 72B)
Class com.google.common.base.Ticker                                                   : loaded 2 times (x 74B)
Class [Lcom.google.common.cache.LocalCache$Segment;                                   : loaded 2 times (x 71B)
Class com.google.common.base.Predicate                                                : loaded 2 times (x 72B)
Class [Lcom.google.common.cache.LocalCache$Strength;                                  : loaded 2 times (x 71B)
Class com.google.common.cache.CacheBuilder$1                                          : loaded 2 times (x 87B)
Class com.google.common.collect.ImmutableMap                                          : loaded 2 times (x 122B)
Class org.gradle.internal.classpath.DefaultClassPath$ImmutableUniqueList$Builder      : loaded 2 times (x 77B)
Class com.google.common.cache.LocalCache                                              : loaded 2 times (x 188B)
Class com.google.common.cache.CacheBuilder$2                                          : loaded 2 times (x 81B)
Class com.google.common.cache.CacheBuilder$3                                          : loaded 2 times (x 74B)
Class [Lcom.google.common.collect.AbstractMapEntry;                                   : loaded 2 times (x 71B)
Class com.google.common.collect.ImmutableEntry                                        : loaded 2 times (x 84B)
Class com.google.common.collect.RegularImmutableMap$KeySet                            : loaded 2 times (x 154B)
Class org.gradle.internal.exceptions.NonGradleCauseExceptionsHolder                   : loaded 2 times (x 72B)
Class com.google.common.collect.CollectPreconditions                                  : loaded 2 times (x 73B)
Class org.gradle.tooling.model.eclipse.HierarchicalEclipseProject                     : loaded 2 times (x 72B)
Class com.google.common.collect.SortedMapDifference                                   : loaded 2 times (x 72B)
Class com.google.common.cache.LocalCache$EntryFactory                                 : loaded 2 times (x 85B)
Class com.google.common.base.Equivalence$Identity                                     : loaded 2 times (x 84B)
Class kotlin.enums.EnumEntriesKt                                                      : loaded 2 times (x 73B)
Class com.google.common.cache.CacheLoader$InvalidCacheLoadException                   : loaded 2 times (x 84B)
Class com.google.common.cache.LoadingCache                                            : loaded 2 times (x 72B)
Class org.gradle.internal.exceptions.MultiCauseException                              : loaded 2 times (x 72B)
Class org.gradle.internal.time.CountdownTimer                                         : loaded 2 times (x 72B)
Class kotlin.jvm.internal.Intrinsics                                                  : loaded 2 times (x 73B)
Class [Lcom.google.common.cache.Weigher;                                              : loaded 2 times (x 71B)
Class com.google.common.collect.RegularImmutableMap$BucketOverflowException           : loaded 2 times (x 84B)
Class org.gradle.tooling.model.ProjectModel                                           : loaded 2 times (x 72B)
Class org.gradle.tooling.model.gradle.GradleBuild                                     : loaded 2 times (x 72B)
Class kotlin.KotlinNullPointerException                                               : loaded 2 times (x 84B)
Class com.google.common.cache.LocalCache$ValueReference                               : loaded 2 times (x 72B)
Class org.gradle.internal.exceptions.DefaultMultiCauseException                       : loaded 2 times (x 97B)
Class com.google.common.base.Equivalence$Equals                                       : loaded 2 times (x 84B)
Class com.google.common.collect.Hashing                                               : loaded 2 times (x 73B)
Class org.gradle.api.internal.classpath.DefaultModuleRegistry                         : loaded 2 times (x 86B)
Class org.gradle.tooling.model.HierarchicalElement                                    : loaded 2 times (x 72B)
Class com.google.common.collect.PeekingIterator                                       : loaded 2 times (x 72B)
Class org.gradle.internal.time.Time                                                   : loaded 2 times (x 73B)
Class com.google.common.cache.LocalCache$EntryFactory$1                               : loaded 2 times (x 85B)
Class [Lcom.google.common.cache.RemovalListener;                                      : loaded 2 times (x 71B)
Class com.google.common.cache.LocalCache$EntryFactory$2                               : loaded 2 times (x 85B)
Class com.google.common.cache.LocalCache$EntryFactory$3                               : loaded 2 times (x 85B)
Class com.google.common.base.Ticker$1                                                 : loaded 2 times (x 74B)
Class com.google.common.collect.Maps$BiMapConverter                                   : loaded 2 times (x 92B)
Class com.google.common.collect.ImmutableMapEntrySet$RegularEntrySet                  : loaded 2 times (x 154B)
Class org.gradle.tooling.model.BuildIdentifier                                        : loaded 2 times (x 72B)
Class kotlin.NoWhenBranchMatchedException                                             : loaded 2 times (x 84B)
Class com.google.common.cache.LocalCache$EntryFactory$4                               : loaded 2 times (x 85B)
Class org.gradle.tooling.model.BuildableElement                                       : loaded 2 times (x 72B)
Class org.gradle.tooling.model.HasGradleProject                                       : loaded 2 times (x 72B)
Class com.google.common.cache.LocalCache$EntryFactory$5                               : loaded 2 times (x 85B)
Class com.google.common.cache.LocalCache$EntryFactory$6                               : loaded 2 times (x 85B)
Class Build_gradle                                                                    : loaded 2 times (x 74B)
Class org.gradle.internal.time.Timer                                                  : loaded 2 times (x 72B)
Class kotlin.jvm.internal.markers.KMappedMarker                                       : loaded 2 times (x 72B)
Class org.gradle.internal.installation.CurrentGradleInstallationLocator               : loaded 2 times (x 73B)
Class com.google.common.cache.LocalCache$EntryFactory$7                               : loaded 2 times (x 85B)
Class com.google.common.base.PairwiseEquivalence                                      : loaded 2 times (x 85B)
Class org.gradle.tooling.model.idea.IdeaProject                                       : loaded 2 times (x 72B)
Class org.gradle.internal.service.DefaultServiceLocator                               : loaded 2 times (x 85B)
Class com.google.common.cache.LocalCache$EntryFactory$8                               : loaded 2 times (x 85B)
Class org.gradle.util.GradleVersion                                                   : loaded 2 times (x 83B)
Class org.gradle.internal.installation.CurrentGradleInstallation                      : loaded 2 times (x 75B)
Class com.google.common.cache.CacheLoader$1                                           : loaded 2 times (x 77B)
Class ijInit1_cic62ntwne8guj8evp317izki                                               : loaded 2 times (x 173B)
Class org.gradle.tooling.model.gradle.ProjectPublications                             : loaded 2 times (x 72B)
Class org.gradle.util.internal.GUtil                                                  : loaded 2 times (x 73B)
Class com.google.common.cache.AbstractCache$StatsCounter                              : loaded 2 times (x 72B)
Class com.google.common.collect.Iterators$MergingIterator                             : loaded 2 times (x 83B)
Class org.gradle.internal.installation.GradleInstallation                             : loaded 2 times (x 77B)

---------------  S Y S T E M  ---------------

OS:
 Windows 11 , 64 bit Build 26100 (10.0.26100.9168)
OS uptime: 1 days 23:55 hours

CPU: total 4 (initial active 4) (4 cores per cpu, 2 threads per core) family 23 model 24 stepping 1 microcode 0x8108109, cx8, cmov, fxsr, ht, mmx, 3dnowpref, sse, sse2, sse3, ssse3, sse4a, sse4.1, sse4.2, popcnt, lzcnt, tsc, tscinvbit, avx, avx2, aes, clmul, bmi1, bmi2, adx, sha, fma, vzeroupper, clflush, clflushopt, rdtscp, f16c
Processor Information for the first 4 processors :
  Max Mhz: 2600, Current Mhz: 2600, Mhz Limit: 2600

Memory: 4k page, system-wide physical 3503M (387M free)
TotalPageFile size 13743M (AvailPageFile size 2M)
current process WorkingSet (physical memory assigned to process): 234M, peak: 238M
current process commit charge ("private bytes"): 353M, peak: 362M

vm_info: OpenJDK 64-Bit Server VM (25.0.3+-15898627-b508.16) for windows-amd64 JRE (25.0.3+-15898627-b508.16), built on 2026-07-20T17:54:23Z with MS VC++ 16.10 / 16.11 (VS2019)

END.
